
===========================================================================
report_checks -unconstrained
===========================================================================
======================= nom_ff_n40C_1v95 Corner ===================================

Startpoint: u_counter (rising edge-triggered flip-flop)
Endpoint: gpio_out[14] (output port)
Path Group: unconstrained
Path Type: max

Fanout         Cap        Slew       Delay        Time   Description
---------------------------------------------------------------------------------------------
                      2.341576    0.000000    0.000000 ^ u_counter/clk (counter_macro)
     1    0.680588    7.818612    5.129647    5.129647 ^ u_counter/count[6] (counter_macro)
                                                         gpio_out[14] (net)
                      8.197814    1.344600    6.474247 ^ gpio_out[14] (out)
                                              6.474247   data arrival time
---------------------------------------------------------------------------------------------
(Path is unconstrained)




===========================================================================
report_checks --slack_max -0.01
============================================================================
======================= nom_ff_n40C_1v95 Corner ===================================

No paths found.


===========================================================================
 report_check_types -max_slew -max_cap -max_fanout -violators
============================================================================
======================= nom_ff_n40C_1v95 Corner ===================================

max slew

Pin                                        Limit        Slew       Slack
------------------------------------------------------------------------
gpio_out[14]                            0.500000    8.197814   -7.697814 (VIOLATED)
gpio_out[12]                            0.500000    7.844156   -7.344156 (VIOLATED)
u_counter/count[6]                      0.500000    7.818612   -7.318612 (VIOLATED)
u_counter/count[4]                      0.500000    7.645055   -7.145054 (VIOLATED)
gpio_out[11]                            0.500000    6.928380   -6.428380 (VIOLATED)
u_counter/count[3]                      0.500000    6.794940   -6.294940 (VIOLATED)
gpio_out[9]                             0.500000    6.450653   -5.950653 (VIOLATED)
u_counter/count[1]                      0.500000    6.377385   -5.877385 (VIOLATED)
gpio_out[13]                            0.500000    6.033992   -5.533992 (VIOLATED)
gpio_out[15]                            0.500000    5.948953   -5.448953 (VIOLATED)
u_counter/count[5]                      0.500000    5.843720   -5.343720 (VIOLATED)
u_counter/count[7]                      0.500000    5.723341   -5.223341 (VIOLATED)
gpio_out[16]                            0.500000    5.298028   -4.798028 (VIOLATED)
u_counter/count[8]                      0.500000    5.113732   -4.613732 (VIOLATED)
gpio_out[10]                            0.500000    5.090948   -4.590948 (VIOLATED)
u_counter/count[2]                      0.500000    5.028203   -4.528203 (VIOLATED)
gpio_out[17]                            0.500000    4.889422   -4.389422 (VIOLATED)
u_counter/count[9]                      0.500000    4.821894   -4.321894 (VIOLATED)
gpio_out[18]                            0.500000    4.375526   -3.875526 (VIOLATED)
u_counter/count[10]                     0.500000    4.316032   -3.816032 (VIOLATED)
gpio_out[8]                             0.500000    4.253063   -3.753063 (VIOLATED)
u_counter/count[0]                      0.500000    4.228392   -3.728392 (VIOLATED)
gpio_out[19]                            0.500000    3.845025   -3.345025 (VIOLATED)
u_counter/count[11]                     0.500000    3.790121   -3.290121 (VIOLATED)
gpio_out[23]                            0.500000    3.700280   -3.200280 (VIOLATED)
u_counter/count[15]                     0.500000    3.647088   -3.147088 (VIOLATED)
gpio_out[20]                            0.500000    3.496021   -2.996021 (VIOLATED)
u_counter/count[12]                     0.500000    3.415019   -2.915019 (VIOLATED)
gpio_out[22]                            0.500000    3.295953   -2.795953 (VIOLATED)
u_counter/count[14]                     0.500000    3.240438   -2.740438 (VIOLATED)
gpio_out[21]                            0.500000    3.182109   -2.682109 (VIOLATED)
u_counter/count[13]                     0.500000    3.116579   -2.616579 (VIOLATED)
gpio_in[17]                             0.500000    3.082838   -2.582838 (VIOLATED)
u_soc/gpio_in[26]                       0.500000    3.082838   -2.582838 (VIOLATED)
gpio_in[14]                             0.500000    3.035744   -2.535744 (VIOLATED)
u_soc/gpio_in[29]                       0.500000    3.035744   -2.535744 (VIOLATED)
mask_rev[9]                             0.500000    2.747306   -2.247306 (VIOLATED)
u_soc/mask_rev[22]                      0.500000    2.747306   -2.247306 (VIOLATED)
mask_rev[10]                            0.500000    2.721404   -2.221404 (VIOLATED)
u_soc/mask_rev[21]                      0.500000    2.721404   -2.221404 (VIOLATED)
gpio_in[9]                              0.500000    2.689924   -2.189924 (VIOLATED)
u_soc/gpio_in[34]                       0.500000    2.689924   -2.189924 (VIOLATED)
mask_rev[5]                             0.500000    2.670331   -2.170331 (VIOLATED)
u_soc/mask_rev[26]                      0.500000    2.670331   -2.170331 (VIOLATED)
gpio_in[18]                             0.500000    2.648653   -2.148653 (VIOLATED)
u_soc/gpio_in[25]                       0.500000    2.648653   -2.148653 (VIOLATED)
mask_rev[0]                             0.500000    2.621096   -2.121096 (VIOLATED)
u_soc/mask_rev[31]                      0.500000    2.621096   -2.121096 (VIOLATED)
mask_rev[20]                            0.500000    2.612628   -2.112628 (VIOLATED)
u_soc/mask_rev[11]                      0.500000    2.612628   -2.112628 (VIOLATED)
gpio_in[7]                              0.500000    2.570829   -2.070829 (VIOLATED)
u_soc/gpio_in[36]                       0.500000    2.570829   -2.070829 (VIOLATED)
gpio_in[20]                             0.500000    2.541326   -2.041326 (VIOLATED)
u_soc/gpio_in[23]                       0.500000    2.541326   -2.041326 (VIOLATED)
gpio_in[6]                              0.500000    2.532757   -2.032757 (VIOLATED)
u_soc/gpio_in[37]                       0.500000    2.532757   -2.032757 (VIOLATED)
mask_rev[15]                            0.500000    2.528073   -2.028073 (VIOLATED)
u_soc/mask_rev[16]                      0.500000    2.528073   -2.028073 (VIOLATED)
gpio_in[21]                             0.500000    2.488147   -1.988147 (VIOLATED)
u_soc/gpio_in[22]                       0.500000    2.488147   -1.988147 (VIOLATED)
gpio_in[5]                              0.500000    2.456015   -1.956015 (VIOLATED)
u_soc/gpio_in[38]                       0.500000    2.456015   -1.956015 (VIOLATED)
gpio_in[12]                             0.500000    2.443950   -1.943950 (VIOLATED)
u_soc/gpio_in[31]                       0.500000    2.443950   -1.943950 (VIOLATED)
gpio_in[13]                             0.500000    2.443777   -1.943777 (VIOLATED)
u_soc/gpio_in[30]                       0.500000    2.443777   -1.943777 (VIOLATED)
mask_rev[17]                            0.500000    2.418182   -1.918182 (VIOLATED)
u_soc/mask_rev[14]                      0.500000    2.418182   -1.918182 (VIOLATED)
mask_rev[3]                             0.500000    2.413663   -1.913663 (VIOLATED)
u_soc/mask_rev[28]                      0.500000    2.413663   -1.913663 (VIOLATED)
gpio_in[11]                             0.500000    2.404531   -1.904531 (VIOLATED)
u_soc/gpio_in[32]                       0.500000    2.404531   -1.904531 (VIOLATED)
mask_rev[7]                             0.500000    2.401637   -1.901637 (VIOLATED)
u_soc/mask_rev[24]                      0.500000    2.401637   -1.901637 (VIOLATED)
gpio_in[16]                             0.500000    2.397903   -1.897903 (VIOLATED)
u_soc/gpio_in[27]                       0.500000    2.397903   -1.897903 (VIOLATED)
gpio_in[19]                             0.500000    2.388479   -1.888479 (VIOLATED)
u_soc/gpio_in[24]                       0.500000    2.388479   -1.888479 (VIOLATED)
mask_rev[13]                            0.500000    2.377581   -1.877581 (VIOLATED)
u_soc/mask_rev[18]                      0.500000    2.377581   -1.877581 (VIOLATED)
gpio_in[4]                              0.500000    2.374786   -1.874786 (VIOLATED)
u_soc/gpio_in[39]                       0.500000    2.374786   -1.874786 (VIOLATED)
gpio_in[15]                             0.500000    2.365579   -1.865579 (VIOLATED)
u_soc/gpio_in[28]                       0.500000    2.365579   -1.865579 (VIOLATED)
mask_rev[11]                            0.500000    2.345035   -1.845035 (VIOLATED)
u_soc/mask_rev[20]                      0.500000    2.345035   -1.845035 (VIOLATED)
u_counter/clk                           0.500000    2.341576   -1.841576 (VIOLATED)
gpio_in[8]                              0.500000    2.263430   -1.763430 (VIOLATED)
u_soc/gpio_in[35]                       0.500000    2.263430   -1.763430 (VIOLATED)
gpio_in[22]                             0.500000    2.193420   -1.693420 (VIOLATED)
u_soc/gpio_in[21]                       0.500000    2.193420   -1.693420 (VIOLATED)
gpio_in[2]                              0.500000    2.175249   -1.675249 (VIOLATED)
u_soc/gpio_in[41]                       0.500000    2.175249   -1.675249 (VIOLATED)
mask_rev[12]                            0.500000    2.163169   -1.663169 (VIOLATED)
u_soc/mask_rev[19]                      0.500000    2.163169   -1.663169 (VIOLATED)
gpio_in[10]                             0.500000    2.136746   -1.636746 (VIOLATED)
u_soc/gpio_in[33]                       0.500000    2.136746   -1.636746 (VIOLATED)
u_counter/resetb                        0.500000    2.119664   -1.619664 (VIOLATED)
mask_rev[25]                            0.500000    2.117398   -1.617397 (VIOLATED)
u_soc/mask_rev[6]                       0.500000    2.117398   -1.617397 (VIOLATED)
gpio_in[38]                             0.500000    2.108497   -1.608497 (VIOLATED)
u_soc/gpio_in[5]                        0.500000    2.108497   -1.608497 (VIOLATED)
mask_rev[30]                            0.500000    2.099530   -1.599530 (VIOLATED)
u_soc/mask_rev[1]                       0.500000    2.099530   -1.599530 (VIOLATED)
mask_rev[19]                            0.500000    2.085428   -1.585428 (VIOLATED)
u_soc/mask_rev[12]                      0.500000    2.085428   -1.585428 (VIOLATED)
gpio_in[1]                              0.500000    2.079780   -1.579780 (VIOLATED)
u_soc/gpio_in[42]                       0.500000    2.079780   -1.579780 (VIOLATED)
mask_rev[1]                             0.500000    2.063499   -1.563499 (VIOLATED)
u_soc/mask_rev[30]                      0.500000    2.063499   -1.563499 (VIOLATED)
mask_rev[4]                             0.500000    2.060522   -1.560521 (VIOLATED)
u_soc/mask_rev[27]                      0.500000    2.060522   -1.560521 (VIOLATED)
gpio_in[29]                             0.500000    2.029265   -1.529265 (VIOLATED)
u_soc/gpio_in[14]                       0.500000    2.029265   -1.529265 (VIOLATED)
mask_rev[22]                            0.500000    2.027979   -1.527979 (VIOLATED)
u_soc/mask_rev[9]                       0.500000    2.027979   -1.527979 (VIOLATED)
gpio_in[28]                             0.500000    2.010987   -1.510987 (VIOLATED)
u_soc/gpio_in[15]                       0.500000    2.010987   -1.510987 (VIOLATED)
gpio_in[0]                              0.500000    2.007363   -1.507362 (VIOLATED)
u_soc/gpio_in[43]                       0.500000    2.007363   -1.507362 (VIOLATED)
mask_rev[6]                             0.500000    2.002265   -1.502265 (VIOLATED)
u_soc/mask_rev[25]                      0.500000    2.002265   -1.502265 (VIOLATED)
mask_rev[23]                            0.500000    1.988101   -1.488101 (VIOLATED)
u_soc/mask_rev[8]                       0.500000    1.988101   -1.488101 (VIOLATED)
mask_rev[28]                            0.500000    1.987771   -1.487771 (VIOLATED)
u_soc/mask_rev[3]                       0.500000    1.987771   -1.487771 (VIOLATED)
mask_rev[21]                            0.500000    1.974673   -1.474673 (VIOLATED)
u_soc/mask_rev[10]                      0.500000    1.974673   -1.474673 (VIOLATED)
gpio_in[30]                             0.500000    1.965941   -1.465941 (VIOLATED)
u_soc/gpio_in[13]                       0.500000    1.965941   -1.465941 (VIOLATED)
gpio_in[33]                             0.500000    1.933876   -1.433876 (VIOLATED)
u_soc/gpio_in[10]                       0.500000    1.933876   -1.433876 (VIOLATED)
mask_rev[16]                            0.500000    1.922144   -1.422144 (VIOLATED)
u_soc/mask_rev[15]                      0.500000    1.922144   -1.422144 (VIOLATED)
mask_rev[8]                             0.500000    1.921292   -1.421292 (VIOLATED)
u_soc/mask_rev[23]                      0.500000    1.921292   -1.421292 (VIOLATED)
gpio_in[3]                              0.500000    1.917293   -1.417293 (VIOLATED)
u_soc/gpio_in[40]                       0.500000    1.917293   -1.417293 (VIOLATED)
mask_rev[18]                            0.500000    1.913018   -1.413018 (VIOLATED)
u_soc/mask_rev[13]                      0.500000    1.913018   -1.413018 (VIOLATED)
gpio_in[32]                             0.500000    1.901508   -1.401508 (VIOLATED)
u_soc/gpio_in[11]                       0.500000    1.901508   -1.401508 (VIOLATED)
gpio_in[24]                             0.500000    1.885185   -1.385185 (VIOLATED)
u_soc/gpio_in[19]                       0.500000    1.885185   -1.385185 (VIOLATED)
gpio_in[23]                             0.500000    1.875683   -1.375683 (VIOLATED)
u_soc/gpio_in[20]                       0.500000    1.875683   -1.375683 (VIOLATED)
mask_rev[26]                            0.500000    1.863854   -1.363854 (VIOLATED)
u_soc/mask_rev[5]                       0.500000    1.863854   -1.363854 (VIOLATED)
mask_rev[31]                            0.500000    1.845900   -1.345900 (VIOLATED)
u_soc/mask_rev[0]                       0.500000    1.845900   -1.345900 (VIOLATED)
gpio_in[27]                             0.500000    1.844907   -1.344907 (VIOLATED)
u_soc/gpio_in[16]                       0.500000    1.844907   -1.344907 (VIOLATED)
gpio_oeb[14]                            0.500000    1.844015   -1.344015 (VIOLATED)
mask_rev[29]                            0.500000    1.821028   -1.321028 (VIOLATED)
u_soc/mask_rev[2]                       0.500000    1.821028   -1.321028 (VIOLATED)
gpio_in[26]                             0.500000    1.819452   -1.319452 (VIOLATED)
u_soc/gpio_in[17]                       0.500000    1.819452   -1.319452 (VIOLATED)
gpio_in[31]                             0.500000    1.789574   -1.289574 (VIOLATED)
u_soc/gpio_in[12]                       0.500000    1.789574   -1.289574 (VIOLATED)
gpio_in[34]                             0.500000    1.783434   -1.283434 (VIOLATED)
u_soc/gpio_in[9]                        0.500000    1.783434   -1.283434 (VIOLATED)
gpio_in[25]                             0.500000    1.745402   -1.245402 (VIOLATED)
u_soc/gpio_in[18]                       0.500000    1.745402   -1.245402 (VIOLATED)
mask_rev[2]                             0.500000    1.739877   -1.239878 (VIOLATED)
u_soc/mask_rev[29]                      0.500000    1.739877   -1.239878 (VIOLATED)
u_soc/resetb_l                          0.500000    1.720841   -1.220841 (VIOLATED)
mask_rev[14]                            0.500000    1.703313   -1.203313 (VIOLATED)
u_soc/mask_rev[17]                      0.500000    1.703313   -1.203313 (VIOLATED)
resetb_l                                0.500000    1.697209   -1.197209 (VIOLATED)
mask_rev[24]                            0.500000    1.696662   -1.196662 (VIOLATED)
u_soc/mask_rev[7]                       0.500000    1.696662   -1.196662 (VIOLATED)
mask_rev[27]                            0.500000    1.669525   -1.169525 (VIOLATED)
u_soc/mask_rev[4]                       0.500000    1.669525   -1.169525 (VIOLATED)
gpio_in[35]                             0.500000    1.490377   -0.990377 (VIOLATED)
u_soc/gpio_in[8]                        0.500000    1.490377   -0.990377 (VIOLATED)
gpio_in[37]                             0.500000    1.475970   -0.975970 (VIOLATED)
u_soc/gpio_in[6]                        0.500000    1.475970   -0.975970 (VIOLATED)
gpio_in[36]                             0.500000    1.340369   -0.840369 (VIOLATED)
u_soc/gpio_in[7]                        0.500000    1.340369   -0.840369 (VIOLATED)
gpio_oeb[12]                            0.500000    1.159116   -0.659116 (VIOLATED)
gpio_oeb[13]                            0.500000    0.982606   -0.482606 (VIOLATED)
gpio_oeb[18]                            0.500000    0.902999   -0.402999 (VIOLATED)
gpio_oeb[10]                            0.500000    0.866290   -0.366290 (VIOLATED)
gpio_oeb[15]                            0.500000    0.689289   -0.189289 (VIOLATED)
gpio_oeb[22]                            0.500000    0.674209   -0.174209 (VIOLATED)
gpio_oeb[11]                            0.500000    0.638290   -0.138290 (VIOLATED)
gpio_oeb[16]                            0.500000    0.629202   -0.129202 (VIOLATED)
gpio_oeb[17]                            0.500000    0.600578   -0.100578 (VIOLATED)
gpio_in[43]                             0.500000    0.594341   -0.094341 (VIOLATED)
u_soc/gpio_in[0]                        0.500000    0.594341   -0.094341 (VIOLATED)
gpio_oeb[20]                            0.500000    0.525833   -0.025833 (VIOLATED)
gpio_oeb[23]                            0.500000    0.525146   -0.025146 (VIOLATED)
gpio_oeb[19]                            0.500000    0.506010   -0.006010 (VIOLATED)

max capacitance

Pin                                        Limit         Cap       Slack
------------------------------------------------------------------------
gpio_in[17]                             0.200000    1.219526   -1.019526 (VIOLATED)
gpio_in[15]                             0.200000    1.184743   -0.984743 (VIOLATED)
gpio_in[13]                             0.200000    1.134920   -0.934920 (VIOLATED)
gpio_in[16]                             0.200000    1.122561   -0.922562 (VIOLATED)
gpio_in[9]                              0.200000    1.106928   -0.906927 (VIOLATED)
gpio_in[18]                             0.200000    1.096869   -0.896869 (VIOLATED)
gpio_in[14]                             0.200000    1.075553   -0.875553 (VIOLATED)
gpio_in[20]                             0.200000    1.052416   -0.852416 (VIOLATED)
gpio_in[7]                              0.200000    1.037088   -0.837088 (VIOLATED)
gpio_in[12]                             0.200000    0.958320   -0.758320 (VIOLATED)
gpio_in[8]                              0.200000    0.947481   -0.747481 (VIOLATED)
gpio_in[19]                             0.200000    0.939895   -0.739895 (VIOLATED)
gpio_in[10]                             0.200000    0.928217   -0.728217 (VIOLATED)
gpio_in[6]                              0.200000    0.920268   -0.720268 (VIOLATED)
gpio_in[5]                              0.200000    0.896154   -0.696154 (VIOLATED)
gpio_in[21]                             0.200000    0.884355   -0.684355 (VIOLATED)
gpio_in[24]                             0.200000    0.868416   -0.668416 (VIOLATED)
gpio_in[11]                             0.200000    0.861139   -0.661139 (VIOLATED)
gpio_in[4]                              0.200000    0.857736   -0.657736 (VIOLATED)
gpio_in[22]                             0.200000    0.845128   -0.645128 (VIOLATED)
mask_rev[9]                             0.200000    0.807947   -0.607947 (VIOLATED)
mask_rev[10]                            0.200000    0.800912   -0.600912 (VIOLATED)
mask_rev[5]                             0.200000    0.785283   -0.585283 (VIOLATED)
gpio_in[2]                              0.200000    0.784344   -0.584344 (VIOLATED)
mask_rev[0]                             0.200000    0.771032   -0.571032 (VIOLATED)
mask_rev[20]                            0.200000    0.768324   -0.568324 (VIOLATED)
gpio_in[23]                             0.200000    0.755444   -0.555444 (VIOLATED)
gpio_in[1]                              0.200000    0.746744   -0.546744 (VIOLATED)
mask_rev[15]                            0.200000    0.745399   -0.545399 (VIOLATED)
mask_rev[25]                            0.200000    0.743845   -0.543845 (VIOLATED)
mask_rev[30]                            0.200000    0.737327   -0.537327 (VIOLATED)
gpio_in[28]                             0.200000    0.722993   -0.522993 (VIOLATED)
mask_rev[4]                             0.200000    0.721611   -0.521611 (VIOLATED)
mask_rev[17]                            0.200000    0.715863   -0.515863 (VIOLATED)
gpio_in[29]                             0.200000    0.714037   -0.514037 (VIOLATED)
mask_rev[1]                             0.200000    0.711835   -0.511835 (VIOLATED)
mask_rev[22]                            0.200000    0.711498   -0.511498 (VIOLATED)
mask_rev[3]                             0.200000    0.710329   -0.510329 (VIOLATED)
mask_rev[7]                             0.200000    0.706244   -0.506244 (VIOLATED)
mask_rev[6]                             0.200000    0.700794   -0.500794 (VIOLATED)
mask_rev[13]                            0.200000    0.700740   -0.500740 (VIOLATED)
mask_rev[28]                            0.200000    0.697947   -0.497947 (VIOLATED)
mask_rev[11]                            0.200000    0.694519   -0.494519 (VIOLATED)
gpio_in[26]                             0.200000    0.692114   -0.492114 (VIOLATED)
gpio_in[0]                              0.200000    0.690418   -0.490418 (VIOLATED)
u_counter/count[6]                      0.200000    0.680588   -0.480588 (VIOLATED)
gpio_in[27]                             0.200000    0.677580   -0.477580 (VIOLATED)
gpio_in[25]                             0.200000    0.676035   -0.476035 (VIOLATED)
gpio_in[30]                             0.200000    0.672368   -0.472368 (VIOLATED)
mask_rev[16]                            0.200000    0.670775   -0.470775 (VIOLATED)
mask_rev[21]                            0.200000    0.668462   -0.468462 (VIOLATED)
u_counter/count[4]                      0.200000    0.666041   -0.466041 (VIOLATED)
gpio_in[3]                              0.200000    0.662140   -0.462140 (VIOLATED)
mask_rev[8]                             0.200000    0.661270   -0.461270 (VIOLATED)
u_counter/count_oeb[6]                  0.200000    0.658103   -0.458103 (VIOLATED)
mask_rev[18]                            0.200000    0.650887   -0.450887 (VIOLATED)
mask_rev[23]                            0.200000    0.649458   -0.449458 (VIOLATED)
mask_rev[31]                            0.200000    0.645033   -0.445033 (VIOLATED)
mask_rev[26]                            0.200000    0.639876   -0.439876 (VIOLATED)
mask_rev[12]                            0.200000    0.639517   -0.439517 (VIOLATED)
mask_rev[29]                            0.200000    0.633610   -0.433610 (VIOLATED)
gpio_in[38]                             0.200000    0.632175   -0.432175 (VIOLATED)
mask_rev[19]                            0.200000    0.620185   -0.420185 (VIOLATED)
gpio_in[31]                             0.200000    0.596421   -0.396421 (VIOLATED)
mask_rev[14]                            0.200000    0.589660   -0.389660 (VIOLATED)
u_counter/count[3]                      0.200000    0.589630   -0.389630 (VIOLATED)
mask_rev[24]                            0.200000    0.588254   -0.388254 (VIOLATED)
gpio_in[32]                             0.200000    0.587638   -0.387638 (VIOLATED)
gpio_in[33]                             0.200000    0.587497   -0.387497 (VIOLATED)
u_counter/count_oeb[4]                  0.200000    0.576141   -0.376141 (VIOLATED)
mask_rev[27]                            0.200000    0.574492   -0.374492 (VIOLATED)
mask_rev[2]                             0.200000    0.562923   -0.362924 (VIOLATED)
u_counter/count[1]                      0.200000    0.557360   -0.357360 (VIOLATED)
u_counter/count_oeb[2]                  0.200000    0.543164   -0.343164 (VIOLATED)
gpio_in[34]                             0.200000    0.534851   -0.334851 (VIOLATED)
resetb_l                                0.200000    0.517290   -0.317290 (VIOLATED)
u_counter/count[5]                      0.200000    0.506916   -0.306916 (VIOLATED)
u_counter/count[7]                      0.200000    0.498371   -0.298371 (VIOLATED)
u_counter/count_oeb[7]                  0.200000    0.477039   -0.277039 (VIOLATED)
u_counter/count_oeb[5]                  0.200000    0.454154   -0.254154 (VIOLATED)
u_counter/count[8]                      0.200000    0.447203   -0.247203 (VIOLATED)
gpio_in[35]                             0.200000    0.444993   -0.244993 (VIOLATED)
u_counter/count[2]                      0.200000    0.438861   -0.238861 (VIOLATED)
gpio_in[37]                             0.200000    0.435946   -0.235946 (VIOLATED)
u_counter/count_oeb[8]                  0.200000    0.426516   -0.226516 (VIOLATED)
u_counter/count[9]                      0.200000    0.421328   -0.221328 (VIOLATED)
u_counter/count_oeb[9]                  0.200000    0.400270   -0.200270 (VIOLATED)
u_counter/count_oeb[3]                  0.200000    0.398658   -0.198658 (VIOLATED)
gpio_in[36]                             0.200000    0.397106   -0.197106 (VIOLATED)
u_counter/count[10]                     0.200000    0.376948   -0.176948 (VIOLATED)
u_counter/count[0]                      0.200000    0.370129   -0.170129 (VIOLATED)
u_counter/count_oeb[1]                  0.200000    0.370128   -0.170128 (VIOLATED)
u_counter/count_oeb[10]                 0.200000    0.364264   -0.164264 (VIOLATED)
u_counter/count_oeb[14]                 0.200000    0.356510   -0.156510 (VIOLATED)
u_counter/count_oeb[0]                  0.200000    0.344194   -0.144194 (VIOLATED)
u_counter/count[11]                     0.200000    0.332599   -0.132599 (VIOLATED)
u_counter/count_oeb[15]                 0.200000    0.325343   -0.125343 (VIOLATED)
u_counter/count[15]                     0.200000    0.319999   -0.119999 (VIOLATED)
u_counter/count_oeb[11]                 0.200000    0.305695   -0.105695 (VIOLATED)
u_counter/count[12]                     0.200000    0.299031   -0.099031 (VIOLATED)
u_counter/count[14]                     0.200000    0.284044   -0.084044 (VIOLATED)
u_counter/count_oeb[12]                 0.200000    0.279024   -0.079024 (VIOLATED)
u_counter/count[13]                     0.200000    0.273074   -0.073074 (VIOLATED)
u_counter/count_oeb[13]                 0.200000    0.267990   -0.067990 (VIOLATED)



===========================================================================
report_parasitic_annotation -report_unannotated
============================================================================
Found 223 unannotated drivers.
 analog_io[0]
 analog_io[10]
 analog_io[11]
 analog_io[12]
 analog_io[13]
 analog_io[14]
 analog_io[15]
 analog_io[16]
 analog_io[17]
 analog_io[18]
 analog_io[19]
 analog_io[1]
 analog_io[20]
 analog_io[21]
 analog_io[22]
 analog_io[23]
 analog_io[24]
 analog_io[25]
 analog_io[26]
 analog_io[27]
 analog_io[28]
 analog_io[29]
 analog_io[2]
 analog_io[30]
 analog_io[31]
 analog_io[32]
 analog_io[33]
 analog_io[34]
 analog_io[35]
 analog_io[36]
 analog_io[37]
 analog_io[38]
 analog_io[39]
 analog_io[3]
 analog_io[40]
 analog_io[41]
 analog_io[42]
 analog_io[43]
 analog_io[4]
 analog_io[5]
 analog_io[6]
 analog_io[7]
 analog_io[8]
 analog_io[9]
 analog_noesd_io[0]
 analog_noesd_io[10]
 analog_noesd_io[11]
 analog_noesd_io[12]
 analog_noesd_io[13]
 analog_noesd_io[14]
 analog_noesd_io[15]
 analog_noesd_io[16]
 analog_noesd_io[17]
 analog_noesd_io[18]
 analog_noesd_io[19]
 analog_noesd_io[1]
 analog_noesd_io[20]
 analog_noesd_io[21]
 analog_noesd_io[22]
 analog_noesd_io[23]
 analog_noesd_io[24]
 analog_noesd_io[25]
 analog_noesd_io[26]
 analog_noesd_io[27]
 analog_noesd_io[28]
 analog_noesd_io[29]
 analog_noesd_io[2]
 analog_noesd_io[30]
 analog_noesd_io[31]
 analog_noesd_io[32]
 analog_noesd_io[33]
 analog_noesd_io[34]
 analog_noesd_io[35]
 analog_noesd_io[36]
 analog_noesd_io[37]
 analog_noesd_io[38]
 analog_noesd_io[39]
 analog_noesd_io[3]
 analog_noesd_io[40]
 analog_noesd_io[41]
 analog_noesd_io[42]
 analog_noesd_io[43]
 analog_noesd_io[4]
 analog_noesd_io[5]
 analog_noesd_io[6]
 analog_noesd_io[7]
 analog_noesd_io[8]
 analog_noesd_io[9]
 gpio_in_h[0]
 gpio_in_h[10]
 gpio_in_h[11]
 gpio_in_h[12]
 gpio_in_h[13]
 gpio_in_h[14]
 gpio_in_h[15]
 gpio_in_h[16]
 gpio_in_h[17]
 gpio_in_h[18]
 gpio_in_h[19]
 gpio_in_h[1]
 gpio_in_h[20]
 gpio_in_h[21]
 gpio_in_h[22]
 gpio_in_h[23]
 gpio_in_h[24]
 gpio_in_h[25]
 gpio_in_h[26]
 gpio_in_h[27]
 gpio_in_h[28]
 gpio_in_h[29]
 gpio_in_h[2]
 gpio_in_h[30]
 gpio_in_h[31]
 gpio_in_h[32]
 gpio_in_h[33]
 gpio_in_h[34]
 gpio_in_h[35]
 gpio_in_h[36]
 gpio_in_h[37]
 gpio_in_h[38]
 gpio_in_h[39]
 gpio_in_h[3]
 gpio_in_h[40]
 gpio_in_h[41]
 gpio_in_h[42]
 gpio_in_h[43]
 gpio_in_h[4]
 gpio_in_h[5]
 gpio_in_h[6]
 gpio_in_h[7]
 gpio_in_h[8]
 gpio_in_h[9]
 gpio_loopback_one[0]
 gpio_loopback_one[10]
 gpio_loopback_one[11]
 gpio_loopback_one[12]
 gpio_loopback_one[13]
 gpio_loopback_one[14]
 gpio_loopback_one[15]
 gpio_loopback_one[16]
 gpio_loopback_one[17]
 gpio_loopback_one[18]
 gpio_loopback_one[19]
 gpio_loopback_one[1]
 gpio_loopback_one[20]
 gpio_loopback_one[21]
 gpio_loopback_one[22]
 gpio_loopback_one[23]
 gpio_loopback_one[24]
 gpio_loopback_one[25]
 gpio_loopback_one[26]
 gpio_loopback_one[27]
 gpio_loopback_one[28]
 gpio_loopback_one[29]
 gpio_loopback_one[2]
 gpio_loopback_one[30]
 gpio_loopback_one[31]
 gpio_loopback_one[32]
 gpio_loopback_one[33]
 gpio_loopback_one[34]
 gpio_loopback_one[35]
 gpio_loopback_one[36]
 gpio_loopback_one[37]
 gpio_loopback_one[38]
 gpio_loopback_one[39]
 gpio_loopback_one[3]
 gpio_loopback_one[40]
 gpio_loopback_one[41]
 gpio_loopback_one[42]
 gpio_loopback_one[43]
 gpio_loopback_one[4]
 gpio_loopback_one[5]
 gpio_loopback_one[6]
 gpio_loopback_one[7]
 gpio_loopback_one[8]
 gpio_loopback_one[9]
 gpio_loopback_zero[0]
 gpio_loopback_zero[10]
 gpio_loopback_zero[11]
 gpio_loopback_zero[12]
 gpio_loopback_zero[13]
 gpio_loopback_zero[14]
 gpio_loopback_zero[15]
 gpio_loopback_zero[16]
 gpio_loopback_zero[17]
 gpio_loopback_zero[18]
 gpio_loopback_zero[19]
 gpio_loopback_zero[1]
 gpio_loopback_zero[20]
 gpio_loopback_zero[21]
 gpio_loopback_zero[22]
 gpio_loopback_zero[23]
 gpio_loopback_zero[24]
 gpio_loopback_zero[25]
 gpio_loopback_zero[26]
 gpio_loopback_zero[27]
 gpio_loopback_zero[28]
 gpio_loopback_zero[29]
 gpio_loopback_zero[2]
 gpio_loopback_zero[30]
 gpio_loopback_zero[31]
 gpio_loopback_zero[32]
 gpio_loopback_zero[33]
 gpio_loopback_zero[34]
 gpio_loopback_zero[35]
 gpio_loopback_zero[36]
 gpio_loopback_zero[37]
 gpio_loopback_zero[38]
 gpio_loopback_zero[39]
 gpio_loopback_zero[3]
 gpio_loopback_zero[40]
 gpio_loopback_zero[41]
 gpio_loopback_zero[42]
 gpio_loopback_zero[43]
 gpio_loopback_zero[4]
 gpio_loopback_zero[5]
 gpio_loopback_zero[6]
 gpio_loopback_zero[7]
 gpio_loopback_zero[8]
 gpio_loopback_zero[9]
 por_l
 porb_h
 resetb_h
Found 76 partially unannotated drivers.
 gpio_in[0]
  u_soc/gpio_in[43]
 gpio_in[10]
  u_soc/gpio_in[33]
 gpio_in[11]
  u_soc/gpio_in[32]
 gpio_in[12]
  u_soc/gpio_in[31]
 gpio_in[13]
  u_soc/gpio_in[30]
 gpio_in[14]
  u_soc/gpio_in[29]
 gpio_in[15]
  u_soc/gpio_in[28]
 gpio_in[16]
  u_soc/gpio_in[27]
 gpio_in[17]
  u_soc/gpio_in[26]
 gpio_in[18]
  u_soc/gpio_in[25]
 gpio_in[19]
  u_soc/gpio_in[24]
 gpio_in[1]
  u_soc/gpio_in[42]
 gpio_in[20]
  u_soc/gpio_in[23]
 gpio_in[21]
  u_soc/gpio_in[22]
 gpio_in[22]
  u_soc/gpio_in[21]
 gpio_in[23]
  u_soc/gpio_in[20]
 gpio_in[24]
  u_soc/gpio_in[19]
 gpio_in[25]
  u_soc/gpio_in[18]
 gpio_in[26]
  u_soc/gpio_in[17]
 gpio_in[27]
  u_soc/gpio_in[16]
 gpio_in[28]
  u_soc/gpio_in[15]
 gpio_in[29]
  u_soc/gpio_in[14]
 gpio_in[2]
  u_soc/gpio_in[41]
 gpio_in[30]
  u_soc/gpio_in[13]
 gpio_in[31]
  u_soc/gpio_in[12]
 gpio_in[32]
  u_soc/gpio_in[11]
 gpio_in[33]
  u_soc/gpio_in[10]
 gpio_in[34]
  u_soc/gpio_in[9]
 gpio_in[35]
  u_soc/gpio_in[8]
 gpio_in[36]
  u_soc/gpio_in[7]
 gpio_in[37]
  u_soc/gpio_in[6]
 gpio_in[38]
  u_soc/gpio_in[5]
 gpio_in[39]
  u_soc/gpio_in[4]
 gpio_in[3]
  u_soc/gpio_in[40]
 gpio_in[40]
  u_soc/gpio_in[3]
 gpio_in[41]
  u_soc/gpio_in[2]
 gpio_in[42]
  u_soc/gpio_in[1]
 gpio_in[43]
  u_soc/gpio_in[0]
 gpio_in[4]
  u_soc/gpio_in[39]
 gpio_in[5]
  u_soc/gpio_in[38]
 gpio_in[6]
  u_soc/gpio_in[37]
 gpio_in[7]
  u_soc/gpio_in[36]
 gpio_in[8]
  u_soc/gpio_in[35]
 gpio_in[9]
  u_soc/gpio_in[34]
 mask_rev[0]
  u_soc/mask_rev[31]
 mask_rev[10]
  u_soc/mask_rev[21]
 mask_rev[11]
  u_soc/mask_rev[20]
 mask_rev[12]
  u_soc/mask_rev[19]
 mask_rev[13]
  u_soc/mask_rev[18]
 mask_rev[14]
  u_soc/mask_rev[17]
 mask_rev[15]
  u_soc/mask_rev[16]
 mask_rev[16]
  u_soc/mask_rev[15]
 mask_rev[17]
  u_soc/mask_rev[14]
 mask_rev[18]
  u_soc/mask_rev[13]
 mask_rev[19]
  u_soc/mask_rev[12]
 mask_rev[1]
  u_soc/mask_rev[30]
 mask_rev[20]
  u_soc/mask_rev[11]
 mask_rev[21]
  u_soc/mask_rev[10]
 mask_rev[22]
  u_soc/mask_rev[9]
 mask_rev[23]
  u_soc/mask_rev[8]
 mask_rev[24]
  u_soc/mask_rev[7]
 mask_rev[25]
  u_soc/mask_rev[6]
 mask_rev[26]
  u_soc/mask_rev[5]
 mask_rev[27]
  u_soc/mask_rev[4]
 mask_rev[28]
  u_soc/mask_rev[3]
 mask_rev[29]
  u_soc/mask_rev[2]
 mask_rev[2]
  u_soc/mask_rev[29]
 mask_rev[30]
  u_soc/mask_rev[1]
 mask_rev[31]
  u_soc/mask_rev[0]
 mask_rev[3]
  u_soc/mask_rev[28]
 mask_rev[4]
  u_soc/mask_rev[27]
 mask_rev[5]
  u_soc/mask_rev[26]
 mask_rev[6]
  u_soc/mask_rev[25]
 mask_rev[7]
  u_soc/mask_rev[24]
 mask_rev[8]
  u_soc/mask_rev[23]
 mask_rev[9]
  u_soc/mask_rev[22]

===========================================================================
max slew violation count 193
max fanout violation count 0
max cap violation count 104
============================================================================

===========================================================================
check_setup -verbose -unconstrained_endpoints -multiple_clock -no_clock -no_input_delay -loops -generated_clocks
===========================================================================
Warning: There is 1 unclocked register/latch pin.
  u_counter/clk
Warning: There are 660 unconstrained endpoints.
  analog_io[0]
  analog_io[10]
  analog_io[11]
  analog_io[12]
  analog_io[13]
  analog_io[14]
  analog_io[15]
  analog_io[16]
  analog_io[17]
  analog_io[18]
  analog_io[19]
  analog_io[1]
  analog_io[20]
  analog_io[21]
  analog_io[22]
  analog_io[23]
  analog_io[24]
  analog_io[25]
  analog_io[26]
  analog_io[27]
  analog_io[28]
  analog_io[29]
  analog_io[2]
  analog_io[30]
  analog_io[31]
  analog_io[32]
  analog_io[33]
  analog_io[34]
  analog_io[35]
  analog_io[36]
  analog_io[37]
  analog_io[38]
  analog_io[39]
  analog_io[3]
  analog_io[40]
  analog_io[41]
  analog_io[42]
  analog_io[43]
  analog_io[4]
  analog_io[5]
  analog_io[6]
  analog_io[7]
  analog_io[8]
  analog_io[9]
  analog_noesd_io[0]
  analog_noesd_io[10]
  analog_noesd_io[11]
  analog_noesd_io[12]
  analog_noesd_io[13]
  analog_noesd_io[14]
  analog_noesd_io[15]
  analog_noesd_io[16]
  analog_noesd_io[17]
  analog_noesd_io[18]
  analog_noesd_io[19]
  analog_noesd_io[1]
  analog_noesd_io[20]
  analog_noesd_io[21]
  analog_noesd_io[22]
  analog_noesd_io[23]
  analog_noesd_io[24]
  analog_noesd_io[25]
  analog_noesd_io[26]
  analog_noesd_io[27]
  analog_noesd_io[28]
  analog_noesd_io[29]
  analog_noesd_io[2]
  analog_noesd_io[30]
  analog_noesd_io[31]
  analog_noesd_io[32]
  analog_noesd_io[33]
  analog_noesd_io[34]
  analog_noesd_io[35]
  analog_noesd_io[36]
  analog_noesd_io[37]
  analog_noesd_io[38]
  analog_noesd_io[39]
  analog_noesd_io[3]
  analog_noesd_io[40]
  analog_noesd_io[41]
  analog_noesd_io[42]
  analog_noesd_io[43]
  analog_noesd_io[4]
  analog_noesd_io[5]
  analog_noesd_io[6]
  analog_noesd_io[7]
  analog_noesd_io[8]
  analog_noesd_io[9]
  gpio_analog_en[0]
  gpio_analog_en[10]
  gpio_analog_en[11]
  gpio_analog_en[12]
  gpio_analog_en[13]
  gpio_analog_en[14]
  gpio_analog_en[15]
  gpio_analog_en[16]
  gpio_analog_en[17]
  gpio_analog_en[18]
  gpio_analog_en[19]
  gpio_analog_en[1]
  gpio_analog_en[20]
  gpio_analog_en[21]
  gpio_analog_en[22]
  gpio_analog_en[23]
  gpio_analog_en[24]
  gpio_analog_en[25]
  gpio_analog_en[26]
  gpio_analog_en[27]
  gpio_analog_en[28]
  gpio_analog_en[29]
  gpio_analog_en[2]
  gpio_analog_en[30]
  gpio_analog_en[31]
  gpio_analog_en[32]
  gpio_analog_en[33]
  gpio_analog_en[34]
  gpio_analog_en[35]
  gpio_analog_en[36]
  gpio_analog_en[37]
  gpio_analog_en[38]
  gpio_analog_en[39]
  gpio_analog_en[3]
  gpio_analog_en[40]
  gpio_analog_en[41]
  gpio_analog_en[42]
  gpio_analog_en[43]
  gpio_analog_en[4]
  gpio_analog_en[5]
  gpio_analog_en[6]
  gpio_analog_en[7]
  gpio_analog_en[8]
  gpio_analog_en[9]
  gpio_analog_pol[0]
  gpio_analog_pol[10]
  gpio_analog_pol[11]
  gpio_analog_pol[12]
  gpio_analog_pol[13]
  gpio_analog_pol[14]
  gpio_analog_pol[15]
  gpio_analog_pol[16]
  gpio_analog_pol[17]
  gpio_analog_pol[18]
  gpio_analog_pol[19]
  gpio_analog_pol[1]
  gpio_analog_pol[20]
  gpio_analog_pol[21]
  gpio_analog_pol[22]
  gpio_analog_pol[23]
  gpio_analog_pol[24]
  gpio_analog_pol[25]
  gpio_analog_pol[26]
  gpio_analog_pol[27]
  gpio_analog_pol[28]
  gpio_analog_pol[29]
  gpio_analog_pol[2]
  gpio_analog_pol[30]
  gpio_analog_pol[31]
  gpio_analog_pol[32]
  gpio_analog_pol[33]
  gpio_analog_pol[34]
  gpio_analog_pol[35]
  gpio_analog_pol[36]
  gpio_analog_pol[37]
  gpio_analog_pol[38]
  gpio_analog_pol[39]
  gpio_analog_pol[3]
  gpio_analog_pol[40]
  gpio_analog_pol[41]
  gpio_analog_pol[42]
  gpio_analog_pol[43]
  gpio_analog_pol[4]
  gpio_analog_pol[5]
  gpio_analog_pol[6]
  gpio_analog_pol[7]
  gpio_analog_pol[8]
  gpio_analog_pol[9]
  gpio_analog_sel[0]
  gpio_analog_sel[10]
  gpio_analog_sel[11]
  gpio_analog_sel[12]
  gpio_analog_sel[13]
  gpio_analog_sel[14]
  gpio_analog_sel[15]
  gpio_analog_sel[16]
  gpio_analog_sel[17]
  gpio_analog_sel[18]
  gpio_analog_sel[19]
  gpio_analog_sel[1]
  gpio_analog_sel[20]
  gpio_analog_sel[21]
  gpio_analog_sel[22]
  gpio_analog_sel[23]
  gpio_analog_sel[24]
  gpio_analog_sel[25]
  gpio_analog_sel[26]
  gpio_analog_sel[27]
  gpio_analog_sel[28]
  gpio_analog_sel[29]
  gpio_analog_sel[2]
  gpio_analog_sel[30]
  gpio_analog_sel[31]
  gpio_analog_sel[32]
  gpio_analog_sel[33]
  gpio_analog_sel[34]
  gpio_analog_sel[35]
  gpio_analog_sel[36]
  gpio_analog_sel[37]
  gpio_analog_sel[38]
  gpio_analog_sel[39]
  gpio_analog_sel[3]
  gpio_analog_sel[40]
  gpio_analog_sel[41]
  gpio_analog_sel[42]
  gpio_analog_sel[43]
  gpio_analog_sel[4]
  gpio_analog_sel[5]
  gpio_analog_sel[6]
  gpio_analog_sel[7]
  gpio_analog_sel[8]
  gpio_analog_sel[9]
  gpio_dm0[0]
  gpio_dm0[10]
  gpio_dm0[11]
  gpio_dm0[12]
  gpio_dm0[13]
  gpio_dm0[14]
  gpio_dm0[15]
  gpio_dm0[16]
  gpio_dm0[17]
  gpio_dm0[18]
  gpio_dm0[19]
  gpio_dm0[1]
  gpio_dm0[20]
  gpio_dm0[21]
  gpio_dm0[22]
  gpio_dm0[23]
  gpio_dm0[24]
  gpio_dm0[25]
  gpio_dm0[26]
  gpio_dm0[27]
  gpio_dm0[28]
  gpio_dm0[29]
  gpio_dm0[2]
  gpio_dm0[30]
  gpio_dm0[31]
  gpio_dm0[32]
  gpio_dm0[33]
  gpio_dm0[34]
  gpio_dm0[35]
  gpio_dm0[36]
  gpio_dm0[37]
  gpio_dm0[38]
  gpio_dm0[39]
  gpio_dm0[3]
  gpio_dm0[40]
  gpio_dm0[41]
  gpio_dm0[42]
  gpio_dm0[43]
  gpio_dm0[4]
  gpio_dm0[5]
  gpio_dm0[6]
  gpio_dm0[7]
  gpio_dm0[8]
  gpio_dm0[9]
  gpio_dm1[0]
  gpio_dm1[10]
  gpio_dm1[11]
  gpio_dm1[12]
  gpio_dm1[13]
  gpio_dm1[14]
  gpio_dm1[15]
  gpio_dm1[16]
  gpio_dm1[17]
  gpio_dm1[18]
  gpio_dm1[19]
  gpio_dm1[1]
  gpio_dm1[20]
  gpio_dm1[21]
  gpio_dm1[22]
  gpio_dm1[23]
  gpio_dm1[24]
  gpio_dm1[25]
  gpio_dm1[26]
  gpio_dm1[27]
  gpio_dm1[28]
  gpio_dm1[29]
  gpio_dm1[2]
  gpio_dm1[30]
  gpio_dm1[31]
  gpio_dm1[32]
  gpio_dm1[33]
  gpio_dm1[34]
  gpio_dm1[35]
  gpio_dm1[36]
  gpio_dm1[37]
  gpio_dm1[38]
  gpio_dm1[39]
  gpio_dm1[3]
  gpio_dm1[40]
  gpio_dm1[41]
  gpio_dm1[42]
  gpio_dm1[43]
  gpio_dm1[4]
  gpio_dm1[5]
  gpio_dm1[6]
  gpio_dm1[7]
  gpio_dm1[8]
  gpio_dm1[9]
  gpio_dm2[0]
  gpio_dm2[10]
  gpio_dm2[11]
  gpio_dm2[12]
  gpio_dm2[13]
  gpio_dm2[14]
  gpio_dm2[15]
  gpio_dm2[16]
  gpio_dm2[17]
  gpio_dm2[18]
  gpio_dm2[19]
  gpio_dm2[1]
  gpio_dm2[20]
  gpio_dm2[21]
  gpio_dm2[22]
  gpio_dm2[23]
  gpio_dm2[24]
  gpio_dm2[25]
  gpio_dm2[26]
  gpio_dm2[27]
  gpio_dm2[28]
  gpio_dm2[29]
  gpio_dm2[2]
  gpio_dm2[30]
  gpio_dm2[31]
  gpio_dm2[32]
  gpio_dm2[33]
  gpio_dm2[34]
  gpio_dm2[35]
  gpio_dm2[36]
  gpio_dm2[37]
  gpio_dm2[38]
  gpio_dm2[39]
  gpio_dm2[3]
  gpio_dm2[40]
  gpio_dm2[41]
  gpio_dm2[42]
  gpio_dm2[43]
  gpio_dm2[4]
  gpio_dm2[5]
  gpio_dm2[6]
  gpio_dm2[7]
  gpio_dm2[8]
  gpio_dm2[9]
  gpio_holdover[0]
  gpio_holdover[10]
  gpio_holdover[11]
  gpio_holdover[12]
  gpio_holdover[13]
  gpio_holdover[14]
  gpio_holdover[15]
  gpio_holdover[16]
  gpio_holdover[17]
  gpio_holdover[18]
  gpio_holdover[19]
  gpio_holdover[1]
  gpio_holdover[20]
  gpio_holdover[21]
  gpio_holdover[22]
  gpio_holdover[23]
  gpio_holdover[24]
  gpio_holdover[25]
  gpio_holdover[26]
  gpio_holdover[27]
  gpio_holdover[28]
  gpio_holdover[29]
  gpio_holdover[2]
  gpio_holdover[30]
  gpio_holdover[31]
  gpio_holdover[32]
  gpio_holdover[33]
  gpio_holdover[34]
  gpio_holdover[35]
  gpio_holdover[36]
  gpio_holdover[37]
  gpio_holdover[38]
  gpio_holdover[39]
  gpio_holdover[3]
  gpio_holdover[40]
  gpio_holdover[41]
  gpio_holdover[42]
  gpio_holdover[43]
  gpio_holdover[4]
  gpio_holdover[5]
  gpio_holdover[6]
  gpio_holdover[7]
  gpio_holdover[8]
  gpio_holdover[9]
  gpio_ib_mode_sel[0]
  gpio_ib_mode_sel[10]
  gpio_ib_mode_sel[11]
  gpio_ib_mode_sel[12]
  gpio_ib_mode_sel[13]
  gpio_ib_mode_sel[14]
  gpio_ib_mode_sel[15]
  gpio_ib_mode_sel[16]
  gpio_ib_mode_sel[17]
  gpio_ib_mode_sel[18]
  gpio_ib_mode_sel[19]
  gpio_ib_mode_sel[1]
  gpio_ib_mode_sel[20]
  gpio_ib_mode_sel[21]
  gpio_ib_mode_sel[22]
  gpio_ib_mode_sel[23]
  gpio_ib_mode_sel[24]
  gpio_ib_mode_sel[25]
  gpio_ib_mode_sel[26]
  gpio_ib_mode_sel[27]
  gpio_ib_mode_sel[28]
  gpio_ib_mode_sel[29]
  gpio_ib_mode_sel[2]
  gpio_ib_mode_sel[30]
  gpio_ib_mode_sel[31]
  gpio_ib_mode_sel[32]
  gpio_ib_mode_sel[33]
  gpio_ib_mode_sel[34]
  gpio_ib_mode_sel[35]
  gpio_ib_mode_sel[36]
  gpio_ib_mode_sel[37]
  gpio_ib_mode_sel[38]
  gpio_ib_mode_sel[39]
  gpio_ib_mode_sel[3]
  gpio_ib_mode_sel[40]
  gpio_ib_mode_sel[41]
  gpio_ib_mode_sel[42]
  gpio_ib_mode_sel[43]
  gpio_ib_mode_sel[4]
  gpio_ib_mode_sel[5]
  gpio_ib_mode_sel[6]
  gpio_ib_mode_sel[7]
  gpio_ib_mode_sel[8]
  gpio_ib_mode_sel[9]
  gpio_inp_dis[0]
  gpio_inp_dis[10]
  gpio_inp_dis[11]
  gpio_inp_dis[12]
  gpio_inp_dis[13]
  gpio_inp_dis[14]
  gpio_inp_dis[15]
  gpio_inp_dis[16]
  gpio_inp_dis[17]
  gpio_inp_dis[18]
  gpio_inp_dis[19]
  gpio_inp_dis[1]
  gpio_inp_dis[20]
  gpio_inp_dis[21]
  gpio_inp_dis[22]
  gpio_inp_dis[23]
  gpio_inp_dis[24]
  gpio_inp_dis[25]
  gpio_inp_dis[26]
  gpio_inp_dis[27]
  gpio_inp_dis[28]
  gpio_inp_dis[29]
  gpio_inp_dis[2]
  gpio_inp_dis[30]
  gpio_inp_dis[31]
  gpio_inp_dis[32]
  gpio_inp_dis[33]
  gpio_inp_dis[34]
  gpio_inp_dis[35]
  gpio_inp_dis[36]
  gpio_inp_dis[37]
  gpio_inp_dis[38]
  gpio_inp_dis[39]
  gpio_inp_dis[3]
  gpio_inp_dis[40]
  gpio_inp_dis[41]
  gpio_inp_dis[42]
  gpio_inp_dis[43]
  gpio_inp_dis[4]
  gpio_inp_dis[5]
  gpio_inp_dis[6]
  gpio_inp_dis[7]
  gpio_inp_dis[8]
  gpio_inp_dis[9]
  gpio_oeb[0]
  gpio_oeb[10]
  gpio_oeb[11]
  gpio_oeb[12]
  gpio_oeb[13]
  gpio_oeb[14]
  gpio_oeb[15]
  gpio_oeb[16]
  gpio_oeb[17]
  gpio_oeb[18]
  gpio_oeb[19]
  gpio_oeb[1]
  gpio_oeb[20]
  gpio_oeb[21]
  gpio_oeb[22]
  gpio_oeb[23]
  gpio_oeb[24]
  gpio_oeb[25]
  gpio_oeb[26]
  gpio_oeb[27]
  gpio_oeb[28]
  gpio_oeb[29]
  gpio_oeb[2]
  gpio_oeb[30]
  gpio_oeb[31]
  gpio_oeb[32]
  gpio_oeb[33]
  gpio_oeb[34]
  gpio_oeb[35]
  gpio_oeb[36]
  gpio_oeb[37]
  gpio_oeb[38]
  gpio_oeb[39]
  gpio_oeb[3]
  gpio_oeb[40]
  gpio_oeb[41]
  gpio_oeb[42]
  gpio_oeb[43]
  gpio_oeb[4]
  gpio_oeb[5]
  gpio_oeb[6]
  gpio_oeb[7]
  gpio_oeb[8]
  gpio_oeb[9]
  gpio_out[0]
  gpio_out[10]
  gpio_out[11]
  gpio_out[12]
  gpio_out[13]
  gpio_out[14]
  gpio_out[15]
  gpio_out[16]
  gpio_out[17]
  gpio_out[18]
  gpio_out[19]
  gpio_out[1]
  gpio_out[20]
  gpio_out[21]
  gpio_out[22]
  gpio_out[23]
  gpio_out[24]
  gpio_out[25]
  gpio_out[26]
  gpio_out[27]
  gpio_out[28]
  gpio_out[29]
  gpio_out[2]
  gpio_out[30]
  gpio_out[31]
  gpio_out[32]
  gpio_out[33]
  gpio_out[34]
  gpio_out[35]
  gpio_out[36]
  gpio_out[37]
  gpio_out[38]
  gpio_out[39]
  gpio_out[3]
  gpio_out[40]
  gpio_out[41]
  gpio_out[42]
  gpio_out[43]
  gpio_out[4]
  gpio_out[5]
  gpio_out[6]
  gpio_out[7]
  gpio_out[8]
  gpio_out[9]
  gpio_slow_sel[0]
  gpio_slow_sel[10]
  gpio_slow_sel[11]
  gpio_slow_sel[12]
  gpio_slow_sel[13]
  gpio_slow_sel[14]
  gpio_slow_sel[15]
  gpio_slow_sel[16]
  gpio_slow_sel[17]
  gpio_slow_sel[18]
  gpio_slow_sel[19]
  gpio_slow_sel[1]
  gpio_slow_sel[20]
  gpio_slow_sel[21]
  gpio_slow_sel[22]
  gpio_slow_sel[23]
  gpio_slow_sel[24]
  gpio_slow_sel[25]
  gpio_slow_sel[26]
  gpio_slow_sel[27]
  gpio_slow_sel[28]
  gpio_slow_sel[29]
  gpio_slow_sel[2]
  gpio_slow_sel[30]
  gpio_slow_sel[31]
  gpio_slow_sel[32]
  gpio_slow_sel[33]
  gpio_slow_sel[34]
  gpio_slow_sel[35]
  gpio_slow_sel[36]
  gpio_slow_sel[37]
  gpio_slow_sel[38]
  gpio_slow_sel[39]
  gpio_slow_sel[3]
  gpio_slow_sel[40]
  gpio_slow_sel[41]
  gpio_slow_sel[42]
  gpio_slow_sel[43]
  gpio_slow_sel[4]
  gpio_slow_sel[5]
  gpio_slow_sel[6]
  gpio_slow_sel[7]
  gpio_slow_sel[8]
  gpio_slow_sel[9]
  gpio_vtrip_sel[0]
  gpio_vtrip_sel[10]
  gpio_vtrip_sel[11]
  gpio_vtrip_sel[12]
  gpio_vtrip_sel[13]
  gpio_vtrip_sel[14]
  gpio_vtrip_sel[15]
  gpio_vtrip_sel[16]
  gpio_vtrip_sel[17]
  gpio_vtrip_sel[18]
  gpio_vtrip_sel[19]
  gpio_vtrip_sel[1]
  gpio_vtrip_sel[20]
  gpio_vtrip_sel[21]
  gpio_vtrip_sel[22]
  gpio_vtrip_sel[23]
  gpio_vtrip_sel[24]
  gpio_vtrip_sel[25]
  gpio_vtrip_sel[26]
  gpio_vtrip_sel[27]
  gpio_vtrip_sel[28]
  gpio_vtrip_sel[29]
  gpio_vtrip_sel[2]
  gpio_vtrip_sel[30]
  gpio_vtrip_sel[31]
  gpio_vtrip_sel[32]
  gpio_vtrip_sel[33]
  gpio_vtrip_sel[34]
  gpio_vtrip_sel[35]
  gpio_vtrip_sel[36]
  gpio_vtrip_sel[37]
  gpio_vtrip_sel[38]
  gpio_vtrip_sel[39]
  gpio_vtrip_sel[3]
  gpio_vtrip_sel[40]
  gpio_vtrip_sel[41]
  gpio_vtrip_sel[42]
  gpio_vtrip_sel[43]
  gpio_vtrip_sel[4]
  gpio_vtrip_sel[5]
  gpio_vtrip_sel[6]
  gpio_vtrip_sel[7]
  gpio_vtrip_sel[8]
  gpio_vtrip_sel[9]
