
===========================================================================
report_checks -unconstrained
===========================================================================
======================= max_ff_n40C_1v95 Corner ===================================

Startpoint: u_counter (rising edge-triggered flip-flop)
Endpoint: gpio_out[14] (output port)
Path Group: unconstrained
Path Type: max

Fanout         Cap        Slew       Delay        Time   Description
---------------------------------------------------------------------------------------------
                      2.508785    0.000000    0.000000 ^ u_counter/clk (counter_macro)
     1    0.703851    8.029889    5.112864    5.112864 ^ u_counter/count[6] (counter_macro)
                                                         gpio_out[14] (net)
                      8.565340    1.599879    6.712743 ^ gpio_out[14] (out)
                                              6.712743   data arrival time
---------------------------------------------------------------------------------------------
(Path is unconstrained)




===========================================================================
report_checks --slack_max -0.01
============================================================================
======================= max_ff_n40C_1v95 Corner ===================================

No paths found.


===========================================================================
 report_check_types -max_slew -max_cap -max_fanout -violators
============================================================================
======================= max_ff_n40C_1v95 Corner ===================================

max slew

Pin                                        Limit        Slew       Slack
------------------------------------------------------------------------
gpio_out[14]                            0.500000    8.565340   -8.065340 (VIOLATED)
gpio_out[12]                            0.500000    8.304086   -7.804086 (VIOLATED)
u_counter/count[6]                      0.500000    8.029889   -7.529889 (VIOLATED)
u_counter/count[4]                      0.500000    8.021121   -7.521121 (VIOLATED)
gpio_out[11]                            0.500000    7.212527   -6.712527 (VIOLATED)
u_counter/count[3]                      0.500000    7.023688   -6.523687 (VIOLATED)
gpio_out[9]                             0.500000    6.707044   -6.207044 (VIOLATED)
u_counter/count[1]                      0.500000    6.603152   -6.103152 (VIOLATED)
gpio_out[15]                            0.500000    6.305330   -5.805330 (VIOLATED)
gpio_out[13]                            0.500000    6.256711   -5.756711 (VIOLATED)
u_counter/count[5]                      0.500000    5.994015   -5.494015 (VIOLATED)
u_counter/count[7]                      0.500000    5.983912   -5.483912 (VIOLATED)
gpio_out[16]                            0.500000    5.600964   -5.100963 (VIOLATED)
gpio_out[10]                            0.500000    5.450788   -4.950788 (VIOLATED)
u_counter/count[2]                      0.500000    5.359554   -4.859554 (VIOLATED)
u_counter/count[8]                      0.500000    5.338890   -4.838890 (VIOLATED)
gpio_out[17]                            0.500000    5.128423   -4.628423 (VIOLATED)
u_counter/count[9]                      0.500000    5.033175   -4.533175 (VIOLATED)
gpio_out[18]                            0.500000    4.579600   -4.079600 (VIOLATED)
u_counter/count[10]                     0.500000    4.495909   -3.995908 (VIOLATED)
gpio_out[8]                             0.500000    4.492092   -3.992092 (VIOLATED)
u_counter/count[0]                      0.500000    4.456076   -3.956076 (VIOLATED)
gpio_out[19]                            0.500000    4.000955   -3.500955 (VIOLATED)
u_counter/count[11]                     0.500000    3.923543   -3.423543 (VIOLATED)
gpio_out[23]                            0.500000    3.840722   -3.340722 (VIOLATED)
u_counter/count[15]                     0.500000    3.765699   -3.265699 (VIOLATED)
gpio_out[20]                            0.500000    3.652332   -3.152332 (VIOLATED)
u_counter/count[12]                     0.500000    3.538696   -3.038696 (VIOLATED)
gpio_out[22]                            0.500000    3.426331   -2.926331 (VIOLATED)
u_counter/count[14]                     0.500000    3.347356   -2.847356 (VIOLATED)
gpio_out[21]                            0.500000    3.314356   -2.814356 (VIOLATED)
u_counter/count[13]                     0.500000    3.222937   -2.722937 (VIOLATED)
gpio_in[14]                             0.500000    3.034178   -2.534178 (VIOLATED)
u_soc/gpio_in[29]                       0.500000    3.034178   -2.534178 (VIOLATED)
gpio_in[17]                             0.500000    2.779743   -2.279743 (VIOLATED)
u_soc/gpio_in[26]                       0.500000    2.779743   -2.279743 (VIOLATED)
mask_rev[9]                             0.500000    2.772476   -2.272476 (VIOLATED)
u_soc/mask_rev[22]                      0.500000    2.772476   -2.272476 (VIOLATED)
mask_rev[5]                             0.500000    2.717403   -2.217403 (VIOLATED)
u_soc/mask_rev[26]                      0.500000    2.717403   -2.217403 (VIOLATED)
mask_rev[10]                            0.500000    2.709450   -2.209450 (VIOLATED)
u_soc/mask_rev[21]                      0.500000    2.709450   -2.209450 (VIOLATED)
mask_rev[20]                            0.500000    2.658687   -2.158687 (VIOLATED)
u_soc/mask_rev[11]                      0.500000    2.658687   -2.158687 (VIOLATED)
mask_rev[0]                             0.500000    2.623006   -2.123006 (VIOLATED)
u_soc/mask_rev[31]                      0.500000    2.623006   -2.123006 (VIOLATED)
mask_rev[15]                            0.500000    2.520205   -2.020205 (VIOLATED)
u_soc/mask_rev[16]                      0.500000    2.520205   -2.020205 (VIOLATED)
u_counter/clk                           0.500000    2.508785   -2.008785 (VIOLATED)
gpio_in[9]                              0.500000    2.500602   -2.000602 (VIOLATED)
u_soc/gpio_in[34]                       0.500000    2.500602   -2.000602 (VIOLATED)
mask_rev[7]                             0.500000    2.459212   -1.959211 (VIOLATED)
u_soc/mask_rev[24]                      0.500000    2.459212   -1.959211 (VIOLATED)
gpio_in[6]                              0.500000    2.454184   -1.954184 (VIOLATED)
u_soc/gpio_in[37]                       0.500000    2.454184   -1.954184 (VIOLATED)
mask_rev[11]                            0.500000    2.423763   -1.923763 (VIOLATED)
u_soc/mask_rev[20]                      0.500000    2.423763   -1.923763 (VIOLATED)
gpio_in[7]                              0.500000    2.409766   -1.909766 (VIOLATED)
u_soc/gpio_in[36]                       0.500000    2.409766   -1.909766 (VIOLATED)
mask_rev[3]                             0.500000    2.407973   -1.907973 (VIOLATED)
u_soc/mask_rev[28]                      0.500000    2.407973   -1.907973 (VIOLATED)
mask_rev[17]                            0.500000    2.402356   -1.902356 (VIOLATED)
u_soc/mask_rev[14]                      0.500000    2.402356   -1.902356 (VIOLATED)
gpio_in[5]                              0.500000    2.397591   -1.897591 (VIOLATED)
u_soc/gpio_in[38]                       0.500000    2.397591   -1.897591 (VIOLATED)
u_counter/resetb                        0.500000    2.397416   -1.897416 (VIOLATED)
mask_rev[13]                            0.500000    2.387704   -1.887704 (VIOLATED)
u_soc/mask_rev[18]                      0.500000    2.387704   -1.887704 (VIOLATED)
gpio_in[21]                             0.500000    2.376619   -1.876619 (VIOLATED)
u_soc/gpio_in[22]                       0.500000    2.376619   -1.876619 (VIOLATED)
gpio_in[11]                             0.500000    2.349932   -1.849932 (VIOLATED)
u_soc/gpio_in[32]                       0.500000    2.349932   -1.849932 (VIOLATED)
gpio_in[18]                             0.500000    2.315334   -1.815334 (VIOLATED)
u_soc/gpio_in[25]                       0.500000    2.315334   -1.815334 (VIOLATED)
gpio_in[4]                              0.500000    2.297169   -1.797169 (VIOLATED)
u_soc/gpio_in[39]                       0.500000    2.297169   -1.797169 (VIOLATED)
gpio_in[20]                             0.500000    2.295689   -1.795689 (VIOLATED)
u_soc/gpio_in[23]                       0.500000    2.295689   -1.795689 (VIOLATED)
gpio_in[12]                             0.500000    2.247506   -1.747506 (VIOLATED)
u_soc/gpio_in[31]                       0.500000    2.247506   -1.747506 (VIOLATED)
gpio_in[38]                             0.500000    2.169465   -1.669465 (VIOLATED)
u_soc/gpio_in[5]                        0.500000    2.169465   -1.669465 (VIOLATED)
mask_rev[12]                            0.500000    2.168247   -1.668247 (VIOLATED)
u_soc/mask_rev[19]                      0.500000    2.168247   -1.668247 (VIOLATED)
gpio_in[19]                             0.500000    2.159005   -1.659005 (VIOLATED)
u_soc/gpio_in[24]                       0.500000    2.159005   -1.659005 (VIOLATED)
gpio_oeb[14]                            0.500000    2.154641   -1.654641 (VIOLATED)
mask_rev[19]                            0.500000    2.134194   -1.634194 (VIOLATED)
u_soc/mask_rev[12]                      0.500000    2.134194   -1.634194 (VIOLATED)
gpio_in[13]                             0.500000    2.115094   -1.615094 (VIOLATED)
u_soc/gpio_in[30]                       0.500000    2.115094   -1.615094 (VIOLATED)
gpio_in[2]                              0.500000    2.076764   -1.576764 (VIOLATED)
u_soc/gpio_in[41]                       0.500000    2.076764   -1.576764 (VIOLATED)
gpio_in[22]                             0.500000    2.045615   -1.545615 (VIOLATED)
u_soc/gpio_in[21]                       0.500000    2.045615   -1.545615 (VIOLATED)
gpio_in[29]                             0.500000    2.039512   -1.539512 (VIOLATED)
u_soc/gpio_in[14]                       0.500000    2.039512   -1.539512 (VIOLATED)
gpio_in[8]                              0.500000    2.023639   -1.523639 (VIOLATED)
u_soc/gpio_in[35]                       0.500000    2.023639   -1.523639 (VIOLATED)
mask_rev[30]                            0.500000    2.017784   -1.517784 (VIOLATED)
u_soc/mask_rev[1]                       0.500000    2.017784   -1.517784 (VIOLATED)
mask_rev[25]                            0.500000    2.017487   -1.517487 (VIOLATED)
u_soc/mask_rev[6]                       0.500000    2.017487   -1.517487 (VIOLATED)
gpio_in[28]                             0.500000    1.998382   -1.498382 (VIOLATED)
u_soc/gpio_in[15]                       0.500000    1.998382   -1.498382 (VIOLATED)
mask_rev[1]                             0.500000    1.991762   -1.491762 (VIOLATED)
u_soc/mask_rev[30]                      0.500000    1.991762   -1.491762 (VIOLATED)
gpio_in[30]                             0.500000    1.987237   -1.487237 (VIOLATED)
u_soc/gpio_in[13]                       0.500000    1.987237   -1.487237 (VIOLATED)
gpio_in[33]                             0.500000    1.972701   -1.472701 (VIOLATED)
u_soc/gpio_in[10]                       0.500000    1.972701   -1.472701 (VIOLATED)
mask_rev[4]                             0.500000    1.967664   -1.467664 (VIOLATED)
u_soc/mask_rev[27]                      0.500000    1.967664   -1.467664 (VIOLATED)
gpio_in[0]                              0.500000    1.965371   -1.465371 (VIOLATED)
u_soc/gpio_in[43]                       0.500000    1.965371   -1.465371 (VIOLATED)
mask_rev[23]                            0.500000    1.964132   -1.464132 (VIOLATED)
u_soc/mask_rev[8]                       0.500000    1.964132   -1.464132 (VIOLATED)
gpio_in[1]                              0.500000    1.962297   -1.462297 (VIOLATED)
u_soc/gpio_in[42]                       0.500000    1.962297   -1.462297 (VIOLATED)
mask_rev[28]                            0.500000    1.931126   -1.431126 (VIOLATED)
u_soc/mask_rev[3]                       0.500000    1.931126   -1.431126 (VIOLATED)
mask_rev[21]                            0.500000    1.929668   -1.429668 (VIOLATED)
u_soc/mask_rev[10]                      0.500000    1.929668   -1.429668 (VIOLATED)
gpio_in[16]                             0.500000    1.924362   -1.424362 (VIOLATED)
u_soc/gpio_in[27]                       0.500000    1.924362   -1.424362 (VIOLATED)
mask_rev[22]                            0.500000    1.924189   -1.424189 (VIOLATED)
u_soc/mask_rev[9]                       0.500000    1.924189   -1.424189 (VIOLATED)
mask_rev[6]                             0.500000    1.918519   -1.418518 (VIOLATED)
u_soc/mask_rev[25]                      0.500000    1.918519   -1.418518 (VIOLATED)
gpio_in[32]                             0.500000    1.917405   -1.417405 (VIOLATED)
u_soc/gpio_in[11]                       0.500000    1.917405   -1.417405 (VIOLATED)
gpio_in[3]                              0.500000    1.883436   -1.383436 (VIOLATED)
u_soc/gpio_in[40]                       0.500000    1.883436   -1.383436 (VIOLATED)
gpio_in[15]                             0.500000    1.872855   -1.372855 (VIOLATED)
u_soc/gpio_in[28]                       0.500000    1.872855   -1.372855 (VIOLATED)
mask_rev[16]                            0.500000    1.866907   -1.366907 (VIOLATED)
u_soc/mask_rev[15]                      0.500000    1.866907   -1.366907 (VIOLATED)
mask_rev[18]                            0.500000    1.855739   -1.355739 (VIOLATED)
u_soc/mask_rev[13]                      0.500000    1.855739   -1.355739 (VIOLATED)
gpio_in[10]                             0.500000    1.853260   -1.353260 (VIOLATED)
u_soc/gpio_in[33]                       0.500000    1.853260   -1.353260 (VIOLATED)
mask_rev[8]                             0.500000    1.837802   -1.337802 (VIOLATED)
u_soc/mask_rev[23]                      0.500000    1.837802   -1.337802 (VIOLATED)
gpio_in[34]                             0.500000    1.820580   -1.320580 (VIOLATED)
u_soc/gpio_in[9]                        0.500000    1.820580   -1.320580 (VIOLATED)
gpio_in[27]                             0.500000    1.818561   -1.318561 (VIOLATED)
u_soc/gpio_in[16]                       0.500000    1.818561   -1.318561 (VIOLATED)
u_soc/resetb_l                          0.500000    1.811167   -1.311167 (VIOLATED)
gpio_in[31]                             0.500000    1.797318   -1.297317 (VIOLATED)
u_soc/gpio_in[12]                       0.500000    1.797318   -1.297317 (VIOLATED)
mask_rev[31]                            0.500000    1.775418   -1.275418 (VIOLATED)
u_soc/mask_rev[0]                       0.500000    1.775418   -1.275418 (VIOLATED)
mask_rev[29]                            0.500000    1.768507   -1.268507 (VIOLATED)
u_soc/mask_rev[2]                       0.500000    1.768507   -1.268507 (VIOLATED)
resetb_l                                0.500000    1.765939   -1.265939 (VIOLATED)
mask_rev[26]                            0.500000    1.752862   -1.252862 (VIOLATED)
u_soc/mask_rev[5]                       0.500000    1.752862   -1.252862 (VIOLATED)
gpio_in[26]                             0.500000    1.738027   -1.238027 (VIOLATED)
u_soc/gpio_in[17]                       0.500000    1.738027   -1.238027 (VIOLATED)
mask_rev[2]                             0.500000    1.712651   -1.212651 (VIOLATED)
u_soc/mask_rev[29]                      0.500000    1.712651   -1.212651 (VIOLATED)
gpio_in[23]                             0.500000    1.711227   -1.211227 (VIOLATED)
u_soc/gpio_in[20]                       0.500000    1.711227   -1.211227 (VIOLATED)
mask_rev[24]                            0.500000    1.649333   -1.149333 (VIOLATED)
u_soc/mask_rev[7]                       0.500000    1.649333   -1.149333 (VIOLATED)
gpio_in[25]                             0.500000    1.647988   -1.147988 (VIOLATED)
u_soc/gpio_in[18]                       0.500000    1.647988   -1.147988 (VIOLATED)
mask_rev[14]                            0.500000    1.645006   -1.145006 (VIOLATED)
u_soc/mask_rev[17]                      0.500000    1.645006   -1.145006 (VIOLATED)
gpio_in[24]                             0.500000    1.612907   -1.112907 (VIOLATED)
u_soc/gpio_in[19]                       0.500000    1.612907   -1.112907 (VIOLATED)
mask_rev[27]                            0.500000    1.599545   -1.099545 (VIOLATED)
u_soc/mask_rev[4]                       0.500000    1.599545   -1.099545 (VIOLATED)
gpio_in[37]                             0.500000    1.506348   -1.006348 (VIOLATED)
u_soc/gpio_in[6]                        0.500000    1.506348   -1.006348 (VIOLATED)
gpio_in[35]                             0.500000    1.502078   -1.002078 (VIOLATED)
u_soc/gpio_in[8]                        0.500000    1.502078   -1.002078 (VIOLATED)
gpio_oeb[12]                            0.500000    1.396209   -0.896209 (VIOLATED)
gpio_in[36]                             0.500000    1.393255   -0.893255 (VIOLATED)
u_soc/gpio_in[7]                        0.500000    1.393255   -0.893255 (VIOLATED)
gpio_oeb[13]                            0.500000    1.201809   -0.701809 (VIOLATED)
gpio_oeb[18]                            0.500000    1.090047   -0.590047 (VIOLATED)
gpio_oeb[10]                            0.500000    1.044784   -0.544784 (VIOLATED)
gpio_oeb[15]                            0.500000    0.836901   -0.336901 (VIOLATED)
gpio_oeb[22]                            0.500000    0.833736   -0.333736 (VIOLATED)
gpio_oeb[11]                            0.500000    0.783785   -0.283785 (VIOLATED)
gpio_oeb[16]                            0.500000    0.762171   -0.262171 (VIOLATED)
gpio_oeb[17]                            0.500000    0.726554   -0.226554 (VIOLATED)
gpio_oeb[23]                            0.500000    0.632632   -0.132633 (VIOLATED)
gpio_oeb[20]                            0.500000    0.631053   -0.131053 (VIOLATED)
gpio_oeb[19]                            0.500000    0.609092   -0.109092 (VIOLATED)
gpio_in[43]                             0.500000    0.601521   -0.101521 (VIOLATED)
u_soc/gpio_in[0]                        0.500000    0.601521   -0.101521 (VIOLATED)
gpio_oeb[21]                            0.500000    0.570268   -0.070268 (VIOLATED)
gpio_oeb[9]                             0.500000    0.549354   -0.049354 (VIOLATED)

max capacitance

Pin                                        Limit         Cap       Slack
------------------------------------------------------------------------
gpio_in[17]                             0.200000    1.278792   -1.078792 (VIOLATED)
gpio_in[15]                             0.200000    1.246486   -1.046486 (VIOLATED)
gpio_in[13]                             0.200000    1.192790   -0.992790 (VIOLATED)
gpio_in[16]                             0.200000    1.172678   -0.972678 (VIOLATED)
gpio_in[9]                              0.200000    1.171380   -0.971380 (VIOLATED)
gpio_in[14]                             0.200000    1.164007   -0.964007 (VIOLATED)
gpio_in[18]                             0.200000    1.147190   -0.947190 (VIOLATED)
gpio_in[20]                             0.200000    1.124127   -0.924127 (VIOLATED)
gpio_in[7]                              0.200000    1.092790   -0.892790 (VIOLATED)
gpio_in[19]                             0.200000    0.999934   -0.799934 (VIOLATED)
gpio_in[12]                             0.200000    0.999880   -0.799880 (VIOLATED)
gpio_in[8]                              0.200000    0.985751   -0.785751 (VIOLATED)
gpio_in[6]                              0.200000    0.964893   -0.764893 (VIOLATED)
gpio_in[10]                             0.200000    0.956518   -0.756518 (VIOLATED)
gpio_in[5]                              0.200000    0.947309   -0.747309 (VIOLATED)
gpio_in[11]                             0.200000    0.934555   -0.734555 (VIOLATED)
gpio_in[24]                             0.200000    0.919677   -0.719677 (VIOLATED)
gpio_in[21]                             0.200000    0.917676   -0.717676 (VIOLATED)
gpio_in[4]                              0.200000    0.900929   -0.700929 (VIOLATED)
gpio_in[22]                             0.200000    0.891968   -0.691968 (VIOLATED)
mask_rev[9]                             0.200000    0.812951   -0.612951 (VIOLATED)
gpio_in[2]                              0.200000    0.809939   -0.609939 (VIOLATED)
mask_rev[5]                             0.200000    0.796723   -0.596723 (VIOLATED)
mask_rev[10]                            0.200000    0.795300   -0.595300 (VIOLATED)
gpio_in[23]                             0.200000    0.794445   -0.594445 (VIOLATED)
gpio_in[28]                             0.200000    0.782304   -0.582304 (VIOLATED)
mask_rev[20]                            0.200000    0.779561   -0.579561 (VIOLATED)
gpio_in[29]                             0.200000    0.773862   -0.573862 (VIOLATED)
mask_rev[0]                             0.200000    0.769439   -0.569439 (VIOLATED)
gpio_in[1]                              0.200000    0.766744   -0.566744 (VIOLATED)
mask_rev[30]                            0.200000    0.761205   -0.561205 (VIOLATED)
mask_rev[25]                            0.200000    0.761186   -0.561186 (VIOLATED)
mask_rev[15]                            0.200000    0.741615   -0.541615 (VIOLATED)
mask_rev[4]                             0.200000    0.739308   -0.539308 (VIOLATED)
gpio_in[26]                             0.200000    0.735871   -0.535872 (VIOLATED)
mask_rev[1]                             0.200000    0.733272   -0.533272 (VIOLATED)
gpio_in[27]                             0.200000    0.733107   -0.533107 (VIOLATED)
mask_rev[28]                            0.200000    0.729145   -0.529145 (VIOLATED)
mask_rev[7]                             0.200000    0.725792   -0.525792 (VIOLATED)
mask_rev[22]                            0.200000    0.724827   -0.524827 (VIOLATED)
gpio_in[30]                             0.200000    0.723840   -0.523840 (VIOLATED)
mask_rev[6]                             0.200000    0.720519   -0.520519 (VIOLATED)
gpio_in[0]                              0.200000    0.719808   -0.519808 (VIOLATED)
gpio_in[25]                             0.200000    0.717359   -0.517359 (VIOLATED)
mask_rev[17]                            0.200000    0.716230   -0.516230 (VIOLATED)
mask_rev[11]                            0.200000    0.715140   -0.515140 (VIOLATED)
mask_rev[3]                             0.200000    0.706760   -0.506760 (VIOLATED)
u_counter/count[6]                      0.200000    0.703851   -0.503851 (VIOLATED)
mask_rev[13]                            0.200000    0.702201   -0.502201 (VIOLATED)
mask_rev[16]                            0.200000    0.698787   -0.498787 (VIOLATED)
u_counter/count[4]                      0.200000    0.697415   -0.497415 (VIOLATED)
mask_rev[21]                            0.200000    0.694534   -0.494534 (VIOLATED)
gpio_in[3]                              0.200000    0.688503   -0.488503 (VIOLATED)
mask_rev[8]                             0.200000    0.674598   -0.474598 (VIOLATED)
mask_rev[23]                            0.200000    0.673257   -0.473257 (VIOLATED)
mask_rev[18]                            0.200000    0.671149   -0.471149 (VIOLATED)
mask_rev[31]                            0.200000    0.668026   -0.468026 (VIOLATED)
u_counter/count_oeb[6]                  0.200000    0.664541   -0.464541 (VIOLATED)
mask_rev[29]                            0.200000    0.659860   -0.459860 (VIOLATED)
gpio_in[38]                             0.200000    0.654888   -0.454888 (VIOLATED)
mask_rev[12]                            0.200000    0.644205   -0.444205 (VIOLATED)
mask_rev[26]                            0.200000    0.643242   -0.443242 (VIOLATED)
mask_rev[19]                            0.200000    0.635829   -0.435829 (VIOLATED)
gpio_in[31]                             0.200000    0.635281   -0.435281 (VIOLATED)
mask_rev[24]                            0.200000    0.612692   -0.412692 (VIOLATED)
gpio_in[33]                             0.200000    0.612280   -0.412280 (VIOLATED)
u_counter/count[3]                      0.200000    0.609793   -0.409793 (VIOLATED)
gpio_in[32]                             0.200000    0.609713   -0.409713 (VIOLATED)
mask_rev[14]                            0.200000    0.609554   -0.409554 (VIOLATED)
u_counter/count_oeb[4]                  0.200000    0.595839   -0.395839 (VIOLATED)
mask_rev[27]                            0.200000    0.585390   -0.385390 (VIOLATED)
mask_rev[2]                             0.200000    0.579634   -0.379634 (VIOLATED)
u_counter/count[1]                      0.200000    0.576145   -0.376145 (VIOLATED)
u_counter/count_oeb[2]                  0.200000    0.561504   -0.361504 (VIOLATED)
gpio_in[34]                             0.200000    0.554544   -0.354544 (VIOLATED)
resetb_l                                0.200000    0.549271   -0.349271 (VIOLATED)
u_counter/count[7]                      0.200000    0.520924   -0.320924 (VIOLATED)
u_counter/count[5]                      0.200000    0.519251   -0.319251 (VIOLATED)
u_counter/count_oeb[7]                  0.200000    0.498344   -0.298344 (VIOLATED)
u_counter/count_oeb[5]                  0.200000    0.476183   -0.276183 (VIOLATED)
u_counter/count[2]                      0.200000    0.467039   -0.267039 (VIOLATED)
u_counter/count[8]                      0.200000    0.466841   -0.266841 (VIOLATED)
gpio_in[35]                             0.200000    0.453071   -0.253071 (VIOLATED)
gpio_in[37]                             0.200000    0.446398   -0.246398 (VIOLATED)
u_counter/count_oeb[8]                  0.200000    0.445006   -0.245006 (VIOLATED)
u_counter/count[9]                      0.200000    0.439580   -0.239580 (VIOLATED)
u_counter/count_oeb[3]                  0.200000    0.418975   -0.218975 (VIOLATED)
u_counter/count_oeb[9]                  0.200000    0.417246   -0.217246 (VIOLATED)
gpio_in[36]                             0.200000    0.415567   -0.215567 (VIOLATED)
u_counter/count[10]                     0.200000    0.392660   -0.192660 (VIOLATED)
u_counter/count[0]                      0.200000    0.389827   -0.189827 (VIOLATED)
u_counter/count_oeb[1]                  0.200000    0.389157   -0.189157 (VIOLATED)
u_counter/count_oeb[10]                 0.200000    0.379977   -0.179977 (VIOLATED)
u_counter/count_oeb[14]                 0.200000    0.374595   -0.174595 (VIOLATED)
u_counter/count_oeb[0]                  0.200000    0.362903   -0.162903 (VIOLATED)
u_counter/count[11]                     0.200000    0.344387   -0.144387 (VIOLATED)
u_counter/count_oeb[15]                 0.200000    0.338102   -0.138102 (VIOLATED)
u_counter/count[15]                     0.200000    0.330603   -0.130603 (VIOLATED)
u_counter/count_oeb[11]                 0.200000    0.317330   -0.117330 (VIOLATED)
u_counter/count[12]                     0.200000    0.309945   -0.109945 (VIOLATED)
u_counter/count[14]                     0.200000    0.293501   -0.093501 (VIOLATED)
u_counter/count_oeb[12]                 0.200000    0.289109   -0.089109 (VIOLATED)
u_counter/count[13]                     0.200000    0.282515   -0.082516 (VIOLATED)
u_counter/count_oeb[13]                 0.200000    0.277369   -0.077369 (VIOLATED)



===========================================================================
report_parasitic_annotation -report_unannotated
============================================================================
Found 223 unannotated drivers.
 analog_io[0]
 analog_io[10]
 analog_io[11]
 analog_io[12]
 analog_io[13]
 analog_io[14]
 analog_io[15]
 analog_io[16]
 analog_io[17]
 analog_io[18]
 analog_io[19]
 analog_io[1]
 analog_io[20]
 analog_io[21]
 analog_io[22]
 analog_io[23]
 analog_io[24]
 analog_io[25]
 analog_io[26]
 analog_io[27]
 analog_io[28]
 analog_io[29]
 analog_io[2]
 analog_io[30]
 analog_io[31]
 analog_io[32]
 analog_io[33]
 analog_io[34]
 analog_io[35]
 analog_io[36]
 analog_io[37]
 analog_io[38]
 analog_io[39]
 analog_io[3]
 analog_io[40]
 analog_io[41]
 analog_io[42]
 analog_io[43]
 analog_io[4]
 analog_io[5]
 analog_io[6]
 analog_io[7]
 analog_io[8]
 analog_io[9]
 analog_noesd_io[0]
 analog_noesd_io[10]
 analog_noesd_io[11]
 analog_noesd_io[12]
 analog_noesd_io[13]
 analog_noesd_io[14]
 analog_noesd_io[15]
 analog_noesd_io[16]
 analog_noesd_io[17]
 analog_noesd_io[18]
 analog_noesd_io[19]
 analog_noesd_io[1]
 analog_noesd_io[20]
 analog_noesd_io[21]
 analog_noesd_io[22]
 analog_noesd_io[23]
 analog_noesd_io[24]
 analog_noesd_io[25]
 analog_noesd_io[26]
 analog_noesd_io[27]
 analog_noesd_io[28]
 analog_noesd_io[29]
 analog_noesd_io[2]
 analog_noesd_io[30]
 analog_noesd_io[31]
 analog_noesd_io[32]
 analog_noesd_io[33]
 analog_noesd_io[34]
 analog_noesd_io[35]
 analog_noesd_io[36]
 analog_noesd_io[37]
 analog_noesd_io[38]
 analog_noesd_io[39]
 analog_noesd_io[3]
 analog_noesd_io[40]
 analog_noesd_io[41]
 analog_noesd_io[42]
 analog_noesd_io[43]
 analog_noesd_io[4]
 analog_noesd_io[5]
 analog_noesd_io[6]
 analog_noesd_io[7]
 analog_noesd_io[8]
 analog_noesd_io[9]
 gpio_in_h[0]
 gpio_in_h[10]
 gpio_in_h[11]
 gpio_in_h[12]
 gpio_in_h[13]
 gpio_in_h[14]
 gpio_in_h[15]
 gpio_in_h[16]
 gpio_in_h[17]
 gpio_in_h[18]
 gpio_in_h[19]
 gpio_in_h[1]
 gpio_in_h[20]
 gpio_in_h[21]
 gpio_in_h[22]
 gpio_in_h[23]
 gpio_in_h[24]
 gpio_in_h[25]
 gpio_in_h[26]
 gpio_in_h[27]
 gpio_in_h[28]
 gpio_in_h[29]
 gpio_in_h[2]
 gpio_in_h[30]
 gpio_in_h[31]
 gpio_in_h[32]
 gpio_in_h[33]
 gpio_in_h[34]
 gpio_in_h[35]
 gpio_in_h[36]
 gpio_in_h[37]
 gpio_in_h[38]
 gpio_in_h[39]
 gpio_in_h[3]
 gpio_in_h[40]
 gpio_in_h[41]
 gpio_in_h[42]
 gpio_in_h[43]
 gpio_in_h[4]
 gpio_in_h[5]
 gpio_in_h[6]
 gpio_in_h[7]
 gpio_in_h[8]
 gpio_in_h[9]
 gpio_loopback_one[0]
 gpio_loopback_one[10]
 gpio_loopback_one[11]
 gpio_loopback_one[12]
 gpio_loopback_one[13]
 gpio_loopback_one[14]
 gpio_loopback_one[15]
 gpio_loopback_one[16]
 gpio_loopback_one[17]
 gpio_loopback_one[18]
 gpio_loopback_one[19]
 gpio_loopback_one[1]
 gpio_loopback_one[20]
 gpio_loopback_one[21]
 gpio_loopback_one[22]
 gpio_loopback_one[23]
 gpio_loopback_one[24]
 gpio_loopback_one[25]
 gpio_loopback_one[26]
 gpio_loopback_one[27]
 gpio_loopback_one[28]
 gpio_loopback_one[29]
 gpio_loopback_one[2]
 gpio_loopback_one[30]
 gpio_loopback_one[31]
 gpio_loopback_one[32]
 gpio_loopback_one[33]
 gpio_loopback_one[34]
 gpio_loopback_one[35]
 gpio_loopback_one[36]
 gpio_loopback_one[37]
 gpio_loopback_one[38]
 gpio_loopback_one[39]
 gpio_loopback_one[3]
 gpio_loopback_one[40]
 gpio_loopback_one[41]
 gpio_loopback_one[42]
 gpio_loopback_one[43]
 gpio_loopback_one[4]
 gpio_loopback_one[5]
 gpio_loopback_one[6]
 gpio_loopback_one[7]
 gpio_loopback_one[8]
 gpio_loopback_one[9]
 gpio_loopback_zero[0]
 gpio_loopback_zero[10]
 gpio_loopback_zero[11]
 gpio_loopback_zero[12]
 gpio_loopback_zero[13]
 gpio_loopback_zero[14]
 gpio_loopback_zero[15]
 gpio_loopback_zero[16]
 gpio_loopback_zero[17]
 gpio_loopback_zero[18]
 gpio_loopback_zero[19]
 gpio_loopback_zero[1]
 gpio_loopback_zero[20]
 gpio_loopback_zero[21]
 gpio_loopback_zero[22]
 gpio_loopback_zero[23]
 gpio_loopback_zero[24]
 gpio_loopback_zero[25]
 gpio_loopback_zero[26]
 gpio_loopback_zero[27]
 gpio_loopback_zero[28]
 gpio_loopback_zero[29]
 gpio_loopback_zero[2]
 gpio_loopback_zero[30]
 gpio_loopback_zero[31]
 gpio_loopback_zero[32]
 gpio_loopback_zero[33]
 gpio_loopback_zero[34]
 gpio_loopback_zero[35]
 gpio_loopback_zero[36]
 gpio_loopback_zero[37]
 gpio_loopback_zero[38]
 gpio_loopback_zero[39]
 gpio_loopback_zero[3]
 gpio_loopback_zero[40]
 gpio_loopback_zero[41]
 gpio_loopback_zero[42]
 gpio_loopback_zero[43]
 gpio_loopback_zero[4]
 gpio_loopback_zero[5]
 gpio_loopback_zero[6]
 gpio_loopback_zero[7]
 gpio_loopback_zero[8]
 gpio_loopback_zero[9]
 por_l
 porb_h
 resetb_h
Found 76 partially unannotated drivers.
 gpio_in[0]
  u_soc/gpio_in[43]
 gpio_in[10]
  u_soc/gpio_in[33]
 gpio_in[11]
  u_soc/gpio_in[32]
 gpio_in[12]
  u_soc/gpio_in[31]
 gpio_in[13]
  u_soc/gpio_in[30]
 gpio_in[14]
  u_soc/gpio_in[29]
 gpio_in[15]
  u_soc/gpio_in[28]
 gpio_in[16]
  u_soc/gpio_in[27]
 gpio_in[17]
  u_soc/gpio_in[26]
 gpio_in[18]
  u_soc/gpio_in[25]
 gpio_in[19]
  u_soc/gpio_in[24]
 gpio_in[1]
  u_soc/gpio_in[42]
 gpio_in[20]
  u_soc/gpio_in[23]
 gpio_in[21]
  u_soc/gpio_in[22]
 gpio_in[22]
  u_soc/gpio_in[21]
 gpio_in[23]
  u_soc/gpio_in[20]
 gpio_in[24]
  u_soc/gpio_in[19]
 gpio_in[25]
  u_soc/gpio_in[18]
 gpio_in[26]
  u_soc/gpio_in[17]
 gpio_in[27]
  u_soc/gpio_in[16]
 gpio_in[28]
  u_soc/gpio_in[15]
 gpio_in[29]
  u_soc/gpio_in[14]
 gpio_in[2]
  u_soc/gpio_in[41]
 gpio_in[30]
  u_soc/gpio_in[13]
 gpio_in[31]
  u_soc/gpio_in[12]
 gpio_in[32]
  u_soc/gpio_in[11]
 gpio_in[33]
  u_soc/gpio_in[10]
 gpio_in[34]
  u_soc/gpio_in[9]
 gpio_in[35]
  u_soc/gpio_in[8]
 gpio_in[36]
  u_soc/gpio_in[7]
 gpio_in[37]
  u_soc/gpio_in[6]
 gpio_in[38]
  u_soc/gpio_in[5]
 gpio_in[39]
  u_soc/gpio_in[4]
 gpio_in[3]
  u_soc/gpio_in[40]
 gpio_in[40]
  u_soc/gpio_in[3]
 gpio_in[41]
  u_soc/gpio_in[2]
 gpio_in[42]
  u_soc/gpio_in[1]
 gpio_in[43]
  u_soc/gpio_in[0]
 gpio_in[4]
  u_soc/gpio_in[39]
 gpio_in[5]
  u_soc/gpio_in[38]
 gpio_in[6]
  u_soc/gpio_in[37]
 gpio_in[7]
  u_soc/gpio_in[36]
 gpio_in[8]
  u_soc/gpio_in[35]
 gpio_in[9]
  u_soc/gpio_in[34]
 mask_rev[0]
  u_soc/mask_rev[31]
 mask_rev[10]
  u_soc/mask_rev[21]
 mask_rev[11]
  u_soc/mask_rev[20]
 mask_rev[12]
  u_soc/mask_rev[19]
 mask_rev[13]
  u_soc/mask_rev[18]
 mask_rev[14]
  u_soc/mask_rev[17]
 mask_rev[15]
  u_soc/mask_rev[16]
 mask_rev[16]
  u_soc/mask_rev[15]
 mask_rev[17]
  u_soc/mask_rev[14]
 mask_rev[18]
  u_soc/mask_rev[13]
 mask_rev[19]
  u_soc/mask_rev[12]
 mask_rev[1]
  u_soc/mask_rev[30]
 mask_rev[20]
  u_soc/mask_rev[11]
 mask_rev[21]
  u_soc/mask_rev[10]
 mask_rev[22]
  u_soc/mask_rev[9]
 mask_rev[23]
  u_soc/mask_rev[8]
 mask_rev[24]
  u_soc/mask_rev[7]
 mask_rev[25]
  u_soc/mask_rev[6]
 mask_rev[26]
  u_soc/mask_rev[5]
 mask_rev[27]
  u_soc/mask_rev[4]
 mask_rev[28]
  u_soc/mask_rev[3]
 mask_rev[29]
  u_soc/mask_rev[2]
 mask_rev[2]
  u_soc/mask_rev[29]
 mask_rev[30]
  u_soc/mask_rev[1]
 mask_rev[31]
  u_soc/mask_rev[0]
 mask_rev[3]
  u_soc/mask_rev[28]
 mask_rev[4]
  u_soc/mask_rev[27]
 mask_rev[5]
  u_soc/mask_rev[26]
 mask_rev[6]
  u_soc/mask_rev[25]
 mask_rev[7]
  u_soc/mask_rev[24]
 mask_rev[8]
  u_soc/mask_rev[23]
 mask_rev[9]
  u_soc/mask_rev[22]

===========================================================================
max slew violation count 195
max fanout violation count 0
max cap violation count 104
============================================================================

===========================================================================
check_setup -verbose -unconstrained_endpoints -multiple_clock -no_clock -no_input_delay -loops -generated_clocks
===========================================================================
Warning: There is 1 unclocked register/latch pin.
  u_counter/clk
Warning: There are 660 unconstrained endpoints.
  analog_io[0]
  analog_io[10]
  analog_io[11]
  analog_io[12]
  analog_io[13]
  analog_io[14]
  analog_io[15]
  analog_io[16]
  analog_io[17]
  analog_io[18]
  analog_io[19]
  analog_io[1]
  analog_io[20]
  analog_io[21]
  analog_io[22]
  analog_io[23]
  analog_io[24]
  analog_io[25]
  analog_io[26]
  analog_io[27]
  analog_io[28]
  analog_io[29]
  analog_io[2]
  analog_io[30]
  analog_io[31]
  analog_io[32]
  analog_io[33]
  analog_io[34]
  analog_io[35]
  analog_io[36]
  analog_io[37]
  analog_io[38]
  analog_io[39]
  analog_io[3]
  analog_io[40]
  analog_io[41]
  analog_io[42]
  analog_io[43]
  analog_io[4]
  analog_io[5]
  analog_io[6]
  analog_io[7]
  analog_io[8]
  analog_io[9]
  analog_noesd_io[0]
  analog_noesd_io[10]
  analog_noesd_io[11]
  analog_noesd_io[12]
  analog_noesd_io[13]
  analog_noesd_io[14]
  analog_noesd_io[15]
  analog_noesd_io[16]
  analog_noesd_io[17]
  analog_noesd_io[18]
  analog_noesd_io[19]
  analog_noesd_io[1]
  analog_noesd_io[20]
  analog_noesd_io[21]
  analog_noesd_io[22]
  analog_noesd_io[23]
  analog_noesd_io[24]
  analog_noesd_io[25]
  analog_noesd_io[26]
  analog_noesd_io[27]
  analog_noesd_io[28]
  analog_noesd_io[29]
  analog_noesd_io[2]
  analog_noesd_io[30]
  analog_noesd_io[31]
  analog_noesd_io[32]
  analog_noesd_io[33]
  analog_noesd_io[34]
  analog_noesd_io[35]
  analog_noesd_io[36]
  analog_noesd_io[37]
  analog_noesd_io[38]
  analog_noesd_io[39]
  analog_noesd_io[3]
  analog_noesd_io[40]
  analog_noesd_io[41]
  analog_noesd_io[42]
  analog_noesd_io[43]
  analog_noesd_io[4]
  analog_noesd_io[5]
  analog_noesd_io[6]
  analog_noesd_io[7]
  analog_noesd_io[8]
  analog_noesd_io[9]
  gpio_analog_en[0]
  gpio_analog_en[10]
  gpio_analog_en[11]
  gpio_analog_en[12]
  gpio_analog_en[13]
  gpio_analog_en[14]
  gpio_analog_en[15]
  gpio_analog_en[16]
  gpio_analog_en[17]
  gpio_analog_en[18]
  gpio_analog_en[19]
  gpio_analog_en[1]
  gpio_analog_en[20]
  gpio_analog_en[21]
  gpio_analog_en[22]
  gpio_analog_en[23]
  gpio_analog_en[24]
  gpio_analog_en[25]
  gpio_analog_en[26]
  gpio_analog_en[27]
  gpio_analog_en[28]
  gpio_analog_en[29]
  gpio_analog_en[2]
  gpio_analog_en[30]
  gpio_analog_en[31]
  gpio_analog_en[32]
  gpio_analog_en[33]
  gpio_analog_en[34]
  gpio_analog_en[35]
  gpio_analog_en[36]
  gpio_analog_en[37]
  gpio_analog_en[38]
  gpio_analog_en[39]
  gpio_analog_en[3]
  gpio_analog_en[40]
  gpio_analog_en[41]
  gpio_analog_en[42]
  gpio_analog_en[43]
  gpio_analog_en[4]
  gpio_analog_en[5]
  gpio_analog_en[6]
  gpio_analog_en[7]
  gpio_analog_en[8]
  gpio_analog_en[9]
  gpio_analog_pol[0]
  gpio_analog_pol[10]
  gpio_analog_pol[11]
  gpio_analog_pol[12]
  gpio_analog_pol[13]
  gpio_analog_pol[14]
  gpio_analog_pol[15]
  gpio_analog_pol[16]
  gpio_analog_pol[17]
  gpio_analog_pol[18]
  gpio_analog_pol[19]
  gpio_analog_pol[1]
  gpio_analog_pol[20]
  gpio_analog_pol[21]
  gpio_analog_pol[22]
  gpio_analog_pol[23]
  gpio_analog_pol[24]
  gpio_analog_pol[25]
  gpio_analog_pol[26]
  gpio_analog_pol[27]
  gpio_analog_pol[28]
  gpio_analog_pol[29]
  gpio_analog_pol[2]
  gpio_analog_pol[30]
  gpio_analog_pol[31]
  gpio_analog_pol[32]
  gpio_analog_pol[33]
  gpio_analog_pol[34]
  gpio_analog_pol[35]
  gpio_analog_pol[36]
  gpio_analog_pol[37]
  gpio_analog_pol[38]
  gpio_analog_pol[39]
  gpio_analog_pol[3]
  gpio_analog_pol[40]
  gpio_analog_pol[41]
  gpio_analog_pol[42]
  gpio_analog_pol[43]
  gpio_analog_pol[4]
  gpio_analog_pol[5]
  gpio_analog_pol[6]
  gpio_analog_pol[7]
  gpio_analog_pol[8]
  gpio_analog_pol[9]
  gpio_analog_sel[0]
  gpio_analog_sel[10]
  gpio_analog_sel[11]
  gpio_analog_sel[12]
  gpio_analog_sel[13]
  gpio_analog_sel[14]
  gpio_analog_sel[15]
  gpio_analog_sel[16]
  gpio_analog_sel[17]
  gpio_analog_sel[18]
  gpio_analog_sel[19]
  gpio_analog_sel[1]
  gpio_analog_sel[20]
  gpio_analog_sel[21]
  gpio_analog_sel[22]
  gpio_analog_sel[23]
  gpio_analog_sel[24]
  gpio_analog_sel[25]
  gpio_analog_sel[26]
  gpio_analog_sel[27]
  gpio_analog_sel[28]
  gpio_analog_sel[29]
  gpio_analog_sel[2]
  gpio_analog_sel[30]
  gpio_analog_sel[31]
  gpio_analog_sel[32]
  gpio_analog_sel[33]
  gpio_analog_sel[34]
  gpio_analog_sel[35]
  gpio_analog_sel[36]
  gpio_analog_sel[37]
  gpio_analog_sel[38]
  gpio_analog_sel[39]
  gpio_analog_sel[3]
  gpio_analog_sel[40]
  gpio_analog_sel[41]
  gpio_analog_sel[42]
  gpio_analog_sel[43]
  gpio_analog_sel[4]
  gpio_analog_sel[5]
  gpio_analog_sel[6]
  gpio_analog_sel[7]
  gpio_analog_sel[8]
  gpio_analog_sel[9]
  gpio_dm0[0]
  gpio_dm0[10]
  gpio_dm0[11]
  gpio_dm0[12]
  gpio_dm0[13]
  gpio_dm0[14]
  gpio_dm0[15]
  gpio_dm0[16]
  gpio_dm0[17]
  gpio_dm0[18]
  gpio_dm0[19]
  gpio_dm0[1]
  gpio_dm0[20]
  gpio_dm0[21]
  gpio_dm0[22]
  gpio_dm0[23]
  gpio_dm0[24]
  gpio_dm0[25]
  gpio_dm0[26]
  gpio_dm0[27]
  gpio_dm0[28]
  gpio_dm0[29]
  gpio_dm0[2]
  gpio_dm0[30]
  gpio_dm0[31]
  gpio_dm0[32]
  gpio_dm0[33]
  gpio_dm0[34]
  gpio_dm0[35]
  gpio_dm0[36]
  gpio_dm0[37]
  gpio_dm0[38]
  gpio_dm0[39]
  gpio_dm0[3]
  gpio_dm0[40]
  gpio_dm0[41]
  gpio_dm0[42]
  gpio_dm0[43]
  gpio_dm0[4]
  gpio_dm0[5]
  gpio_dm0[6]
  gpio_dm0[7]
  gpio_dm0[8]
  gpio_dm0[9]
  gpio_dm1[0]
  gpio_dm1[10]
  gpio_dm1[11]
  gpio_dm1[12]
  gpio_dm1[13]
  gpio_dm1[14]
  gpio_dm1[15]
  gpio_dm1[16]
  gpio_dm1[17]
  gpio_dm1[18]
  gpio_dm1[19]
  gpio_dm1[1]
  gpio_dm1[20]
  gpio_dm1[21]
  gpio_dm1[22]
  gpio_dm1[23]
  gpio_dm1[24]
  gpio_dm1[25]
  gpio_dm1[26]
  gpio_dm1[27]
  gpio_dm1[28]
  gpio_dm1[29]
  gpio_dm1[2]
  gpio_dm1[30]
  gpio_dm1[31]
  gpio_dm1[32]
  gpio_dm1[33]
  gpio_dm1[34]
  gpio_dm1[35]
  gpio_dm1[36]
  gpio_dm1[37]
  gpio_dm1[38]
  gpio_dm1[39]
  gpio_dm1[3]
  gpio_dm1[40]
  gpio_dm1[41]
  gpio_dm1[42]
  gpio_dm1[43]
  gpio_dm1[4]
  gpio_dm1[5]
  gpio_dm1[6]
  gpio_dm1[7]
  gpio_dm1[8]
  gpio_dm1[9]
  gpio_dm2[0]
  gpio_dm2[10]
  gpio_dm2[11]
  gpio_dm2[12]
  gpio_dm2[13]
  gpio_dm2[14]
  gpio_dm2[15]
  gpio_dm2[16]
  gpio_dm2[17]
  gpio_dm2[18]
  gpio_dm2[19]
  gpio_dm2[1]
  gpio_dm2[20]
  gpio_dm2[21]
  gpio_dm2[22]
  gpio_dm2[23]
  gpio_dm2[24]
  gpio_dm2[25]
  gpio_dm2[26]
  gpio_dm2[27]
  gpio_dm2[28]
  gpio_dm2[29]
  gpio_dm2[2]
  gpio_dm2[30]
  gpio_dm2[31]
  gpio_dm2[32]
  gpio_dm2[33]
  gpio_dm2[34]
  gpio_dm2[35]
  gpio_dm2[36]
  gpio_dm2[37]
  gpio_dm2[38]
  gpio_dm2[39]
  gpio_dm2[3]
  gpio_dm2[40]
  gpio_dm2[41]
  gpio_dm2[42]
  gpio_dm2[43]
  gpio_dm2[4]
  gpio_dm2[5]
  gpio_dm2[6]
  gpio_dm2[7]
  gpio_dm2[8]
  gpio_dm2[9]
  gpio_holdover[0]
  gpio_holdover[10]
  gpio_holdover[11]
  gpio_holdover[12]
  gpio_holdover[13]
  gpio_holdover[14]
  gpio_holdover[15]
  gpio_holdover[16]
  gpio_holdover[17]
  gpio_holdover[18]
  gpio_holdover[19]
  gpio_holdover[1]
  gpio_holdover[20]
  gpio_holdover[21]
  gpio_holdover[22]
  gpio_holdover[23]
  gpio_holdover[24]
  gpio_holdover[25]
  gpio_holdover[26]
  gpio_holdover[27]
  gpio_holdover[28]
  gpio_holdover[29]
  gpio_holdover[2]
  gpio_holdover[30]
  gpio_holdover[31]
  gpio_holdover[32]
  gpio_holdover[33]
  gpio_holdover[34]
  gpio_holdover[35]
  gpio_holdover[36]
  gpio_holdover[37]
  gpio_holdover[38]
  gpio_holdover[39]
  gpio_holdover[3]
  gpio_holdover[40]
  gpio_holdover[41]
  gpio_holdover[42]
  gpio_holdover[43]
  gpio_holdover[4]
  gpio_holdover[5]
  gpio_holdover[6]
  gpio_holdover[7]
  gpio_holdover[8]
  gpio_holdover[9]
  gpio_ib_mode_sel[0]
  gpio_ib_mode_sel[10]
  gpio_ib_mode_sel[11]
  gpio_ib_mode_sel[12]
  gpio_ib_mode_sel[13]
  gpio_ib_mode_sel[14]
  gpio_ib_mode_sel[15]
  gpio_ib_mode_sel[16]
  gpio_ib_mode_sel[17]
  gpio_ib_mode_sel[18]
  gpio_ib_mode_sel[19]
  gpio_ib_mode_sel[1]
  gpio_ib_mode_sel[20]
  gpio_ib_mode_sel[21]
  gpio_ib_mode_sel[22]
  gpio_ib_mode_sel[23]
  gpio_ib_mode_sel[24]
  gpio_ib_mode_sel[25]
  gpio_ib_mode_sel[26]
  gpio_ib_mode_sel[27]
  gpio_ib_mode_sel[28]
  gpio_ib_mode_sel[29]
  gpio_ib_mode_sel[2]
  gpio_ib_mode_sel[30]
  gpio_ib_mode_sel[31]
  gpio_ib_mode_sel[32]
  gpio_ib_mode_sel[33]
  gpio_ib_mode_sel[34]
  gpio_ib_mode_sel[35]
  gpio_ib_mode_sel[36]
  gpio_ib_mode_sel[37]
  gpio_ib_mode_sel[38]
  gpio_ib_mode_sel[39]
  gpio_ib_mode_sel[3]
  gpio_ib_mode_sel[40]
  gpio_ib_mode_sel[41]
  gpio_ib_mode_sel[42]
  gpio_ib_mode_sel[43]
  gpio_ib_mode_sel[4]
  gpio_ib_mode_sel[5]
  gpio_ib_mode_sel[6]
  gpio_ib_mode_sel[7]
  gpio_ib_mode_sel[8]
  gpio_ib_mode_sel[9]
  gpio_inp_dis[0]
  gpio_inp_dis[10]
  gpio_inp_dis[11]
  gpio_inp_dis[12]
  gpio_inp_dis[13]
  gpio_inp_dis[14]
  gpio_inp_dis[15]
  gpio_inp_dis[16]
  gpio_inp_dis[17]
  gpio_inp_dis[18]
  gpio_inp_dis[19]
  gpio_inp_dis[1]
  gpio_inp_dis[20]
  gpio_inp_dis[21]
  gpio_inp_dis[22]
  gpio_inp_dis[23]
  gpio_inp_dis[24]
  gpio_inp_dis[25]
  gpio_inp_dis[26]
  gpio_inp_dis[27]
  gpio_inp_dis[28]
  gpio_inp_dis[29]
  gpio_inp_dis[2]
  gpio_inp_dis[30]
  gpio_inp_dis[31]
  gpio_inp_dis[32]
  gpio_inp_dis[33]
  gpio_inp_dis[34]
  gpio_inp_dis[35]
  gpio_inp_dis[36]
  gpio_inp_dis[37]
  gpio_inp_dis[38]
  gpio_inp_dis[39]
  gpio_inp_dis[3]
  gpio_inp_dis[40]
  gpio_inp_dis[41]
  gpio_inp_dis[42]
  gpio_inp_dis[43]
  gpio_inp_dis[4]
  gpio_inp_dis[5]
  gpio_inp_dis[6]
  gpio_inp_dis[7]
  gpio_inp_dis[8]
  gpio_inp_dis[9]
  gpio_oeb[0]
  gpio_oeb[10]
  gpio_oeb[11]
  gpio_oeb[12]
  gpio_oeb[13]
  gpio_oeb[14]
  gpio_oeb[15]
  gpio_oeb[16]
  gpio_oeb[17]
  gpio_oeb[18]
  gpio_oeb[19]
  gpio_oeb[1]
  gpio_oeb[20]
  gpio_oeb[21]
  gpio_oeb[22]
  gpio_oeb[23]
  gpio_oeb[24]
  gpio_oeb[25]
  gpio_oeb[26]
  gpio_oeb[27]
  gpio_oeb[28]
  gpio_oeb[29]
  gpio_oeb[2]
  gpio_oeb[30]
  gpio_oeb[31]
  gpio_oeb[32]
  gpio_oeb[33]
  gpio_oeb[34]
  gpio_oeb[35]
  gpio_oeb[36]
  gpio_oeb[37]
  gpio_oeb[38]
  gpio_oeb[39]
  gpio_oeb[3]
  gpio_oeb[40]
  gpio_oeb[41]
  gpio_oeb[42]
  gpio_oeb[43]
  gpio_oeb[4]
  gpio_oeb[5]
  gpio_oeb[6]
  gpio_oeb[7]
  gpio_oeb[8]
  gpio_oeb[9]
  gpio_out[0]
  gpio_out[10]
  gpio_out[11]
  gpio_out[12]
  gpio_out[13]
  gpio_out[14]
  gpio_out[15]
  gpio_out[16]
  gpio_out[17]
  gpio_out[18]
  gpio_out[19]
  gpio_out[1]
  gpio_out[20]
  gpio_out[21]
  gpio_out[22]
  gpio_out[23]
  gpio_out[24]
  gpio_out[25]
  gpio_out[26]
  gpio_out[27]
  gpio_out[28]
  gpio_out[29]
  gpio_out[2]
  gpio_out[30]
  gpio_out[31]
  gpio_out[32]
  gpio_out[33]
  gpio_out[34]
  gpio_out[35]
  gpio_out[36]
  gpio_out[37]
  gpio_out[38]
  gpio_out[39]
  gpio_out[3]
  gpio_out[40]
  gpio_out[41]
  gpio_out[42]
  gpio_out[43]
  gpio_out[4]
  gpio_out[5]
  gpio_out[6]
  gpio_out[7]
  gpio_out[8]
  gpio_out[9]
  gpio_slow_sel[0]
  gpio_slow_sel[10]
  gpio_slow_sel[11]
  gpio_slow_sel[12]
  gpio_slow_sel[13]
  gpio_slow_sel[14]
  gpio_slow_sel[15]
  gpio_slow_sel[16]
  gpio_slow_sel[17]
  gpio_slow_sel[18]
  gpio_slow_sel[19]
  gpio_slow_sel[1]
  gpio_slow_sel[20]
  gpio_slow_sel[21]
  gpio_slow_sel[22]
  gpio_slow_sel[23]
  gpio_slow_sel[24]
  gpio_slow_sel[25]
  gpio_slow_sel[26]
  gpio_slow_sel[27]
  gpio_slow_sel[28]
  gpio_slow_sel[29]
  gpio_slow_sel[2]
  gpio_slow_sel[30]
  gpio_slow_sel[31]
  gpio_slow_sel[32]
  gpio_slow_sel[33]
  gpio_slow_sel[34]
  gpio_slow_sel[35]
  gpio_slow_sel[36]
  gpio_slow_sel[37]
  gpio_slow_sel[38]
  gpio_slow_sel[39]
  gpio_slow_sel[3]
  gpio_slow_sel[40]
  gpio_slow_sel[41]
  gpio_slow_sel[42]
  gpio_slow_sel[43]
  gpio_slow_sel[4]
  gpio_slow_sel[5]
  gpio_slow_sel[6]
  gpio_slow_sel[7]
  gpio_slow_sel[8]
  gpio_slow_sel[9]
  gpio_vtrip_sel[0]
  gpio_vtrip_sel[10]
  gpio_vtrip_sel[11]
  gpio_vtrip_sel[12]
  gpio_vtrip_sel[13]
  gpio_vtrip_sel[14]
  gpio_vtrip_sel[15]
  gpio_vtrip_sel[16]
  gpio_vtrip_sel[17]
  gpio_vtrip_sel[18]
  gpio_vtrip_sel[19]
  gpio_vtrip_sel[1]
  gpio_vtrip_sel[20]
  gpio_vtrip_sel[21]
  gpio_vtrip_sel[22]
  gpio_vtrip_sel[23]
  gpio_vtrip_sel[24]
  gpio_vtrip_sel[25]
  gpio_vtrip_sel[26]
  gpio_vtrip_sel[27]
  gpio_vtrip_sel[28]
  gpio_vtrip_sel[29]
  gpio_vtrip_sel[2]
  gpio_vtrip_sel[30]
  gpio_vtrip_sel[31]
  gpio_vtrip_sel[32]
  gpio_vtrip_sel[33]
  gpio_vtrip_sel[34]
  gpio_vtrip_sel[35]
  gpio_vtrip_sel[36]
  gpio_vtrip_sel[37]
  gpio_vtrip_sel[38]
  gpio_vtrip_sel[39]
  gpio_vtrip_sel[3]
  gpio_vtrip_sel[40]
  gpio_vtrip_sel[41]
  gpio_vtrip_sel[42]
  gpio_vtrip_sel[43]
  gpio_vtrip_sel[4]
  gpio_vtrip_sel[5]
  gpio_vtrip_sel[6]
  gpio_vtrip_sel[7]
  gpio_vtrip_sel[8]
  gpio_vtrip_sel[9]
