
===========================================================================
 report_power
============================================================================
======================= min_tt_025C_1v80 Corner ===================================

Group                    Internal    Switching      Leakage        Total
                            Power        Power        Power        Power (Watts)
------------------------------------------------------------------------
Sequential           2.594711e-05 5.352603e-07 1.301999e-10 2.648250e-05  44.9%
Combinational        1.279070e-06 4.495967e-07 3.232512e-10 1.728990e-06   2.9%
Clock                2.097223e-05 9.742713e-06 9.377169e-10 3.071588e-05  52.1%
Macro                0.000000e+00 0.000000e+00 0.000000e+00 0.000000e+00   0.0%
Pad                  0.000000e+00 0.000000e+00 0.000000e+00 0.000000e+00   0.0%
------------------------------------------------------------------------
Total                4.819841e-05 1.072757e-05 1.391169e-09 5.892738e-05 100.0%
                            81.8%        18.2%         0.0%

