
===========================================================================
report_checks -unconstrained
===========================================================================
======================= min_ss_100C_1v60 Corner ===================================

Startpoint: _091_ (rising edge-triggered flip-flop clocked by clk)
Endpoint: _103_ (rising edge-triggered flip-flop clocked by clk)
Path Group: clk
Path Type: max

Fanout         Cap        Slew       Delay        Time   Description
---------------------------------------------------------------------------------------------
                                  0.000000    0.000000   clock clk (rise edge)
                                  0.000000    0.000000   clock source latency
     2    0.044229    0.000000    0.000000    0.000000 ^ clk (in)
                                                         clk (net)
                      0.010859    0.005430    0.005430 ^ clkbuf_0_clk/A (sky130_fd_sc_hd__clkbuf_16)
     2    0.022036    0.069886    0.198584    0.204014 ^ clkbuf_0_clk/X (sky130_fd_sc_hd__clkbuf_16)
                                                         clknet_0_clk (net)
                      0.069886    0.000192    0.204205 ^ clkbuf_1_0__f_clk/A (sky130_fd_sc_hd__clkbuf_16)
     8    0.024073    0.072532    0.227259    0.431464 ^ clkbuf_1_0__f_clk/X (sky130_fd_sc_hd__clkbuf_16)
                                                         clknet_1_0__leaf_clk (net)
                      0.072547    0.000682    0.432146 ^ _091_/CLK (sky130_fd_sc_hd__dfxtp_1)
     7    0.021668    0.330716    0.822725    1.254872 ^ _091_/Q (sky130_fd_sc_hd__dfxtp_1)
                                                         net9 (net)
                      0.330716    0.000264    1.255135 ^ _054_/B (sky130_fd_sc_hd__and4_2)
     7    0.022133    0.241593    0.693305    1.948440 ^ _054_/X (sky130_fd_sc_hd__and4_2)
                                                         _022_ (net)
                      0.241593    0.000507    1.948947 ^ _065_/C (sky130_fd_sc_hd__and4_1)
     5    0.017026    0.289923    0.614364    2.563311 ^ _065_/X (sky130_fd_sc_hd__and4_1)
                                                         _029_ (net)
                      0.289923    0.000330    2.563641 ^ _074_/D (sky130_fd_sc_hd__and4_2)
     9    0.031687    0.311874    0.756933    3.320574 ^ _074_/X (sky130_fd_sc_hd__and4_2)
                                                         _035_ (net)
                      0.311874    0.001061    3.321635 ^ _083_/D (sky130_fd_sc_hd__and4_1)
     2    0.006178    0.145907    0.514332    3.835967 ^ _083_/X (sky130_fd_sc_hd__and4_1)
                                                         _041_ (net)
                      0.145907    0.000064    3.836031 ^ _084_/A_N (sky130_fd_sc_hd__and3b_1)
     1    0.002175    0.064612    0.372900    4.208930 v _084_/X (sky130_fd_sc_hd__and3b_1)
                                                         _013_ (net)
                      0.064612    0.000021    4.208951 v _103_/D (sky130_fd_sc_hd__dfxtp_1)
                                              4.208951   data arrival time

                                 25.000000   25.000000   clock clk (rise edge)
                                  0.000000   25.000000   clock source latency
     2    0.044229    0.000000    0.000000   25.000000 ^ clk (in)
                                                         clk (net)
                      0.010859    0.005430   25.005430 ^ clkbuf_0_clk/A (sky130_fd_sc_hd__clkbuf_16)
     2    0.022036    0.069886    0.198584   25.204014 ^ clkbuf_0_clk/X (sky130_fd_sc_hd__clkbuf_16)
                                                         clknet_0_clk (net)
                      0.069886    0.000290   25.204304 ^ clkbuf_1_1__f_clk/A (sky130_fd_sc_hd__clkbuf_16)
     8    0.026522    0.075712    0.230820   25.435123 ^ clkbuf_1_1__f_clk/X (sky130_fd_sc_hd__clkbuf_16)
                                                         clknet_1_1__leaf_clk (net)
                      0.075714    0.000441   25.435564 ^ _103_/CLK (sky130_fd_sc_hd__dfxtp_1)
                                 -0.250000   25.185564   clock uncertainty
                                  0.000000   25.185564   clock reconvergence pessimism
                                 -0.265201   24.920362   library setup time
                                             24.920362   data required time
---------------------------------------------------------------------------------------------
                                             24.920362   data required time
                                             -4.208951   data arrival time
---------------------------------------------------------------------------------------------
                                             20.711412   slack (MET)




===========================================================================
report_checks --slack_max -0.01
============================================================================
======================= min_ss_100C_1v60 Corner ===================================

No paths found.


===========================================================================
 report_check_types -max_slew -max_cap -max_fanout -violators
============================================================================
======================= min_ss_100C_1v60 Corner ===================================



===========================================================================
report_parasitic_annotation -report_unannotated
============================================================================
Found 16 unannotated drivers.
 counter_macro_18/HI
 counter_macro_19/HI
 counter_macro_20/HI
 counter_macro_21/HI
 counter_macro_22/HI
 counter_macro_23/HI
 counter_macro_24/HI
 counter_macro_25/HI
 counter_macro_26/HI
 counter_macro_27/HI
 counter_macro_28/HI
 counter_macro_29/HI
 counter_macro_30/HI
 counter_macro_31/HI
 counter_macro_32/HI
 counter_macro_33/HI
Found 0 partially unannotated drivers.

===========================================================================
max slew violation count 0
max fanout violation count 0
max cap violation count 0
============================================================================

===========================================================================
check_setup -verbose -unconstrained_endpoints -multiple_clock -no_clock -no_input_delay -loops -generated_clocks
===========================================================================
Warning: There are 16 unconstrained endpoints.
  count_oeb[0]
  count_oeb[10]
  count_oeb[11]
  count_oeb[12]
  count_oeb[13]
  count_oeb[14]
  count_oeb[15]
  count_oeb[1]
  count_oeb[2]
  count_oeb[3]
  count_oeb[4]
  count_oeb[5]
  count_oeb[6]
  count_oeb[7]
  count_oeb[8]
  count_oeb[9]
