Clock: clk
Sources: clk 
Generated: no
Virtual: yes
Propagated: no
Period: 25.000000

===========================================================================
report_clock_properties
============================================================================
Clock                   Period          Waveform
----------------------------------------------------
clk                  25.000000    0.000000 12.500000

===========================================================================
report_clock_latency
============================================================================
Clock clk
rise -> rise
    min     max
0.000000 0.000000 source latency
0.431682         network latency _096_/CLK
        0.435577 network latency _105_/CLK
---------------
0.431682 0.435577 latency
        0.003895 skew

fall -> fall
    min     max
0.000000 0.000000 source latency
0.490446         network latency _096_/CLK
        0.493763 network latency _105_/CLK
---------------
0.490446 0.493763 latency
        0.003317 skew



===========================================================================
report_clock_min_period
============================================================================
clk period_min = 4.29 fmax = 233.18
