
===========================================================================
report_checks -path_delay min (Hold)
============================================================================
======================= min_ss_100C_1v60 Corner ===================================

Startpoint: _101_ (rising edge-triggered flip-flop clocked by clk)
Endpoint: _105_ (rising edge-triggered flip-flop clocked by clk)
Path Group: clk
Path Type: min

Fanout         Cap        Slew       Delay        Time   Description
---------------------------------------------------------------------------------------------
                                  0.000000    0.000000   clock clk (rise edge)
                                  0.000000    0.000000   clock source latency
     2    0.044229    0.000000    0.000000    0.000000 ^ clk (in)
                                                         clk (net)
                      0.010859    0.005430    0.005430 ^ clkbuf_0_clk/A (sky130_fd_sc_hd__clkbuf_16)
     2    0.022036    0.069886    0.198584    0.204014 ^ clkbuf_0_clk/X (sky130_fd_sc_hd__clkbuf_16)
                                                         clknet_0_clk (net)
                      0.069886    0.000291    0.204305 ^ clkbuf_1_1__f_clk/A (sky130_fd_sc_hd__clkbuf_16)
     8    0.026522    0.075712    0.230820    0.435125 ^ clkbuf_1_1__f_clk/X (sky130_fd_sc_hd__clkbuf_16)
                                                         clknet_1_1__leaf_clk (net)
                      0.075712    0.000138    0.435262 ^ _101_/CLK (sky130_fd_sc_hd__dfxtp_2)
     9    0.023589    0.119653    0.681233    1.116496 v _101_/Q (sky130_fd_sc_hd__dfxtp_2)
                                                         net4 (net)
                      0.119653    0.000274    1.116770 v _086_/A (sky130_fd_sc_hd__nand3_1)
     2    0.006343    0.129862    0.163888    1.280657 ^ _086_/Y (sky130_fd_sc_hd__nand3_1)
                                                         _043_ (net)
                      0.129862    0.000066    1.280723 ^ _089_/A2 (sky130_fd_sc_hd__a21oi_1)
     1    0.002678    0.045300    0.150184    1.430907 v _089_/Y (sky130_fd_sc_hd__a21oi_1)
                                                         _015_ (net)
                      0.045300    0.000020    1.430928 v _105_/D (sky130_fd_sc_hd__dfxtp_1)
                                              1.430928   data arrival time

                                  0.000000    0.000000   clock clk (rise edge)
                                  0.000000    0.000000   clock source latency
     2    0.044229    0.000000    0.000000    0.000000 ^ clk (in)
                                                         clk (net)
                      0.010859    0.005430    0.005430 ^ clkbuf_0_clk/A (sky130_fd_sc_hd__clkbuf_16)
     2    0.022036    0.069886    0.198584    0.204014 ^ clkbuf_0_clk/X (sky130_fd_sc_hd__clkbuf_16)
                                                         clknet_0_clk (net)
                      0.069886    0.000291    0.204305 ^ clkbuf_1_1__f_clk/A (sky130_fd_sc_hd__clkbuf_16)
     8    0.026522    0.075712    0.230820    0.435125 ^ clkbuf_1_1__f_clk/X (sky130_fd_sc_hd__clkbuf_16)
                                                         clknet_1_1__leaf_clk (net)
                      0.075714    0.000452    0.435577 ^ _105_/CLK (sky130_fd_sc_hd__dfxtp_1)
                                  0.250000    0.685577   clock uncertainty
                                  0.000000    0.685577   clock reconvergence pessimism
                                 -0.094428    0.591149   library hold time
                                              0.591149   data required time
---------------------------------------------------------------------------------------------
                                              0.591149   data required time
                                             -1.430928   data arrival time
---------------------------------------------------------------------------------------------
                                              0.839778   slack (MET)


Startpoint: _101_ (rising edge-triggered flip-flop clocked by clk)
Endpoint: _102_ (rising edge-triggered flip-flop clocked by clk)
Path Group: clk
Path Type: min

Fanout         Cap        Slew       Delay        Time   Description
---------------------------------------------------------------------------------------------
                                  0.000000    0.000000   clock clk (rise edge)
                                  0.000000    0.000000   clock source latency
     2    0.044229    0.000000    0.000000    0.000000 ^ clk (in)
                                                         clk (net)
                      0.010859    0.005430    0.005430 ^ clkbuf_0_clk/A (sky130_fd_sc_hd__clkbuf_16)
     2    0.022036    0.069886    0.198584    0.204014 ^ clkbuf_0_clk/X (sky130_fd_sc_hd__clkbuf_16)
                                                         clknet_0_clk (net)
                      0.069886    0.000291    0.204305 ^ clkbuf_1_1__f_clk/A (sky130_fd_sc_hd__clkbuf_16)
     8    0.026522    0.075712    0.230820    0.435125 ^ clkbuf_1_1__f_clk/X (sky130_fd_sc_hd__clkbuf_16)
                                                         clknet_1_1__leaf_clk (net)
                      0.075712    0.000138    0.435262 ^ _101_/CLK (sky130_fd_sc_hd__dfxtp_2)
     9    0.023589    0.119653    0.681233    1.116496 v _101_/Q (sky130_fd_sc_hd__dfxtp_2)
                                                         net4 (net)
                      0.119653    0.000369    1.116865 v _079_/A1 (sky130_fd_sc_hd__a21oi_1)
     1    0.002714    0.147276    0.219386    1.336251 ^ _079_/Y (sky130_fd_sc_hd__a21oi_1)
                                                         _038_ (net)
                      0.147276    0.000013    1.336265 ^ _081_/A (sky130_fd_sc_hd__nor2_1)
     1    0.002174    0.033200    0.106452    1.442716 v _081_/Y (sky130_fd_sc_hd__nor2_1)
                                                         _012_ (net)
                      0.033200    0.000020    1.442736 v _102_/D (sky130_fd_sc_hd__dfxtp_1)
                                              1.442736   data arrival time

                                  0.000000    0.000000   clock clk (rise edge)
                                  0.000000    0.000000   clock source latency
     2    0.044229    0.000000    0.000000    0.000000 ^ clk (in)
                                                         clk (net)
                      0.010859    0.005430    0.005430 ^ clkbuf_0_clk/A (sky130_fd_sc_hd__clkbuf_16)
     2    0.022036    0.069886    0.198584    0.204014 ^ clkbuf_0_clk/X (sky130_fd_sc_hd__clkbuf_16)
                                                         clknet_0_clk (net)
                      0.069886    0.000291    0.204305 ^ clkbuf_1_1__f_clk/A (sky130_fd_sc_hd__clkbuf_16)
     8    0.026522    0.075712    0.230820    0.435125 ^ clkbuf_1_1__f_clk/X (sky130_fd_sc_hd__clkbuf_16)
                                                         clknet_1_1__leaf_clk (net)
                      0.075712    0.000252    0.435377 ^ _102_/CLK (sky130_fd_sc_hd__dfxtp_1)
                                  0.250000    0.685377   clock uncertainty
                                  0.000000    0.685377   clock reconvergence pessimism
                                 -0.089855    0.595522   library hold time
                                              0.595522   data required time
---------------------------------------------------------------------------------------------
                                              0.595522   data required time
                                             -1.442736   data arrival time
---------------------------------------------------------------------------------------------
                                              0.847214   slack (MET)


Startpoint: _095_ (rising edge-triggered flip-flop clocked by clk)
Endpoint: _095_ (rising edge-triggered flip-flop clocked by clk)
Path Group: clk
Path Type: min

Fanout         Cap        Slew       Delay        Time   Description
---------------------------------------------------------------------------------------------
                                  0.000000    0.000000   clock clk (rise edge)
                                  0.000000    0.000000   clock source latency
     2    0.044229    0.000000    0.000000    0.000000 ^ clk (in)
                                                         clk (net)
                      0.010859    0.005430    0.005430 ^ clkbuf_0_clk/A (sky130_fd_sc_hd__clkbuf_16)
     2    0.022036    0.069886    0.198584    0.204014 ^ clkbuf_0_clk/X (sky130_fd_sc_hd__clkbuf_16)
                                                         clknet_0_clk (net)
                      0.069886    0.000192    0.204205 ^ clkbuf_1_0__f_clk/A (sky130_fd_sc_hd__clkbuf_16)
     8    0.024073    0.072532    0.227259    0.431464 ^ clkbuf_1_0__f_clk/X (sky130_fd_sc_hd__clkbuf_16)
                                                         clknet_1_0__leaf_clk (net)
                      0.072533    0.000274    0.431738 ^ _095_/CLK (sky130_fd_sc_hd__dfxtp_1)
     3    0.007634    0.133386    0.677546    1.109284 ^ _095_/Q (sky130_fd_sc_hd__dfxtp_1)
                                                         net13 (net)
                      0.133386    0.000071    1.109355 ^ _058_/B1 (sky130_fd_sc_hd__a21o_1)
     1    0.002291    0.052953    0.159369    1.268724 ^ _058_/X (sky130_fd_sc_hd__a21o_1)
                                                         _024_ (net)
                      0.052953    0.000022    1.268746 ^ _061_/C (sky130_fd_sc_hd__and3b_1)
     1    0.001863    0.077612    0.291805    1.560551 ^ _061_/X (sky130_fd_sc_hd__and3b_1)
                                                         _005_ (net)
                      0.077612    0.000016    1.560567 ^ _095_/D (sky130_fd_sc_hd__dfxtp_1)
                                              1.560567   data arrival time

                                  0.000000    0.000000   clock clk (rise edge)
                                  0.000000    0.000000   clock source latency
     2    0.044229    0.000000    0.000000    0.000000 ^ clk (in)
                                                         clk (net)
                      0.010859    0.005430    0.005430 ^ clkbuf_0_clk/A (sky130_fd_sc_hd__clkbuf_16)
     2    0.022036    0.069886    0.198584    0.204014 ^ clkbuf_0_clk/X (sky130_fd_sc_hd__clkbuf_16)
                                                         clknet_0_clk (net)
                      0.069886    0.000192    0.204205 ^ clkbuf_1_0__f_clk/A (sky130_fd_sc_hd__clkbuf_16)
     8    0.024073    0.072532    0.227259    0.431464 ^ clkbuf_1_0__f_clk/X (sky130_fd_sc_hd__clkbuf_16)
                                                         clknet_1_0__leaf_clk (net)
                      0.072533    0.000274    0.431738 ^ _095_/CLK (sky130_fd_sc_hd__dfxtp_1)
                                  0.250000    0.681738   clock uncertainty
                                  0.000000    0.681738   clock reconvergence pessimism
                                 -0.073389    0.608349   library hold time
                                              0.608349   data required time
---------------------------------------------------------------------------------------------
                                              0.608349   data required time
                                             -1.560567   data arrival time
---------------------------------------------------------------------------------------------
                                              0.952218   slack (MET)


Startpoint: _094_ (rising edge-triggered flip-flop clocked by clk)
Endpoint: _094_ (rising edge-triggered flip-flop clocked by clk)
Path Group: clk
Path Type: min

Fanout         Cap        Slew       Delay        Time   Description
---------------------------------------------------------------------------------------------
                                  0.000000    0.000000   clock clk (rise edge)
                                  0.000000    0.000000   clock source latency
     2    0.044229    0.000000    0.000000    0.000000 ^ clk (in)
                                                         clk (net)
                      0.010859    0.005430    0.005430 ^ clkbuf_0_clk/A (sky130_fd_sc_hd__clkbuf_16)
     2    0.022036    0.069886    0.198584    0.204014 ^ clkbuf_0_clk/X (sky130_fd_sc_hd__clkbuf_16)
                                                         clknet_0_clk (net)
                      0.069886    0.000192    0.204205 ^ clkbuf_1_0__f_clk/A (sky130_fd_sc_hd__clkbuf_16)
     8    0.024073    0.072532    0.227259    0.431464 ^ clkbuf_1_0__f_clk/X (sky130_fd_sc_hd__clkbuf_16)
                                                         clknet_1_0__leaf_clk (net)
                      0.072540    0.000474    0.431939 ^ _094_/CLK (sky130_fd_sc_hd__dfxtp_1)
     5    0.014066    0.136642    0.655084    1.087022 v _094_/Q (sky130_fd_sc_hd__dfxtp_1)
                                                         net12 (net)
                      0.136642    0.000129    1.087152 v _056_/A1 (sky130_fd_sc_hd__a21oi_1)
     1    0.003173    0.161540    0.237864    1.325016 ^ _056_/Y (sky130_fd_sc_hd__a21oi_1)
                                                         _023_ (net)
                      0.161540    0.000033    1.325049 ^ _057_/B1 (sky130_fd_sc_hd__o21a_1)
     1    0.001970    0.058924    0.243176    1.568225 ^ _057_/X (sky130_fd_sc_hd__o21a_1)
                                                         _004_ (net)
                      0.058924    0.000017    1.568242 ^ _094_/D (sky130_fd_sc_hd__dfxtp_1)
                                              1.568242   data arrival time

                                  0.000000    0.000000   clock clk (rise edge)
                                  0.000000    0.000000   clock source latency
     2    0.044229    0.000000    0.000000    0.000000 ^ clk (in)
                                                         clk (net)
                      0.010859    0.005430    0.005430 ^ clkbuf_0_clk/A (sky130_fd_sc_hd__clkbuf_16)
     2    0.022036    0.069886    0.198584    0.204014 ^ clkbuf_0_clk/X (sky130_fd_sc_hd__clkbuf_16)
                                                         clknet_0_clk (net)
                      0.069886    0.000192    0.204205 ^ clkbuf_1_0__f_clk/A (sky130_fd_sc_hd__clkbuf_16)
     8    0.024073    0.072532    0.227259    0.431464 ^ clkbuf_1_0__f_clk/X (sky130_fd_sc_hd__clkbuf_16)
                                                         clknet_1_0__leaf_clk (net)
                      0.072540    0.000474    0.431939 ^ _094_/CLK (sky130_fd_sc_hd__dfxtp_1)
                                  0.250000    0.681939   clock uncertainty
                                  0.000000    0.681939   clock reconvergence pessimism
                                 -0.069040    0.612899   library hold time
                                              0.612899   data required time
---------------------------------------------------------------------------------------------
                                              0.612899   data required time
                                             -1.568242   data arrival time
---------------------------------------------------------------------------------------------
                                              0.955344   slack (MET)


Startpoint: _090_ (rising edge-triggered flip-flop clocked by clk)
Endpoint: _092_ (rising edge-triggered flip-flop clocked by clk)
Path Group: clk
Path Type: min

Fanout         Cap        Slew       Delay        Time   Description
---------------------------------------------------------------------------------------------
                                  0.000000    0.000000   clock clk (rise edge)
                                  0.000000    0.000000   clock source latency
     2    0.044229    0.000000    0.000000    0.000000 ^ clk (in)
                                                         clk (net)
                      0.010859    0.005430    0.005430 ^ clkbuf_0_clk/A (sky130_fd_sc_hd__clkbuf_16)
     2    0.022036    0.069886    0.198584    0.204014 ^ clkbuf_0_clk/X (sky130_fd_sc_hd__clkbuf_16)
                                                         clknet_0_clk (net)
                      0.069886    0.000192    0.204205 ^ clkbuf_1_0__f_clk/A (sky130_fd_sc_hd__clkbuf_16)
     8    0.024073    0.072532    0.227259    0.431464 ^ clkbuf_1_0__f_clk/X (sky130_fd_sc_hd__clkbuf_16)
                                                         clknet_1_0__leaf_clk (net)
                      0.072545    0.000610    0.432075 ^ _090_/CLK (sky130_fd_sc_hd__dfxtp_2)
     7    0.022697    0.116223    0.676846    1.108920 v _090_/Q (sky130_fd_sc_hd__dfxtp_2)
                                                         net2 (net)
                      0.116223    0.000415    1.109335 v _051_/A1 (sky130_fd_sc_hd__a31o_1)
     1    0.002549    0.062170    0.333952    1.443287 v _051_/X (sky130_fd_sc_hd__a31o_1)
                                                         _020_ (net)
                      0.062170    0.000013    1.443300 v _052_/B (sky130_fd_sc_hd__nor2_1)
     1    0.002054    0.111498    0.122102    1.565402 ^ _052_/Y (sky130_fd_sc_hd__nor2_1)
                                                         _002_ (net)
                      0.111498    0.000019    1.565421 ^ _092_/D (sky130_fd_sc_hd__dfxtp_1)
                                              1.565421   data arrival time

                                  0.000000    0.000000   clock clk (rise edge)
                                  0.000000    0.000000   clock source latency
     2    0.044229    0.000000    0.000000    0.000000 ^ clk (in)
                                                         clk (net)
                      0.010859    0.005430    0.005430 ^ clkbuf_0_clk/A (sky130_fd_sc_hd__clkbuf_16)
     2    0.022036    0.069886    0.198584    0.204014 ^ clkbuf_0_clk/X (sky130_fd_sc_hd__clkbuf_16)
                                                         clknet_0_clk (net)
                      0.069886    0.000192    0.204205 ^ clkbuf_1_0__f_clk/A (sky130_fd_sc_hd__clkbuf_16)
     8    0.024073    0.072532    0.227259    0.431464 ^ clkbuf_1_0__f_clk/X (sky130_fd_sc_hd__clkbuf_16)
                                                         clknet_1_0__leaf_clk (net)
                      0.072546    0.000660    0.432124 ^ _092_/CLK (sky130_fd_sc_hd__dfxtp_1)
                                  0.250000    0.682124   clock uncertainty
                                  0.000000    0.682124   clock reconvergence pessimism
                                 -0.081271    0.600853   library hold time
                                              0.600853   data required time
---------------------------------------------------------------------------------------------
                                              0.600853   data required time
                                             -1.565421   data arrival time
---------------------------------------------------------------------------------------------
                                              0.964568   slack (MET)


Startpoint: _098_ (rising edge-triggered flip-flop clocked by clk)
Endpoint: _099_ (rising edge-triggered flip-flop clocked by clk)
Path Group: clk
Path Type: min

Fanout         Cap        Slew       Delay        Time   Description
---------------------------------------------------------------------------------------------
                                  0.000000    0.000000   clock clk (rise edge)
                                  0.000000    0.000000   clock source latency
     2    0.044229    0.000000    0.000000    0.000000 ^ clk (in)
                                                         clk (net)
                      0.010859    0.005430    0.005430 ^ clkbuf_0_clk/A (sky130_fd_sc_hd__clkbuf_16)
     2    0.022036    0.069886    0.198584    0.204014 ^ clkbuf_0_clk/X (sky130_fd_sc_hd__clkbuf_16)
                                                         clknet_0_clk (net)
                      0.069886    0.000291    0.204305 ^ clkbuf_1_1__f_clk/A (sky130_fd_sc_hd__clkbuf_16)
     8    0.026522    0.075712    0.230820    0.435125 ^ clkbuf_1_1__f_clk/X (sky130_fd_sc_hd__clkbuf_16)
                                                         clknet_1_1__leaf_clk (net)
                      0.075712    0.000213    0.435338 ^ _098_/CLK (sky130_fd_sc_hd__dfxtp_1)
     5    0.011367    0.116486    0.638377    1.073714 v _098_/Q (sky130_fd_sc_hd__dfxtp_1)
                                                         net16 (net)
                      0.116486    0.000119    1.073833 v _071_/A (sky130_fd_sc_hd__and3_1)
     2    0.006230    0.092608    0.344854    1.418687 v _071_/X (sky130_fd_sc_hd__and3_1)
                                                         _033_ (net)
                      0.092608    0.000067    1.418754 v _073_/A (sky130_fd_sc_hd__nor2_1)
     1    0.001896    0.107088    0.155646    1.574400 ^ _073_/Y (sky130_fd_sc_hd__nor2_1)
                                                         _009_ (net)
                      0.107088    0.000017    1.574417 ^ _099_/D (sky130_fd_sc_hd__dfxtp_1)
                                              1.574417   data arrival time

                                  0.000000    0.000000   clock clk (rise edge)
                                  0.000000    0.000000   clock source latency
     2    0.044229    0.000000    0.000000    0.000000 ^ clk (in)
                                                         clk (net)
                      0.010859    0.005430    0.005430 ^ clkbuf_0_clk/A (sky130_fd_sc_hd__clkbuf_16)
     2    0.022036    0.069886    0.198584    0.204014 ^ clkbuf_0_clk/X (sky130_fd_sc_hd__clkbuf_16)
                                                         clknet_0_clk (net)
                      0.069886    0.000291    0.204305 ^ clkbuf_1_1__f_clk/A (sky130_fd_sc_hd__clkbuf_16)
     8    0.026522    0.075712    0.230820    0.435125 ^ clkbuf_1_1__f_clk/X (sky130_fd_sc_hd__clkbuf_16)
                                                         clknet_1_1__leaf_clk (net)
                      0.075712    0.000227    0.435352 ^ _099_/CLK (sky130_fd_sc_hd__dfxtp_1)
                                  0.250000    0.685352   clock uncertainty
                                  0.000000    0.685352   clock reconvergence pessimism
                                 -0.079741    0.605610   library hold time
                                              0.605610   data required time
---------------------------------------------------------------------------------------------
                                              0.605610   data required time
                                             -1.574417   data arrival time
---------------------------------------------------------------------------------------------
                                              0.968806   slack (MET)


Startpoint: _101_ (rising edge-triggered flip-flop clocked by clk)
Endpoint: _101_ (rising edge-triggered flip-flop clocked by clk)
Path Group: clk
Path Type: min

Fanout         Cap        Slew       Delay        Time   Description
---------------------------------------------------------------------------------------------
                                  0.000000    0.000000   clock clk (rise edge)
                                  0.000000    0.000000   clock source latency
     2    0.044229    0.000000    0.000000    0.000000 ^ clk (in)
                                                         clk (net)
                      0.010859    0.005430    0.005430 ^ clkbuf_0_clk/A (sky130_fd_sc_hd__clkbuf_16)
     2    0.022036    0.069886    0.198584    0.204014 ^ clkbuf_0_clk/X (sky130_fd_sc_hd__clkbuf_16)
                                                         clknet_0_clk (net)
                      0.069886    0.000291    0.204305 ^ clkbuf_1_1__f_clk/A (sky130_fd_sc_hd__clkbuf_16)
     8    0.026522    0.075712    0.230820    0.435125 ^ clkbuf_1_1__f_clk/X (sky130_fd_sc_hd__clkbuf_16)
                                                         clknet_1_1__leaf_clk (net)
                      0.075712    0.000138    0.435262 ^ _101_/CLK (sky130_fd_sc_hd__dfxtp_2)
     9    0.024521    0.208424    0.768171    1.203433 ^ _101_/Q (sky130_fd_sc_hd__dfxtp_2)
                                                         net4 (net)
                      0.208424    0.000150    1.203583 ^ _077_/A1 (sky130_fd_sc_hd__a21oi_1)
     1    0.003851    0.085830    0.189285    1.392868 v _077_/Y (sky130_fd_sc_hd__a21oi_1)
                                                         _037_ (net)
                      0.085830    0.000053    1.392921 v _078_/B1 (sky130_fd_sc_hd__o21a_1)
     1    0.002039    0.050535    0.186044    1.578965 v _078_/X (sky130_fd_sc_hd__o21a_1)
                                                         _011_ (net)
                      0.050535    0.000019    1.578984 v _101_/D (sky130_fd_sc_hd__dfxtp_2)
                                              1.578984   data arrival time

                                  0.000000    0.000000   clock clk (rise edge)
                                  0.000000    0.000000   clock source latency
     2    0.044229    0.000000    0.000000    0.000000 ^ clk (in)
                                                         clk (net)
                      0.010859    0.005430    0.005430 ^ clkbuf_0_clk/A (sky130_fd_sc_hd__clkbuf_16)
     2    0.022036    0.069886    0.198584    0.204014 ^ clkbuf_0_clk/X (sky130_fd_sc_hd__clkbuf_16)
                                                         clknet_0_clk (net)
                      0.069886    0.000291    0.204305 ^ clkbuf_1_1__f_clk/A (sky130_fd_sc_hd__clkbuf_16)
     8    0.026522    0.075712    0.230820    0.435125 ^ clkbuf_1_1__f_clk/X (sky130_fd_sc_hd__clkbuf_16)
                                                         clknet_1_1__leaf_clk (net)
                      0.075712    0.000138    0.435262 ^ _101_/CLK (sky130_fd_sc_hd__dfxtp_2)
                                  0.250000    0.685263   clock uncertainty
                                  0.000000    0.685263   clock reconvergence pessimism
                                 -0.081648    0.603614   library hold time
                                              0.603614   data required time
---------------------------------------------------------------------------------------------
                                              0.603614   data required time
                                             -1.578984   data arrival time
---------------------------------------------------------------------------------------------
                                              0.975370   slack (MET)


Startpoint: _101_ (rising edge-triggered flip-flop clocked by clk)
Endpoint: _104_ (rising edge-triggered flip-flop clocked by clk)
Path Group: clk
Path Type: min

Fanout         Cap        Slew       Delay        Time   Description
---------------------------------------------------------------------------------------------
                                  0.000000    0.000000   clock clk (rise edge)
                                  0.000000    0.000000   clock source latency
     2    0.044229    0.000000    0.000000    0.000000 ^ clk (in)
                                                         clk (net)
                      0.010859    0.005430    0.005430 ^ clkbuf_0_clk/A (sky130_fd_sc_hd__clkbuf_16)
     2    0.022036    0.069886    0.198584    0.204014 ^ clkbuf_0_clk/X (sky130_fd_sc_hd__clkbuf_16)
                                                         clknet_0_clk (net)
                      0.069886    0.000291    0.204305 ^ clkbuf_1_1__f_clk/A (sky130_fd_sc_hd__clkbuf_16)
     8    0.026522    0.075712    0.230820    0.435125 ^ clkbuf_1_1__f_clk/X (sky130_fd_sc_hd__clkbuf_16)
                                                         clknet_1_1__leaf_clk (net)
                      0.075712    0.000138    0.435262 ^ _101_/CLK (sky130_fd_sc_hd__dfxtp_2)
     9    0.023589    0.119653    0.681233    1.116496 v _101_/Q (sky130_fd_sc_hd__dfxtp_2)
                                                         net4 (net)
                      0.119653    0.000274    1.116770 v _086_/A (sky130_fd_sc_hd__nand3_1)
     2    0.006343    0.129862    0.163888    1.280657 ^ _086_/Y (sky130_fd_sc_hd__nand3_1)
                                                         _043_ (net)
                      0.129862    0.000046    1.280703 ^ _087_/B1 (sky130_fd_sc_hd__o211a_1)
     1    0.002271    0.069726    0.309638    1.590341 ^ _087_/X (sky130_fd_sc_hd__o211a_1)
                                                         _014_ (net)
                      0.069726    0.000015    1.590355 ^ _104_/D (sky130_fd_sc_hd__dfxtp_1)
                                              1.590355   data arrival time

                                  0.000000    0.000000   clock clk (rise edge)
                                  0.000000    0.000000   clock source latency
     2    0.044229    0.000000    0.000000    0.000000 ^ clk (in)
                                                         clk (net)
                      0.010859    0.005430    0.005430 ^ clkbuf_0_clk/A (sky130_fd_sc_hd__clkbuf_16)
     2    0.022036    0.069886    0.198584    0.204014 ^ clkbuf_0_clk/X (sky130_fd_sc_hd__clkbuf_16)
                                                         clknet_0_clk (net)
                      0.069886    0.000291    0.204305 ^ clkbuf_1_1__f_clk/A (sky130_fd_sc_hd__clkbuf_16)
     8    0.026522    0.075712    0.230820    0.435125 ^ clkbuf_1_1__f_clk/X (sky130_fd_sc_hd__clkbuf_16)
                                                         clknet_1_1__leaf_clk (net)
                      0.075714    0.000449    0.435573 ^ _104_/CLK (sky130_fd_sc_hd__dfxtp_1)
                                  0.250000    0.685573   clock uncertainty
                                  0.000000    0.685573   clock reconvergence pessimism
                                 -0.071048    0.614525   library hold time
                                              0.614525   data required time
---------------------------------------------------------------------------------------------
                                              0.614525   data required time
                                             -1.590355   data arrival time
---------------------------------------------------------------------------------------------
                                              0.975830   slack (MET)


Startpoint: _098_ (rising edge-triggered flip-flop clocked by clk)
Endpoint: _098_ (rising edge-triggered flip-flop clocked by clk)
Path Group: clk
Path Type: min

Fanout         Cap        Slew       Delay        Time   Description
---------------------------------------------------------------------------------------------
                                  0.000000    0.000000   clock clk (rise edge)
                                  0.000000    0.000000   clock source latency
     2    0.044229    0.000000    0.000000    0.000000 ^ clk (in)
                                                         clk (net)
                      0.010859    0.005430    0.005430 ^ clkbuf_0_clk/A (sky130_fd_sc_hd__clkbuf_16)
     2    0.022036    0.069886    0.198584    0.204014 ^ clkbuf_0_clk/X (sky130_fd_sc_hd__clkbuf_16)
                                                         clknet_0_clk (net)
                      0.069886    0.000291    0.204305 ^ clkbuf_1_1__f_clk/A (sky130_fd_sc_hd__clkbuf_16)
     8    0.026522    0.075712    0.230820    0.435125 ^ clkbuf_1_1__f_clk/X (sky130_fd_sc_hd__clkbuf_16)
                                                         clknet_1_1__leaf_clk (net)
                      0.075712    0.000213    0.435338 ^ _098_/CLK (sky130_fd_sc_hd__dfxtp_1)
     5    0.011367    0.116486    0.638377    1.073714 v _098_/Q (sky130_fd_sc_hd__dfxtp_1)
                                                         net16 (net)
                      0.116486    0.000078    1.073792 v _068_/A (sky130_fd_sc_hd__and2_1)
     2    0.006736    0.096545    0.331072    1.404864 v _068_/X (sky130_fd_sc_hd__and2_1)
                                                         _031_ (net)
                      0.096545    0.000064    1.404928 v _070_/A (sky130_fd_sc_hd__nor2_1)
     1    0.002657    0.128531    0.173166    1.578094 ^ _070_/Y (sky130_fd_sc_hd__nor2_1)
                                                         _008_ (net)
                      0.128531    0.000030    1.578124 ^ _098_/D (sky130_fd_sc_hd__dfxtp_1)
                                              1.578124   data arrival time

                                  0.000000    0.000000   clock clk (rise edge)
                                  0.000000    0.000000   clock source latency
     2    0.044229    0.000000    0.000000    0.000000 ^ clk (in)
                                                         clk (net)
                      0.010859    0.005430    0.005430 ^ clkbuf_0_clk/A (sky130_fd_sc_hd__clkbuf_16)
     2    0.022036    0.069886    0.198584    0.204014 ^ clkbuf_0_clk/X (sky130_fd_sc_hd__clkbuf_16)
                                                         clknet_0_clk (net)
                      0.069886    0.000291    0.204305 ^ clkbuf_1_1__f_clk/A (sky130_fd_sc_hd__clkbuf_16)
     8    0.026522    0.075712    0.230820    0.435125 ^ clkbuf_1_1__f_clk/X (sky130_fd_sc_hd__clkbuf_16)
                                                         clknet_1_1__leaf_clk (net)
                      0.075712    0.000213    0.435338 ^ _098_/CLK (sky130_fd_sc_hd__dfxtp_1)
                                  0.250000    0.685338   clock uncertainty
                                  0.000000    0.685338   clock reconvergence pessimism
                                 -0.084730    0.600608   library hold time
                                              0.600608   data required time
---------------------------------------------------------------------------------------------
                                              0.600608   data required time
                                             -1.578124   data arrival time
---------------------------------------------------------------------------------------------
                                              0.977517   slack (MET)


Startpoint: _093_ (rising edge-triggered flip-flop clocked by clk)
Endpoint: _093_ (rising edge-triggered flip-flop clocked by clk)
Path Group: clk
Path Type: min

Fanout         Cap        Slew       Delay        Time   Description
---------------------------------------------------------------------------------------------
                                  0.000000    0.000000   clock clk (rise edge)
                                  0.000000    0.000000   clock source latency
     2    0.044229    0.000000    0.000000    0.000000 ^ clk (in)
                                                         clk (net)
                      0.010859    0.005430    0.005430 ^ clkbuf_0_clk/A (sky130_fd_sc_hd__clkbuf_16)
     2    0.022036    0.069886    0.198584    0.204014 ^ clkbuf_0_clk/X (sky130_fd_sc_hd__clkbuf_16)
                                                         clknet_0_clk (net)
                      0.069886    0.000192    0.204205 ^ clkbuf_1_0__f_clk/A (sky130_fd_sc_hd__clkbuf_16)
     8    0.024073    0.072532    0.227259    0.431464 ^ clkbuf_1_0__f_clk/X (sky130_fd_sc_hd__clkbuf_16)
                                                         clknet_1_0__leaf_clk (net)
                      0.072541    0.000516    0.431980 ^ _093_/CLK (sky130_fd_sc_hd__dfxtp_1)
     3    0.007545    0.136201    0.676660    1.108640 ^ _093_/Q (sky130_fd_sc_hd__dfxtp_1)
                                                         net11 (net)
                      0.136201    0.000052    1.108692 ^ _053_/B1 (sky130_fd_sc_hd__a31o_1)
     1    0.002053    0.063621    0.179124    1.287816 ^ _053_/X (sky130_fd_sc_hd__a31o_1)
                                                         _021_ (net)
                      0.063621    0.000011    1.287827 ^ _055_/C (sky130_fd_sc_hd__and3b_1)
     1    0.002455    0.083224    0.304784    1.592610 ^ _055_/X (sky130_fd_sc_hd__and3b_1)
                                                         _003_ (net)
                      0.083224    0.000029    1.592639 ^ _093_/D (sky130_fd_sc_hd__dfxtp_1)
                                              1.592639   data arrival time

                                  0.000000    0.000000   clock clk (rise edge)
                                  0.000000    0.000000   clock source latency
     2    0.044229    0.000000    0.000000    0.000000 ^ clk (in)
                                                         clk (net)
                      0.010859    0.005430    0.005430 ^ clkbuf_0_clk/A (sky130_fd_sc_hd__clkbuf_16)
     2    0.022036    0.069886    0.198584    0.204014 ^ clkbuf_0_clk/X (sky130_fd_sc_hd__clkbuf_16)
                                                         clknet_0_clk (net)
                      0.069886    0.000192    0.204205 ^ clkbuf_1_0__f_clk/A (sky130_fd_sc_hd__clkbuf_16)
     8    0.024073    0.072532    0.227259    0.431464 ^ clkbuf_1_0__f_clk/X (sky130_fd_sc_hd__clkbuf_16)
                                                         clknet_1_0__leaf_clk (net)
                      0.072541    0.000516    0.431980 ^ _093_/CLK (sky130_fd_sc_hd__dfxtp_1)
                                  0.250000    0.681980   clock uncertainty
                                  0.000000    0.681980   clock reconvergence pessimism
                                 -0.074693    0.607287   library hold time
                                              0.607287   data required time
---------------------------------------------------------------------------------------------
                                              0.607287   data required time
                                             -1.592639   data arrival time
---------------------------------------------------------------------------------------------
                                              0.985352   slack (MET)


Startpoint: _096_ (rising edge-triggered flip-flop clocked by clk)
Endpoint: _096_ (rising edge-triggered flip-flop clocked by clk)
Path Group: clk
Path Type: min

Fanout         Cap        Slew       Delay        Time   Description
---------------------------------------------------------------------------------------------
                                  0.000000    0.000000   clock clk (rise edge)
                                  0.000000    0.000000   clock source latency
     2    0.044229    0.000000    0.000000    0.000000 ^ clk (in)
                                                         clk (net)
                      0.010859    0.005430    0.005430 ^ clkbuf_0_clk/A (sky130_fd_sc_hd__clkbuf_16)
     2    0.022036    0.069886    0.198584    0.204014 ^ clkbuf_0_clk/X (sky130_fd_sc_hd__clkbuf_16)
                                                         clknet_0_clk (net)
                      0.069886    0.000192    0.204205 ^ clkbuf_1_0__f_clk/A (sky130_fd_sc_hd__clkbuf_16)
     8    0.024073    0.072532    0.227259    0.431464 ^ clkbuf_1_0__f_clk/X (sky130_fd_sc_hd__clkbuf_16)
                                                         clknet_1_0__leaf_clk (net)
                      0.072532    0.000218    0.431682 ^ _096_/CLK (sky130_fd_sc_hd__dfxtp_1)
     4    0.010336    0.170896    0.705950    1.137632 ^ _096_/Q (sky130_fd_sc_hd__dfxtp_1)
                                                         net14 (net)
                      0.170896    0.000207    1.137839 ^ _062_/A (sky130_fd_sc_hd__or2_1)
     1    0.002127    0.056811    0.200709    1.338548 ^ _062_/X (sky130_fd_sc_hd__or2_1)
                                                         _027_ (net)
                      0.056811    0.000019    1.338567 ^ _064_/C (sky130_fd_sc_hd__and3b_1)
     1    0.002507    0.083911    0.302917    1.641484 ^ _064_/X (sky130_fd_sc_hd__and3b_1)
                                                         _006_ (net)
                      0.083911    0.000030    1.641514 ^ _096_/D (sky130_fd_sc_hd__dfxtp_1)
                                              1.641514   data arrival time

                                  0.000000    0.000000   clock clk (rise edge)
                                  0.000000    0.000000   clock source latency
     2    0.044229    0.000000    0.000000    0.000000 ^ clk (in)
                                                         clk (net)
                      0.010859    0.005430    0.005430 ^ clkbuf_0_clk/A (sky130_fd_sc_hd__clkbuf_16)
     2    0.022036    0.069886    0.198584    0.204014 ^ clkbuf_0_clk/X (sky130_fd_sc_hd__clkbuf_16)
                                                         clknet_0_clk (net)
                      0.069886    0.000192    0.204205 ^ clkbuf_1_0__f_clk/A (sky130_fd_sc_hd__clkbuf_16)
     8    0.024073    0.072532    0.227259    0.431464 ^ clkbuf_1_0__f_clk/X (sky130_fd_sc_hd__clkbuf_16)
                                                         clknet_1_0__leaf_clk (net)
                      0.072532    0.000218    0.431682 ^ _096_/CLK (sky130_fd_sc_hd__dfxtp_1)
                                  0.250000    0.681682   clock uncertainty
                                  0.000000    0.681682   clock reconvergence pessimism
                                 -0.074855    0.606828   library hold time
                                              0.606828   data required time
---------------------------------------------------------------------------------------------
                                              0.606828   data required time
                                             -1.641514   data arrival time
---------------------------------------------------------------------------------------------
                                              1.034686   slack (MET)


Startpoint: _096_ (rising edge-triggered flip-flop clocked by clk)
Endpoint: _097_ (rising edge-triggered flip-flop clocked by clk)
Path Group: clk
Path Type: min

Fanout         Cap        Slew       Delay        Time   Description
---------------------------------------------------------------------------------------------
                                  0.000000    0.000000   clock clk (rise edge)
                                  0.000000    0.000000   clock source latency
     2    0.044229    0.000000    0.000000    0.000000 ^ clk (in)
                                                         clk (net)
                      0.010859    0.005430    0.005430 ^ clkbuf_0_clk/A (sky130_fd_sc_hd__clkbuf_16)
     2    0.022036    0.069886    0.198584    0.204014 ^ clkbuf_0_clk/X (sky130_fd_sc_hd__clkbuf_16)
                                                         clknet_0_clk (net)
                      0.069886    0.000192    0.204205 ^ clkbuf_1_0__f_clk/A (sky130_fd_sc_hd__clkbuf_16)
     8    0.024073    0.072532    0.227259    0.431464 ^ clkbuf_1_0__f_clk/X (sky130_fd_sc_hd__clkbuf_16)
                                                         clknet_1_0__leaf_clk (net)
                      0.072532    0.000218    0.431682 ^ _096_/CLK (sky130_fd_sc_hd__dfxtp_1)
     4    0.010047    0.105701    0.627704    1.059386 v _096_/Q (sky130_fd_sc_hd__dfxtp_1)
                                                         net14 (net)
                      0.105701    0.000168    1.059554 v _065_/A (sky130_fd_sc_hd__and4_1)
     5    0.016307    0.167159    0.425070    1.484624 v _065_/X (sky130_fd_sc_hd__and4_1)
                                                         _029_ (net)
                      0.167159    0.000080    1.484704 v _067_/A (sky130_fd_sc_hd__nor2_1)
     1    0.002118    0.113274    0.189329    1.674033 ^ _067_/Y (sky130_fd_sc_hd__nor2_1)
                                                         _007_ (net)
                      0.113274    0.000020    1.674052 ^ _097_/D (sky130_fd_sc_hd__dfxtp_1)
                                              1.674052   data arrival time

                                  0.000000    0.000000   clock clk (rise edge)
                                  0.000000    0.000000   clock source latency
     2    0.044229    0.000000    0.000000    0.000000 ^ clk (in)
                                                         clk (net)
                      0.010859    0.005430    0.005430 ^ clkbuf_0_clk/A (sky130_fd_sc_hd__clkbuf_16)
     2    0.022036    0.069886    0.198584    0.204014 ^ clkbuf_0_clk/X (sky130_fd_sc_hd__clkbuf_16)
                                                         clknet_0_clk (net)
                      0.069886    0.000192    0.204205 ^ clkbuf_1_0__f_clk/A (sky130_fd_sc_hd__clkbuf_16)
     8    0.024073    0.072532    0.227259    0.431464 ^ clkbuf_1_0__f_clk/X (sky130_fd_sc_hd__clkbuf_16)
                                                         clknet_1_0__leaf_clk (net)
                      0.072532    0.000242    0.431706 ^ _097_/CLK (sky130_fd_sc_hd__dfxtp_1)
                                  0.250000    0.681706   clock uncertainty
                                  0.000000    0.681706   clock reconvergence pessimism
                                 -0.081686    0.600019   library hold time
                                              0.600019   data required time
---------------------------------------------------------------------------------------------
                                              0.600019   data required time
                                             -1.674052   data arrival time
---------------------------------------------------------------------------------------------
                                              1.074033   slack (MET)


Startpoint: _103_ (rising edge-triggered flip-flop clocked by clk)
Endpoint: _103_ (rising edge-triggered flip-flop clocked by clk)
Path Group: clk
Path Type: min

Fanout         Cap        Slew       Delay        Time   Description
---------------------------------------------------------------------------------------------
                                  0.000000    0.000000   clock clk (rise edge)
                                  0.000000    0.000000   clock source latency
     2    0.044229    0.000000    0.000000    0.000000 ^ clk (in)
                                                         clk (net)
                      0.010859    0.005430    0.005430 ^ clkbuf_0_clk/A (sky130_fd_sc_hd__clkbuf_16)
     2    0.022036    0.069886    0.198584    0.204014 ^ clkbuf_0_clk/X (sky130_fd_sc_hd__clkbuf_16)
                                                         clknet_0_clk (net)
                      0.069886    0.000291    0.204305 ^ clkbuf_1_1__f_clk/A (sky130_fd_sc_hd__clkbuf_16)
     8    0.026522    0.075712    0.230820    0.435125 ^ clkbuf_1_1__f_clk/X (sky130_fd_sc_hd__clkbuf_16)
                                                         clknet_1_1__leaf_clk (net)
                      0.075714    0.000439    0.435564 ^ _103_/CLK (sky130_fd_sc_hd__dfxtp_1)
     4    0.014299    0.225674    0.748627    1.184191 ^ _103_/Q (sky130_fd_sc_hd__dfxtp_1)
                                                         net6 (net)
                      0.225674    0.000525    1.184716 ^ _082_/B1 (sky130_fd_sc_hd__a31o_1)
     1    0.002037    0.064621    0.216856    1.401572 ^ _082_/X (sky130_fd_sc_hd__a31o_1)
                                                         _040_ (net)
                      0.064621    0.000011    1.401583 ^ _084_/C (sky130_fd_sc_hd__and3b_1)
     1    0.002091    0.078709    0.299757    1.701340 ^ _084_/X (sky130_fd_sc_hd__and3b_1)
                                                         _013_ (net)
                      0.078709    0.000020    1.701360 ^ _103_/D (sky130_fd_sc_hd__dfxtp_1)
                                              1.701360   data arrival time

                                  0.000000    0.000000   clock clk (rise edge)
                                  0.000000    0.000000   clock source latency
     2    0.044229    0.000000    0.000000    0.000000 ^ clk (in)
                                                         clk (net)
                      0.010859    0.005430    0.005430 ^ clkbuf_0_clk/A (sky130_fd_sc_hd__clkbuf_16)
     2    0.022036    0.069886    0.198584    0.204014 ^ clkbuf_0_clk/X (sky130_fd_sc_hd__clkbuf_16)
                                                         clknet_0_clk (net)
                      0.069886    0.000291    0.204305 ^ clkbuf_1_1__f_clk/A (sky130_fd_sc_hd__clkbuf_16)
     8    0.026522    0.075712    0.230820    0.435125 ^ clkbuf_1_1__f_clk/X (sky130_fd_sc_hd__clkbuf_16)
                                                         clknet_1_1__leaf_clk (net)
                      0.075714    0.000439    0.435564 ^ _103_/CLK (sky130_fd_sc_hd__dfxtp_1)
                                  0.250000    0.685564   clock uncertainty
                                  0.000000    0.685564   clock reconvergence pessimism
                                 -0.073138    0.612425   library hold time
                                              0.612425   data required time
---------------------------------------------------------------------------------------------
                                              0.612425   data required time
                                             -1.701360   data arrival time
---------------------------------------------------------------------------------------------
                                              1.088935   slack (MET)


Startpoint: _098_ (rising edge-triggered flip-flop clocked by clk)
Endpoint: _100_ (rising edge-triggered flip-flop clocked by clk)
Path Group: clk
Path Type: min

Fanout         Cap        Slew       Delay        Time   Description
---------------------------------------------------------------------------------------------
                                  0.000000    0.000000   clock clk (rise edge)
                                  0.000000    0.000000   clock source latency
     2    0.044229    0.000000    0.000000    0.000000 ^ clk (in)
                                                         clk (net)
                      0.010859    0.005430    0.005430 ^ clkbuf_0_clk/A (sky130_fd_sc_hd__clkbuf_16)
     2    0.022036    0.069886    0.198584    0.204014 ^ clkbuf_0_clk/X (sky130_fd_sc_hd__clkbuf_16)
                                                         clknet_0_clk (net)
                      0.069886    0.000291    0.204305 ^ clkbuf_1_1__f_clk/A (sky130_fd_sc_hd__clkbuf_16)
     8    0.026522    0.075712    0.230820    0.435125 ^ clkbuf_1_1__f_clk/X (sky130_fd_sc_hd__clkbuf_16)
                                                         clknet_1_1__leaf_clk (net)
                      0.075712    0.000213    0.435338 ^ _098_/CLK (sky130_fd_sc_hd__dfxtp_1)
     5    0.011367    0.116486    0.638377    1.073714 v _098_/Q (sky130_fd_sc_hd__dfxtp_1)
                                                         net16 (net)
                      0.116486    0.000119    1.073833 v _071_/A (sky130_fd_sc_hd__and3_1)
     2    0.006230    0.092608    0.344854    1.418687 v _071_/X (sky130_fd_sc_hd__and3_1)
                                                         _033_ (net)
                      0.092608    0.000048    1.418736 v _075_/A2 (sky130_fd_sc_hd__o21ai_1)
     1    0.003296    0.147341    0.209265    1.628001 ^ _075_/Y (sky130_fd_sc_hd__o21ai_1)
                                                         _036_ (net)
                      0.147341    0.000036    1.628037 ^ _076_/B (sky130_fd_sc_hd__nor2_1)
     1    0.001965    0.045441    0.092367    1.720403 v _076_/Y (sky130_fd_sc_hd__nor2_1)
                                                         _010_ (net)
                      0.045441    0.000009    1.720413 v _100_/D (sky130_fd_sc_hd__dfxtp_1)
                                              1.720413   data arrival time

                                  0.000000    0.000000   clock clk (rise edge)
                                  0.000000    0.000000   clock source latency
     2    0.044229    0.000000    0.000000    0.000000 ^ clk (in)
                                                         clk (net)
                      0.010859    0.005430    0.005430 ^ clkbuf_0_clk/A (sky130_fd_sc_hd__clkbuf_16)
     2    0.022036    0.069886    0.198584    0.204014 ^ clkbuf_0_clk/X (sky130_fd_sc_hd__clkbuf_16)
                                                         clknet_0_clk (net)
                      0.069886    0.000291    0.204305 ^ clkbuf_1_1__f_clk/A (sky130_fd_sc_hd__clkbuf_16)
     8    0.026522    0.075712    0.230820    0.435125 ^ clkbuf_1_1__f_clk/X (sky130_fd_sc_hd__clkbuf_16)
                                                         clknet_1_1__leaf_clk (net)
                      0.075712    0.000126    0.435251 ^ _100_/CLK (sky130_fd_sc_hd__dfxtp_1)
                                  0.250000    0.685251   clock uncertainty
                                  0.000000    0.685251   clock reconvergence pessimism
                                 -0.094481    0.590770   library hold time
                                              0.590770   data required time
---------------------------------------------------------------------------------------------
                                              0.590770   data required time
                                             -1.720413   data arrival time
---------------------------------------------------------------------------------------------
                                              1.129643   slack (MET)


Startpoint: _090_ (rising edge-triggered flip-flop clocked by clk)
Endpoint: _090_ (rising edge-triggered flip-flop clocked by clk)
Path Group: clk
Path Type: min

Fanout         Cap        Slew       Delay        Time   Description
---------------------------------------------------------------------------------------------
                                  0.000000    0.000000   clock clk (rise edge)
                                  0.000000    0.000000   clock source latency
     2    0.044229    0.000000    0.000000    0.000000 ^ clk (in)
                                                         clk (net)
                      0.010859    0.005430    0.005430 ^ clkbuf_0_clk/A (sky130_fd_sc_hd__clkbuf_16)
     2    0.022036    0.069886    0.198584    0.204014 ^ clkbuf_0_clk/X (sky130_fd_sc_hd__clkbuf_16)
                                                         clknet_0_clk (net)
                      0.069886    0.000192    0.204205 ^ clkbuf_1_0__f_clk/A (sky130_fd_sc_hd__clkbuf_16)
     8    0.024073    0.072532    0.227259    0.431464 ^ clkbuf_1_0__f_clk/X (sky130_fd_sc_hd__clkbuf_16)
                                                         clknet_1_0__leaf_clk (net)
                      0.072545    0.000610    0.432075 ^ _090_/CLK (sky130_fd_sc_hd__dfxtp_2)
     7    0.023501    0.200693    0.760949    1.193023 ^ _090_/Q (sky130_fd_sc_hd__dfxtp_2)
                                                         net2 (net)
                      0.200693    0.000221    1.193244 ^ hold1/A (sky130_fd_sc_hd__dlygate4sd3_1)
     2    0.009810    0.186479    1.182215    2.375459 ^ hold1/X (sky130_fd_sc_hd__dlygate4sd3_1)
                                                         net34 (net)
                      0.186479    0.000024    2.375484 ^ _047_/A (sky130_fd_sc_hd__nor2_1)
     1    0.002123    0.057161    0.122284    2.497767 v _047_/Y (sky130_fd_sc_hd__nor2_1)
                                                         _000_ (net)
                      0.057161    0.000021    2.497788 v _090_/D (sky130_fd_sc_hd__dfxtp_2)
                                              2.497788   data arrival time

                                  0.000000    0.000000   clock clk (rise edge)
                                  0.000000    0.000000   clock source latency
     2    0.044229    0.000000    0.000000    0.000000 ^ clk (in)
                                                         clk (net)
                      0.010859    0.005430    0.005430 ^ clkbuf_0_clk/A (sky130_fd_sc_hd__clkbuf_16)
     2    0.022036    0.069886    0.198584    0.204014 ^ clkbuf_0_clk/X (sky130_fd_sc_hd__clkbuf_16)
                                                         clknet_0_clk (net)
                      0.069886    0.000192    0.204205 ^ clkbuf_1_0__f_clk/A (sky130_fd_sc_hd__clkbuf_16)
     8    0.024073    0.072532    0.227259    0.431464 ^ clkbuf_1_0__f_clk/X (sky130_fd_sc_hd__clkbuf_16)
                                                         clknet_1_0__leaf_clk (net)
                      0.072545    0.000610    0.432075 ^ _090_/CLK (sky130_fd_sc_hd__dfxtp_2)
                                  0.250000    0.682075   clock uncertainty
                                  0.000000    0.682075   clock reconvergence pessimism
                                 -0.084844    0.597230   library hold time
                                              0.597230   data required time
---------------------------------------------------------------------------------------------
                                              0.597230   data required time
                                             -2.497788   data arrival time
---------------------------------------------------------------------------------------------
                                              1.900558   slack (MET)


Startpoint: _090_ (rising edge-triggered flip-flop clocked by clk)
Endpoint: _091_ (rising edge-triggered flip-flop clocked by clk)
Path Group: clk
Path Type: min

Fanout         Cap        Slew       Delay        Time   Description
---------------------------------------------------------------------------------------------
                                  0.000000    0.000000   clock clk (rise edge)
                                  0.000000    0.000000   clock source latency
     2    0.044229    0.000000    0.000000    0.000000 ^ clk (in)
                                                         clk (net)
                      0.010859    0.005430    0.005430 ^ clkbuf_0_clk/A (sky130_fd_sc_hd__clkbuf_16)
     2    0.022036    0.069886    0.198584    0.204014 ^ clkbuf_0_clk/X (sky130_fd_sc_hd__clkbuf_16)
                                                         clknet_0_clk (net)
                      0.069886    0.000192    0.204205 ^ clkbuf_1_0__f_clk/A (sky130_fd_sc_hd__clkbuf_16)
     8    0.024073    0.072532    0.227259    0.431464 ^ clkbuf_1_0__f_clk/X (sky130_fd_sc_hd__clkbuf_16)
                                                         clknet_1_0__leaf_clk (net)
                      0.072545    0.000610    0.432075 ^ _090_/CLK (sky130_fd_sc_hd__dfxtp_2)
     7    0.022697    0.116223    0.676846    1.108920 v _090_/Q (sky130_fd_sc_hd__dfxtp_2)
                                                         net2 (net)
                      0.116224    0.000580    1.109500 v _048_/A1 (sky130_fd_sc_hd__o21ai_1)
     1    0.004016    0.161165    0.257502    1.367003 ^ _048_/Y (sky130_fd_sc_hd__o21ai_1)
                                                         _018_ (net)
                      0.161165    0.000056    1.367058 ^ _049_/B1 (sky130_fd_sc_hd__a21oi_1)
     1    0.002181    0.057539    0.099240    1.466298 v _049_/Y (sky130_fd_sc_hd__a21oi_1)
                                                         _001_ (net)
                      0.057539    0.000013    1.466312 v hold5/A (sky130_fd_sc_hd__dlygate4sd3_1)
     1    0.002041    0.101426    1.105229    2.571540 v hold5/X (sky130_fd_sc_hd__dlygate4sd3_1)
                                                         net38 (net)
                      0.101426    0.000019    2.571559 v _091_/D (sky130_fd_sc_hd__dfxtp_1)
                                              2.571559   data arrival time

                                  0.000000    0.000000   clock clk (rise edge)
                                  0.000000    0.000000   clock source latency
     2    0.044229    0.000000    0.000000    0.000000 ^ clk (in)
                                                         clk (net)
                      0.010859    0.005430    0.005430 ^ clkbuf_0_clk/A (sky130_fd_sc_hd__clkbuf_16)
     2    0.022036    0.069886    0.198584    0.204014 ^ clkbuf_0_clk/X (sky130_fd_sc_hd__clkbuf_16)
                                                         clknet_0_clk (net)
                      0.069886    0.000192    0.204205 ^ clkbuf_1_0__f_clk/A (sky130_fd_sc_hd__clkbuf_16)
     8    0.024073    0.072532    0.227259    0.431464 ^ clkbuf_1_0__f_clk/X (sky130_fd_sc_hd__clkbuf_16)
                                                         clknet_1_0__leaf_clk (net)
                      0.072547    0.000682    0.432146 ^ _091_/CLK (sky130_fd_sc_hd__dfxtp_1)
                                  0.250000    0.682146   clock uncertainty
                                  0.000000    0.682146   clock reconvergence pessimism
                                 -0.116401    0.565746   library hold time
                                              0.565746   data required time
---------------------------------------------------------------------------------------------
                                              0.565746   data required time
                                             -2.571559   data arrival time
---------------------------------------------------------------------------------------------
                                              2.005813   slack (MET)



