
===========================================================================
 report_power
============================================================================
======================= min_ss_100C_1v60 Corner ===================================

Group                    Internal    Switching      Leakage        Total
                            Power        Power        Power        Power (Watts)
------------------------------------------------------------------------
Sequential           2.017943e-05 4.180498e-07 2.211409e-07 2.081862e-05  44.3%
Combinational        1.010473e-06 3.510482e-07 3.285547e-07 1.690076e-06   3.6%
Clock                1.702209e-05 7.437441e-06 5.789222e-08 2.451743e-05  52.1%
Macro                0.000000e+00 0.000000e+00 0.000000e+00 0.000000e+00   0.0%
Pad                  0.000000e+00 0.000000e+00 0.000000e+00 0.000000e+00   0.0%
------------------------------------------------------------------------
Total                3.821199e-05 8.206539e-06 6.075878e-07 4.702611e-05 100.0%
                            81.3%        17.5%         1.3%

