Clock: clk
Sources: clk 
Generated: no
Virtual: yes
Propagated: no
Period: 25.000000

===========================================================================
report_clock_properties
============================================================================
Clock                   Period          Waveform
----------------------------------------------------
clk                  25.000000    0.000000 12.500000

===========================================================================
report_clock_latency
============================================================================
Clock clk
rise -> rise
    min     max
0.000000 0.000000 source latency
0.255595         network latency _096_/CLK
        0.258687 network latency _105_/CLK
---------------
0.255595 0.258687 latency
        0.003091 skew

fall -> fall
    min     max
0.000000 0.000000 source latency
0.287534         network latency _096_/CLK
        0.290437 network latency _105_/CLK
---------------
0.287534 0.290437 latency
        0.002903 skew



===========================================================================
report_clock_min_period
============================================================================
clk period_min = 2.23 fmax = 448.72
