
===========================================================================
 report_power
============================================================================
======================= nom_tt_025C_1v80 Corner ===================================

Group                    Internal    Switching      Leakage        Total
                            Power        Power        Power        Power (Watts)
------------------------------------------------------------------------
Sequential           2.593493e-05 5.549890e-07 1.301999e-10 2.649004e-05  44.6%
Combinational        1.279407e-06 4.664235e-07 3.232512e-10 1.746154e-06   2.9%
Clock                2.099664e-05 1.015295e-05 9.377169e-10 3.115052e-05  52.5%
Macro                0.000000e+00 0.000000e+00 0.000000e+00 0.000000e+00   0.0%
Pad                  0.000000e+00 0.000000e+00 0.000000e+00 0.000000e+00   0.0%
------------------------------------------------------------------------
Total                4.821097e-05 1.117436e-05 1.391169e-09 5.938672e-05 100.0%
                            81.2%        18.8%         0.0%

