Clock: clk
Sources: clk 
Generated: no
Virtual: yes
Propagated: no
Period: 25.000000

===========================================================================
report_clock_properties
============================================================================
Clock                   Period          Waveform
----------------------------------------------------
clk                  25.000000    0.000000 12.500000

===========================================================================
report_clock_latency
============================================================================
Clock clk
rise -> rise
    min     max
0.000000 0.000000 source latency
0.443179         network latency _096_/CLK
        0.448309 network latency _105_/CLK
---------------
0.443179 0.448309 latency
        0.005130 skew

fall -> fall
    min     max
0.000000 0.000000 source latency
0.501196         network latency _096_/CLK
        0.505578 network latency _105_/CLK
---------------
0.501196 0.505578 latency
        0.004381 skew



===========================================================================
report_clock_min_period
============================================================================
clk period_min = 4.37 fmax = 228.63
