
===========================================================================
report_checks -path_delay min (Hold)
============================================================================
======================= max_ss_100C_1v60 Corner ===================================

Startpoint: _101_ (rising edge-triggered flip-flop clocked by clk)
Endpoint: _102_ (rising edge-triggered flip-flop clocked by clk)
Path Group: clk
Path Type: min

Fanout         Cap        Slew       Delay        Time   Description
---------------------------------------------------------------------------------------------
                                  0.000000    0.000000   clock clk (rise edge)
                                  0.000000    0.000000   clock source latency
     2    0.050487    0.000000    0.000000    0.000000 ^ clk (in)
                                                         clk (net)
                      0.017193    0.008597    0.008597 ^ clkbuf_0_clk/A (sky130_fd_sc_hd__clkbuf_16)
     2    0.023089    0.071223    0.202371    0.210967 ^ clkbuf_0_clk/X (sky130_fd_sc_hd__clkbuf_16)
                                                         clknet_0_clk (net)
                      0.071228    0.001055    0.212023 ^ clkbuf_1_1__f_clk/A (sky130_fd_sc_hd__clkbuf_16)
     8    0.029053    0.079171    0.234524    0.446547 ^ clkbuf_1_1__f_clk/X (sky130_fd_sc_hd__clkbuf_16)
                                                         clknet_1_1__leaf_clk (net)
                      0.079180    0.000891    0.447438 ^ _101_/CLK (sky130_fd_sc_hd__dfxtp_2)
     9    0.024582    0.123719    0.685422    1.132859 v _101_/Q (sky130_fd_sc_hd__dfxtp_2)
                                                         net4 (net)
                      0.123735    0.001443    1.134303 v _079_/A1 (sky130_fd_sc_hd__a21oi_1)
     1    0.002753    0.143710    0.222041    1.356343 ^ _079_/Y (sky130_fd_sc_hd__a21oi_1)
                                                         _038_ (net)
                      0.143710    0.000129    1.356472 ^ _081_/A (sky130_fd_sc_hd__nor2_1)
     1    0.002295    0.033912    0.105911    1.462382 v _081_/Y (sky130_fd_sc_hd__nor2_1)
                                                         _012_ (net)
                      0.033913    0.000153    1.462535 v _102_/D (sky130_fd_sc_hd__dfxtp_1)
                                              1.462535   data arrival time

                                  0.000000    0.000000   clock clk (rise edge)
                                  0.000000    0.000000   clock source latency
     2    0.050487    0.000000    0.000000    0.000000 ^ clk (in)
                                                         clk (net)
                      0.017193    0.008597    0.008597 ^ clkbuf_0_clk/A (sky130_fd_sc_hd__clkbuf_16)
     2    0.023089    0.071223    0.202371    0.210967 ^ clkbuf_0_clk/X (sky130_fd_sc_hd__clkbuf_16)
                                                         clknet_0_clk (net)
                      0.071228    0.001055    0.212023 ^ clkbuf_1_1__f_clk/A (sky130_fd_sc_hd__clkbuf_16)
     8    0.029053    0.079171    0.234524    0.446547 ^ clkbuf_1_1__f_clk/X (sky130_fd_sc_hd__clkbuf_16)
                                                         clknet_1_1__leaf_clk (net)
                      0.079193    0.001244    0.447791 ^ _102_/CLK (sky130_fd_sc_hd__dfxtp_1)
                                  0.250000    0.697791   clock uncertainty
                                  0.000000    0.697791   clock reconvergence pessimism
                                 -0.089288    0.608503   library hold time
                                              0.608503   data required time
---------------------------------------------------------------------------------------------
                                              0.608503   data required time
                                             -1.462535   data arrival time
---------------------------------------------------------------------------------------------
                                              0.854033   slack (MET)


Startpoint: _101_ (rising edge-triggered flip-flop clocked by clk)
Endpoint: _105_ (rising edge-triggered flip-flop clocked by clk)
Path Group: clk
Path Type: min

Fanout         Cap        Slew       Delay        Time   Description
---------------------------------------------------------------------------------------------
                                  0.000000    0.000000   clock clk (rise edge)
                                  0.000000    0.000000   clock source latency
     2    0.050487    0.000000    0.000000    0.000000 ^ clk (in)
                                                         clk (net)
                      0.017193    0.008597    0.008597 ^ clkbuf_0_clk/A (sky130_fd_sc_hd__clkbuf_16)
     2    0.023089    0.071223    0.202371    0.210967 ^ clkbuf_0_clk/X (sky130_fd_sc_hd__clkbuf_16)
                                                         clknet_0_clk (net)
                      0.071228    0.001055    0.212023 ^ clkbuf_1_1__f_clk/A (sky130_fd_sc_hd__clkbuf_16)
     8    0.029053    0.079171    0.234524    0.446547 ^ clkbuf_1_1__f_clk/X (sky130_fd_sc_hd__clkbuf_16)
                                                         clknet_1_1__leaf_clk (net)
                      0.079180    0.000891    0.447438 ^ _101_/CLK (sky130_fd_sc_hd__dfxtp_2)
     9    0.024582    0.123719    0.685422    1.132859 v _101_/Q (sky130_fd_sc_hd__dfxtp_2)
                                                         net4 (net)
                      0.123728    0.001186    1.134046 v _086_/A (sky130_fd_sc_hd__nand3_1)
     2    0.006694    0.134965    0.169409    1.303455 ^ _086_/Y (sky130_fd_sc_hd__nand3_1)
                                                         _043_ (net)
                      0.134965    0.000344    1.303799 ^ _089_/A2 (sky130_fd_sc_hd__a21oi_1)
     1    0.002861    0.046831    0.154451    1.458250 v _089_/Y (sky130_fd_sc_hd__a21oi_1)
                                                         _015_ (net)
                      0.046831    0.000112    1.458362 v _105_/D (sky130_fd_sc_hd__dfxtp_1)
                                              1.458362   data arrival time

                                  0.000000    0.000000   clock clk (rise edge)
                                  0.000000    0.000000   clock source latency
     2    0.050487    0.000000    0.000000    0.000000 ^ clk (in)
                                                         clk (net)
                      0.017193    0.008597    0.008597 ^ clkbuf_0_clk/A (sky130_fd_sc_hd__clkbuf_16)
     2    0.023089    0.071223    0.202371    0.210967 ^ clkbuf_0_clk/X (sky130_fd_sc_hd__clkbuf_16)
                                                         clknet_0_clk (net)
                      0.071228    0.001055    0.212023 ^ clkbuf_1_1__f_clk/A (sky130_fd_sc_hd__clkbuf_16)
     8    0.029053    0.079171    0.234524    0.446547 ^ clkbuf_1_1__f_clk/X (sky130_fd_sc_hd__clkbuf_16)
                                                         clknet_1_1__leaf_clk (net)
                      0.079222    0.001762    0.448309 ^ _105_/CLK (sky130_fd_sc_hd__dfxtp_1)
                                  0.250000    0.698309   clock uncertainty
                                  0.000000    0.698309   clock reconvergence pessimism
                                 -0.094164    0.604145   library hold time
                                              0.604145   data required time
---------------------------------------------------------------------------------------------
                                              0.604145   data required time
                                             -1.458362   data arrival time
---------------------------------------------------------------------------------------------
                                              0.854217   slack (MET)


Startpoint: _095_ (rising edge-triggered flip-flop clocked by clk)
Endpoint: _095_ (rising edge-triggered flip-flop clocked by clk)
Path Group: clk
Path Type: min

Fanout         Cap        Slew       Delay        Time   Description
---------------------------------------------------------------------------------------------
                                  0.000000    0.000000   clock clk (rise edge)
                                  0.000000    0.000000   clock source latency
     2    0.050487    0.000000    0.000000    0.000000 ^ clk (in)
                                                         clk (net)
                      0.017193    0.008597    0.008597 ^ clkbuf_0_clk/A (sky130_fd_sc_hd__clkbuf_16)
     2    0.023089    0.071223    0.202371    0.210967 ^ clkbuf_0_clk/X (sky130_fd_sc_hd__clkbuf_16)
                                                         clknet_0_clk (net)
                      0.071227    0.000958    0.211925 ^ clkbuf_1_0__f_clk/A (sky130_fd_sc_hd__clkbuf_16)
     8    0.025933    0.075005    0.229733    0.441658 ^ clkbuf_1_0__f_clk/X (sky130_fd_sc_hd__clkbuf_16)
                                                         clknet_1_0__leaf_clk (net)
                      0.075045    0.001604    0.443262 ^ _095_/CLK (sky130_fd_sc_hd__dfxtp_1)
     3    0.007953    0.137849    0.681828    1.125090 ^ _095_/Q (sky130_fd_sc_hd__dfxtp_1)
                                                         net13 (net)
                      0.137849    0.000437    1.125527 ^ _058_/B1 (sky130_fd_sc_hd__a21o_1)
     1    0.002479    0.055093    0.163070    1.288597 ^ _058_/X (sky130_fd_sc_hd__a21o_1)
                                                         _024_ (net)
                      0.055093    0.000149    1.288746 ^ _061_/C (sky130_fd_sc_hd__and3b_1)
     1    0.001945    0.076930    0.293823    1.582569 ^ _061_/X (sky130_fd_sc_hd__and3b_1)
                                                         _005_ (net)
                      0.076930    0.000131    1.582700 ^ _095_/D (sky130_fd_sc_hd__dfxtp_1)
                                              1.582700   data arrival time

                                  0.000000    0.000000   clock clk (rise edge)
                                  0.000000    0.000000   clock source latency
     2    0.050487    0.000000    0.000000    0.000000 ^ clk (in)
                                                         clk (net)
                      0.017193    0.008597    0.008597 ^ clkbuf_0_clk/A (sky130_fd_sc_hd__clkbuf_16)
     2    0.023089    0.071223    0.202371    0.210967 ^ clkbuf_0_clk/X (sky130_fd_sc_hd__clkbuf_16)
                                                         clknet_0_clk (net)
                      0.071227    0.000958    0.211925 ^ clkbuf_1_0__f_clk/A (sky130_fd_sc_hd__clkbuf_16)
     8    0.025933    0.075005    0.229733    0.441658 ^ clkbuf_1_0__f_clk/X (sky130_fd_sc_hd__clkbuf_16)
                                                         clknet_1_0__leaf_clk (net)
                      0.075045    0.001604    0.443262 ^ _095_/CLK (sky130_fd_sc_hd__dfxtp_1)
                                  0.250000    0.693262   clock uncertainty
                                  0.000000    0.693262   clock reconvergence pessimism
                                 -0.072831    0.620431   library hold time
                                              0.620431   data required time
---------------------------------------------------------------------------------------------
                                              0.620431   data required time
                                             -1.582700   data arrival time
---------------------------------------------------------------------------------------------
                                              0.962269   slack (MET)


Startpoint: _094_ (rising edge-triggered flip-flop clocked by clk)
Endpoint: _094_ (rising edge-triggered flip-flop clocked by clk)
Path Group: clk
Path Type: min

Fanout         Cap        Slew       Delay        Time   Description
---------------------------------------------------------------------------------------------
                                  0.000000    0.000000   clock clk (rise edge)
                                  0.000000    0.000000   clock source latency
     2    0.050487    0.000000    0.000000    0.000000 ^ clk (in)
                                                         clk (net)
                      0.017193    0.008597    0.008597 ^ clkbuf_0_clk/A (sky130_fd_sc_hd__clkbuf_16)
     2    0.023089    0.071223    0.202371    0.210967 ^ clkbuf_0_clk/X (sky130_fd_sc_hd__clkbuf_16)
                                                         clknet_0_clk (net)
                      0.071227    0.000958    0.211925 ^ clkbuf_1_0__f_clk/A (sky130_fd_sc_hd__clkbuf_16)
     8    0.025933    0.075005    0.229733    0.441658 ^ clkbuf_1_0__f_clk/X (sky130_fd_sc_hd__clkbuf_16)
                                                         clknet_1_0__leaf_clk (net)
                      0.075102    0.002283    0.443941 ^ _094_/CLK (sky130_fd_sc_hd__dfxtp_1)
     5    0.014909    0.143833    0.661157    1.105097 v _094_/Q (sky130_fd_sc_hd__dfxtp_1)
                                                         net12 (net)
                      0.143835    0.000816    1.105914 v _056_/A1 (sky130_fd_sc_hd__a21oi_1)
     1    0.003375    0.161934    0.245780    1.351694 ^ _056_/Y (sky130_fd_sc_hd__a21oi_1)
                                                         _023_ (net)
                      0.161934    0.000228    1.351922 ^ _057_/B1 (sky130_fd_sc_hd__o21a_1)
     1    0.002093    0.060671    0.244849    1.596771 ^ _057_/X (sky130_fd_sc_hd__o21a_1)
                                                         _004_ (net)
                      0.060671    0.000143    1.596914 ^ _094_/D (sky130_fd_sc_hd__dfxtp_1)
                                              1.596914   data arrival time

                                  0.000000    0.000000   clock clk (rise edge)
                                  0.000000    0.000000   clock source latency
     2    0.050487    0.000000    0.000000    0.000000 ^ clk (in)
                                                         clk (net)
                      0.017193    0.008597    0.008597 ^ clkbuf_0_clk/A (sky130_fd_sc_hd__clkbuf_16)
     2    0.023089    0.071223    0.202371    0.210967 ^ clkbuf_0_clk/X (sky130_fd_sc_hd__clkbuf_16)
                                                         clknet_0_clk (net)
                      0.071227    0.000958    0.211925 ^ clkbuf_1_0__f_clk/A (sky130_fd_sc_hd__clkbuf_16)
     8    0.025933    0.075005    0.229733    0.441658 ^ clkbuf_1_0__f_clk/X (sky130_fd_sc_hd__clkbuf_16)
                                                         clknet_1_0__leaf_clk (net)
                      0.075102    0.002283    0.443941 ^ _094_/CLK (sky130_fd_sc_hd__dfxtp_1)
                                  0.250000    0.693941   clock uncertainty
                                  0.000000    0.693941   clock reconvergence pessimism
                                 -0.069039    0.624902   library hold time
                                              0.624902   data required time
---------------------------------------------------------------------------------------------
                                              0.624902   data required time
                                             -1.596914   data arrival time
---------------------------------------------------------------------------------------------
                                              0.972013   slack (MET)


Startpoint: _090_ (rising edge-triggered flip-flop clocked by clk)
Endpoint: _092_ (rising edge-triggered flip-flop clocked by clk)
Path Group: clk
Path Type: min

Fanout         Cap        Slew       Delay        Time   Description
---------------------------------------------------------------------------------------------
                                  0.000000    0.000000   clock clk (rise edge)
                                  0.000000    0.000000   clock source latency
     2    0.050487    0.000000    0.000000    0.000000 ^ clk (in)
                                                         clk (net)
                      0.017193    0.008597    0.008597 ^ clkbuf_0_clk/A (sky130_fd_sc_hd__clkbuf_16)
     2    0.023089    0.071223    0.202371    0.210967 ^ clkbuf_0_clk/X (sky130_fd_sc_hd__clkbuf_16)
                                                         clknet_0_clk (net)
                      0.071227    0.000958    0.211925 ^ clkbuf_1_0__f_clk/A (sky130_fd_sc_hd__clkbuf_16)
     8    0.025933    0.075005    0.229733    0.441658 ^ clkbuf_1_0__f_clk/X (sky130_fd_sc_hd__clkbuf_16)
                                                         clknet_1_0__leaf_clk (net)
                      0.075138    0.002640    0.444298 ^ _090_/CLK (sky130_fd_sc_hd__dfxtp_2)
     7    0.024503    0.123206    0.682911    1.127209 v _090_/Q (sky130_fd_sc_hd__dfxtp_2)
                                                         net2 (net)
                      0.123230    0.001742    1.128951 v _051_/A1 (sky130_fd_sc_hd__a31o_1)
     1    0.002592    0.060427    0.337495    1.466446 v _051_/X (sky130_fd_sc_hd__a31o_1)
                                                         _020_ (net)
                      0.060427    0.000122    1.466568 v _052_/B (sky130_fd_sc_hd__nor2_1)
     1    0.002181    0.111926    0.124186    1.590755 ^ _052_/Y (sky130_fd_sc_hd__nor2_1)
                                                         _002_ (net)
                      0.111926    0.000146    1.590900 ^ _092_/D (sky130_fd_sc_hd__dfxtp_1)
                                              1.590900   data arrival time

                                  0.000000    0.000000   clock clk (rise edge)
                                  0.000000    0.000000   clock source latency
     2    0.050487    0.000000    0.000000    0.000000 ^ clk (in)
                                                         clk (net)
                      0.017193    0.008597    0.008597 ^ clkbuf_0_clk/A (sky130_fd_sc_hd__clkbuf_16)
     2    0.023089    0.071223    0.202371    0.210967 ^ clkbuf_0_clk/X (sky130_fd_sc_hd__clkbuf_16)
                                                         clknet_0_clk (net)
                      0.071227    0.000958    0.211925 ^ clkbuf_1_0__f_clk/A (sky130_fd_sc_hd__clkbuf_16)
     8    0.025933    0.075005    0.229733    0.441658 ^ clkbuf_1_0__f_clk/X (sky130_fd_sc_hd__clkbuf_16)
                                                         clknet_1_0__leaf_clk (net)
                      0.075149    0.002747    0.444405 ^ _092_/CLK (sky130_fd_sc_hd__dfxtp_1)
                                  0.250000    0.694405   clock uncertainty
                                  0.000000    0.694405   clock reconvergence pessimism
                                 -0.080956    0.613448   library hold time
                                              0.613448   data required time
---------------------------------------------------------------------------------------------
                                              0.613448   data required time
                                             -1.590900   data arrival time
---------------------------------------------------------------------------------------------
                                              0.977452   slack (MET)


Startpoint: _098_ (rising edge-triggered flip-flop clocked by clk)
Endpoint: _099_ (rising edge-triggered flip-flop clocked by clk)
Path Group: clk
Path Type: min

Fanout         Cap        Slew       Delay        Time   Description
---------------------------------------------------------------------------------------------
                                  0.000000    0.000000   clock clk (rise edge)
                                  0.000000    0.000000   clock source latency
     2    0.050487    0.000000    0.000000    0.000000 ^ clk (in)
                                                         clk (net)
                      0.017193    0.008597    0.008597 ^ clkbuf_0_clk/A (sky130_fd_sc_hd__clkbuf_16)
     2    0.023089    0.071223    0.202371    0.210967 ^ clkbuf_0_clk/X (sky130_fd_sc_hd__clkbuf_16)
                                                         clknet_0_clk (net)
                      0.071228    0.001055    0.212023 ^ clkbuf_1_1__f_clk/A (sky130_fd_sc_hd__clkbuf_16)
     8    0.029053    0.079171    0.234524    0.446547 ^ clkbuf_1_1__f_clk/X (sky130_fd_sc_hd__clkbuf_16)
                                                         clknet_1_1__leaf_clk (net)
                      0.079196    0.001305    0.447852 ^ _098_/CLK (sky130_fd_sc_hd__dfxtp_1)
     5    0.012222    0.123528    0.645616    1.093468 v _098_/Q (sky130_fd_sc_hd__dfxtp_1)
                                                         net16 (net)
                      0.123529    0.000591    1.094059 v _071_/A (sky130_fd_sc_hd__and3_1)
     2    0.006562    0.095329    0.350777    1.444836 v _071_/X (sky130_fd_sc_hd__and3_1)
                                                         _033_ (net)
                      0.095329    0.000409    1.445245 v _073_/A (sky130_fd_sc_hd__nor2_1)
     1    0.001969    0.106396    0.158200    1.603445 ^ _073_/Y (sky130_fd_sc_hd__nor2_1)
                                                         _009_ (net)
                      0.106396    0.000137    1.603582 ^ _099_/D (sky130_fd_sc_hd__dfxtp_1)
                                              1.603582   data arrival time

                                  0.000000    0.000000   clock clk (rise edge)
                                  0.000000    0.000000   clock source latency
     2    0.050487    0.000000    0.000000    0.000000 ^ clk (in)
                                                         clk (net)
                      0.017193    0.008597    0.008597 ^ clkbuf_0_clk/A (sky130_fd_sc_hd__clkbuf_16)
     2    0.023089    0.071223    0.202371    0.210967 ^ clkbuf_0_clk/X (sky130_fd_sc_hd__clkbuf_16)
                                                         clknet_0_clk (net)
                      0.071228    0.001055    0.212023 ^ clkbuf_1_1__f_clk/A (sky130_fd_sc_hd__clkbuf_16)
     8    0.029053    0.079171    0.234524    0.446547 ^ clkbuf_1_1__f_clk/X (sky130_fd_sc_hd__clkbuf_16)
                                                         clknet_1_1__leaf_clk (net)
                      0.079198    0.001345    0.447892 ^ _099_/CLK (sky130_fd_sc_hd__dfxtp_1)
                                  0.250000    0.697892   clock uncertainty
                                  0.000000    0.697892   clock reconvergence pessimism
                                 -0.079026    0.618866   library hold time
                                              0.618866   data required time
---------------------------------------------------------------------------------------------
                                              0.618866   data required time
                                             -1.603582   data arrival time
---------------------------------------------------------------------------------------------
                                              0.984716   slack (MET)


Startpoint: _101_ (rising edge-triggered flip-flop clocked by clk)
Endpoint: _104_ (rising edge-triggered flip-flop clocked by clk)
Path Group: clk
Path Type: min

Fanout         Cap        Slew       Delay        Time   Description
---------------------------------------------------------------------------------------------
                                  0.000000    0.000000   clock clk (rise edge)
                                  0.000000    0.000000   clock source latency
     2    0.050487    0.000000    0.000000    0.000000 ^ clk (in)
                                                         clk (net)
                      0.017193    0.008597    0.008597 ^ clkbuf_0_clk/A (sky130_fd_sc_hd__clkbuf_16)
     2    0.023089    0.071223    0.202371    0.210967 ^ clkbuf_0_clk/X (sky130_fd_sc_hd__clkbuf_16)
                                                         clknet_0_clk (net)
                      0.071228    0.001055    0.212023 ^ clkbuf_1_1__f_clk/A (sky130_fd_sc_hd__clkbuf_16)
     8    0.029053    0.079171    0.234524    0.446547 ^ clkbuf_1_1__f_clk/X (sky130_fd_sc_hd__clkbuf_16)
                                                         clknet_1_1__leaf_clk (net)
                      0.079180    0.000891    0.447438 ^ _101_/CLK (sky130_fd_sc_hd__dfxtp_2)
     9    0.024582    0.123719    0.685422    1.132859 v _101_/Q (sky130_fd_sc_hd__dfxtp_2)
                                                         net4 (net)
                      0.123728    0.001186    1.134046 v _086_/A (sky130_fd_sc_hd__nand3_1)
     2    0.006694    0.134965    0.169409    1.303455 ^ _086_/Y (sky130_fd_sc_hd__nand3_1)
                                                         _043_ (net)
                      0.134965    0.000246    1.303701 ^ _087_/B1 (sky130_fd_sc_hd__o211a_1)
     1    0.002360    0.068666    0.312598    1.616298 ^ _087_/X (sky130_fd_sc_hd__o211a_1)
                                                         _014_ (net)
                      0.068666    0.000096    1.616394 ^ _104_/D (sky130_fd_sc_hd__dfxtp_1)
                                              1.616394   data arrival time

                                  0.000000    0.000000   clock clk (rise edge)
                                  0.000000    0.000000   clock source latency
     2    0.050487    0.000000    0.000000    0.000000 ^ clk (in)
                                                         clk (net)
                      0.017193    0.008597    0.008597 ^ clkbuf_0_clk/A (sky130_fd_sc_hd__clkbuf_16)
     2    0.023089    0.071223    0.202371    0.210967 ^ clkbuf_0_clk/X (sky130_fd_sc_hd__clkbuf_16)
                                                         clknet_0_clk (net)
                      0.071228    0.001055    0.212023 ^ clkbuf_1_1__f_clk/A (sky130_fd_sc_hd__clkbuf_16)
     8    0.029053    0.079171    0.234524    0.446547 ^ clkbuf_1_1__f_clk/X (sky130_fd_sc_hd__clkbuf_16)
                                                         clknet_1_1__leaf_clk (net)
                      0.079222    0.001755    0.448302 ^ _104_/CLK (sky130_fd_sc_hd__dfxtp_1)
                                  0.250000    0.698302   clock uncertainty
                                  0.000000    0.698302   clock reconvergence pessimism
                                 -0.070244    0.628057   library hold time
                                              0.628057   data required time
---------------------------------------------------------------------------------------------
                                              0.628057   data required time
                                             -1.616394   data arrival time
---------------------------------------------------------------------------------------------
                                              0.988337   slack (MET)


Startpoint: _101_ (rising edge-triggered flip-flop clocked by clk)
Endpoint: _101_ (rising edge-triggered flip-flop clocked by clk)
Path Group: clk
Path Type: min

Fanout         Cap        Slew       Delay        Time   Description
---------------------------------------------------------------------------------------------
                                  0.000000    0.000000   clock clk (rise edge)
                                  0.000000    0.000000   clock source latency
     2    0.050487    0.000000    0.000000    0.000000 ^ clk (in)
                                                         clk (net)
                      0.017193    0.008597    0.008597 ^ clkbuf_0_clk/A (sky130_fd_sc_hd__clkbuf_16)
     2    0.023089    0.071223    0.202371    0.210967 ^ clkbuf_0_clk/X (sky130_fd_sc_hd__clkbuf_16)
                                                         clknet_0_clk (net)
                      0.071228    0.001055    0.212023 ^ clkbuf_1_1__f_clk/A (sky130_fd_sc_hd__clkbuf_16)
     8    0.029053    0.079171    0.234524    0.446547 ^ clkbuf_1_1__f_clk/X (sky130_fd_sc_hd__clkbuf_16)
                                                         clknet_1_1__leaf_clk (net)
                      0.079180    0.000891    0.447438 ^ _101_/CLK (sky130_fd_sc_hd__dfxtp_2)
     9    0.025514    0.216153    0.774654    1.222091 ^ _101_/Q (sky130_fd_sc_hd__dfxtp_2)
                                                         net4 (net)
                      0.216153    0.000792    1.222883 ^ _077_/A1 (sky130_fd_sc_hd__a21oi_1)
     1    0.004145    0.092647    0.195908    1.418791 v _077_/Y (sky130_fd_sc_hd__a21oi_1)
                                                         _037_ (net)
                      0.092648    0.000329    1.419120 v _078_/B1 (sky130_fd_sc_hd__o21a_1)
     1    0.002133    0.051406    0.190338    1.609458 v _078_/X (sky130_fd_sc_hd__o21a_1)
                                                         _011_ (net)
                      0.051407    0.000149    1.609607 v _101_/D (sky130_fd_sc_hd__dfxtp_2)
                                              1.609607   data arrival time

                                  0.000000    0.000000   clock clk (rise edge)
                                  0.000000    0.000000   clock source latency
     2    0.050487    0.000000    0.000000    0.000000 ^ clk (in)
                                                         clk (net)
                      0.017193    0.008597    0.008597 ^ clkbuf_0_clk/A (sky130_fd_sc_hd__clkbuf_16)
     2    0.023089    0.071223    0.202371    0.210967 ^ clkbuf_0_clk/X (sky130_fd_sc_hd__clkbuf_16)
                                                         clknet_0_clk (net)
                      0.071228    0.001055    0.212023 ^ clkbuf_1_1__f_clk/A (sky130_fd_sc_hd__clkbuf_16)
     8    0.029053    0.079171    0.234524    0.446547 ^ clkbuf_1_1__f_clk/X (sky130_fd_sc_hd__clkbuf_16)
                                                         clknet_1_1__leaf_clk (net)
                      0.079180    0.000891    0.447438 ^ _101_/CLK (sky130_fd_sc_hd__dfxtp_2)
                                  0.250000    0.697438   clock uncertainty
                                  0.000000    0.697438   clock reconvergence pessimism
                                 -0.081150    0.616287   library hold time
                                              0.616287   data required time
---------------------------------------------------------------------------------------------
                                              0.616287   data required time
                                             -1.609607   data arrival time
---------------------------------------------------------------------------------------------
                                              0.993320   slack (MET)


Startpoint: _093_ (rising edge-triggered flip-flop clocked by clk)
Endpoint: _093_ (rising edge-triggered flip-flop clocked by clk)
Path Group: clk
Path Type: min

Fanout         Cap        Slew       Delay        Time   Description
---------------------------------------------------------------------------------------------
                                  0.000000    0.000000   clock clk (rise edge)
                                  0.000000    0.000000   clock source latency
     2    0.050487    0.000000    0.000000    0.000000 ^ clk (in)
                                                         clk (net)
                      0.017193    0.008597    0.008597 ^ clkbuf_0_clk/A (sky130_fd_sc_hd__clkbuf_16)
     2    0.023089    0.071223    0.202371    0.210967 ^ clkbuf_0_clk/X (sky130_fd_sc_hd__clkbuf_16)
                                                         clknet_0_clk (net)
                      0.071227    0.000958    0.211925 ^ clkbuf_1_0__f_clk/A (sky130_fd_sc_hd__clkbuf_16)
     8    0.025933    0.075005    0.229733    0.441658 ^ clkbuf_1_0__f_clk/X (sky130_fd_sc_hd__clkbuf_16)
                                                         clknet_1_0__leaf_clk (net)
                      0.075112    0.002389    0.444046 ^ _093_/CLK (sky130_fd_sc_hd__dfxtp_1)
     3    0.007847    0.136369    0.680798    1.124845 ^ _093_/Q (sky130_fd_sc_hd__dfxtp_1)
                                                         net11 (net)
                      0.136369    0.000399    1.125244 ^ _053_/B1 (sky130_fd_sc_hd__a31o_1)
     1    0.002149    0.063008    0.180393    1.305636 ^ _053_/X (sky130_fd_sc_hd__a31o_1)
                                                         _021_ (net)
                      0.063008    0.000098    1.305735 ^ _055_/C (sky130_fd_sc_hd__and3b_1)
     1    0.002635    0.085490    0.307167    1.612902 ^ _055_/X (sky130_fd_sc_hd__and3b_1)
                                                         _003_ (net)
                      0.085490    0.000193    1.613095 ^ _093_/D (sky130_fd_sc_hd__dfxtp_1)
                                              1.613095   data arrival time

                                  0.000000    0.000000   clock clk (rise edge)
                                  0.000000    0.000000   clock source latency
     2    0.050487    0.000000    0.000000    0.000000 ^ clk (in)
                                                         clk (net)
                      0.017193    0.008597    0.008597 ^ clkbuf_0_clk/A (sky130_fd_sc_hd__clkbuf_16)
     2    0.023089    0.071223    0.202371    0.210967 ^ clkbuf_0_clk/X (sky130_fd_sc_hd__clkbuf_16)
                                                         clknet_0_clk (net)
                      0.071227    0.000958    0.211925 ^ clkbuf_1_0__f_clk/A (sky130_fd_sc_hd__clkbuf_16)
     8    0.025933    0.075005    0.229733    0.441658 ^ clkbuf_1_0__f_clk/X (sky130_fd_sc_hd__clkbuf_16)
                                                         clknet_1_0__leaf_clk (net)
                      0.075112    0.002389    0.444046 ^ _093_/CLK (sky130_fd_sc_hd__dfxtp_1)
                                  0.250000    0.694046   clock uncertainty
                                  0.000000    0.694046   clock reconvergence pessimism
                                 -0.074812    0.619235   library hold time
                                              0.619235   data required time
---------------------------------------------------------------------------------------------
                                              0.619235   data required time
                                             -1.613095   data arrival time
---------------------------------------------------------------------------------------------
                                              0.993860   slack (MET)


Startpoint: _098_ (rising edge-triggered flip-flop clocked by clk)
Endpoint: _098_ (rising edge-triggered flip-flop clocked by clk)
Path Group: clk
Path Type: min

Fanout         Cap        Slew       Delay        Time   Description
---------------------------------------------------------------------------------------------
                                  0.000000    0.000000   clock clk (rise edge)
                                  0.000000    0.000000   clock source latency
     2    0.050487    0.000000    0.000000    0.000000 ^ clk (in)
                                                         clk (net)
                      0.017193    0.008597    0.008597 ^ clkbuf_0_clk/A (sky130_fd_sc_hd__clkbuf_16)
     2    0.023089    0.071223    0.202371    0.210967 ^ clkbuf_0_clk/X (sky130_fd_sc_hd__clkbuf_16)
                                                         clknet_0_clk (net)
                      0.071228    0.001055    0.212023 ^ clkbuf_1_1__f_clk/A (sky130_fd_sc_hd__clkbuf_16)
     8    0.029053    0.079171    0.234524    0.446547 ^ clkbuf_1_1__f_clk/X (sky130_fd_sc_hd__clkbuf_16)
                                                         clknet_1_1__leaf_clk (net)
                      0.079196    0.001305    0.447852 ^ _098_/CLK (sky130_fd_sc_hd__dfxtp_1)
     5    0.012222    0.123528    0.645616    1.093468 v _098_/Q (sky130_fd_sc_hd__dfxtp_1)
                                                         net16 (net)
                      0.123528    0.000394    1.093862 v _068_/A (sky130_fd_sc_hd__and2_1)
     2    0.007205    0.100293    0.337933    1.431795 v _068_/X (sky130_fd_sc_hd__and2_1)
                                                         _031_ (net)
                      0.100293    0.000462    1.432256 v _070_/A (sky130_fd_sc_hd__nor2_1)
     1    0.002896    0.131008    0.179598    1.611855 ^ _070_/Y (sky130_fd_sc_hd__nor2_1)
                                                         _008_ (net)
                      0.131008    0.000194    1.612048 ^ _098_/D (sky130_fd_sc_hd__dfxtp_1)
                                              1.612048   data arrival time

                                  0.000000    0.000000   clock clk (rise edge)
                                  0.000000    0.000000   clock source latency
     2    0.050487    0.000000    0.000000    0.000000 ^ clk (in)
                                                         clk (net)
                      0.017193    0.008597    0.008597 ^ clkbuf_0_clk/A (sky130_fd_sc_hd__clkbuf_16)
     2    0.023089    0.071223    0.202371    0.210967 ^ clkbuf_0_clk/X (sky130_fd_sc_hd__clkbuf_16)
                                                         clknet_0_clk (net)
                      0.071228    0.001055    0.212023 ^ clkbuf_1_1__f_clk/A (sky130_fd_sc_hd__clkbuf_16)
     8    0.029053    0.079171    0.234524    0.446547 ^ clkbuf_1_1__f_clk/X (sky130_fd_sc_hd__clkbuf_16)
                                                         clknet_1_1__leaf_clk (net)
                      0.079196    0.001305    0.447852 ^ _098_/CLK (sky130_fd_sc_hd__dfxtp_1)
                                  0.250000    0.697852   clock uncertainty
                                  0.000000    0.697852   clock reconvergence pessimism
                                 -0.084752    0.613100   library hold time
                                              0.613100   data required time
---------------------------------------------------------------------------------------------
                                              0.613100   data required time
                                             -1.612048   data arrival time
---------------------------------------------------------------------------------------------
                                              0.998948   slack (MET)


Startpoint: _096_ (rising edge-triggered flip-flop clocked by clk)
Endpoint: _096_ (rising edge-triggered flip-flop clocked by clk)
Path Group: clk
Path Type: min

Fanout         Cap        Slew       Delay        Time   Description
---------------------------------------------------------------------------------------------
                                  0.000000    0.000000   clock clk (rise edge)
                                  0.000000    0.000000   clock source latency
     2    0.050487    0.000000    0.000000    0.000000 ^ clk (in)
                                                         clk (net)
                      0.017193    0.008597    0.008597 ^ clkbuf_0_clk/A (sky130_fd_sc_hd__clkbuf_16)
     2    0.023089    0.071223    0.202371    0.210967 ^ clkbuf_0_clk/X (sky130_fd_sc_hd__clkbuf_16)
                                                         clknet_0_clk (net)
                      0.071227    0.000958    0.211925 ^ clkbuf_1_0__f_clk/A (sky130_fd_sc_hd__clkbuf_16)
     8    0.025933    0.075005    0.229733    0.441658 ^ clkbuf_1_0__f_clk/X (sky130_fd_sc_hd__clkbuf_16)
                                                         clknet_1_0__leaf_clk (net)
                      0.075039    0.001521    0.443179 ^ _096_/CLK (sky130_fd_sc_hd__dfxtp_1)
     4    0.011188    0.182909    0.715587    1.158766 ^ _096_/Q (sky130_fd_sc_hd__dfxtp_1)
                                                         net14 (net)
                      0.182912    0.001049    1.159815 ^ _062_/A (sky130_fd_sc_hd__or2_1)
     1    0.002248    0.058318    0.207469    1.367284 ^ _062_/X (sky130_fd_sc_hd__or2_1)
                                                         _027_ (net)
                      0.058318    0.000143    1.367427 ^ _064_/C (sky130_fd_sc_hd__and3b_1)
     1    0.002669    0.085931    0.305865    1.673292 ^ _064_/X (sky130_fd_sc_hd__and3b_1)
                                                         _006_ (net)
                      0.085932    0.000201    1.673493 ^ _096_/D (sky130_fd_sc_hd__dfxtp_1)
                                              1.673493   data arrival time

                                  0.000000    0.000000   clock clk (rise edge)
                                  0.000000    0.000000   clock source latency
     2    0.050487    0.000000    0.000000    0.000000 ^ clk (in)
                                                         clk (net)
                      0.017193    0.008597    0.008597 ^ clkbuf_0_clk/A (sky130_fd_sc_hd__clkbuf_16)
     2    0.023089    0.071223    0.202371    0.210967 ^ clkbuf_0_clk/X (sky130_fd_sc_hd__clkbuf_16)
                                                         clknet_0_clk (net)
                      0.071227    0.000958    0.211925 ^ clkbuf_1_0__f_clk/A (sky130_fd_sc_hd__clkbuf_16)
     8    0.025933    0.075005    0.229733    0.441658 ^ clkbuf_1_0__f_clk/X (sky130_fd_sc_hd__clkbuf_16)
                                                         clknet_1_0__leaf_clk (net)
                      0.075039    0.001521    0.443179 ^ _096_/CLK (sky130_fd_sc_hd__dfxtp_1)
                                  0.250000    0.693179   clock uncertainty
                                  0.000000    0.693179   clock reconvergence pessimism
                                 -0.074926    0.618253   library hold time
                                              0.618253   data required time
---------------------------------------------------------------------------------------------
                                              0.618253   data required time
                                             -1.673493   data arrival time
---------------------------------------------------------------------------------------------
                                              1.055240   slack (MET)


Startpoint: _096_ (rising edge-triggered flip-flop clocked by clk)
Endpoint: _097_ (rising edge-triggered flip-flop clocked by clk)
Path Group: clk
Path Type: min

Fanout         Cap        Slew       Delay        Time   Description
---------------------------------------------------------------------------------------------
                                  0.000000    0.000000   clock clk (rise edge)
                                  0.000000    0.000000   clock source latency
     2    0.050487    0.000000    0.000000    0.000000 ^ clk (in)
                                                         clk (net)
                      0.017193    0.008597    0.008597 ^ clkbuf_0_clk/A (sky130_fd_sc_hd__clkbuf_16)
     2    0.023089    0.071223    0.202371    0.210967 ^ clkbuf_0_clk/X (sky130_fd_sc_hd__clkbuf_16)
                                                         clknet_0_clk (net)
                      0.071227    0.000958    0.211925 ^ clkbuf_1_0__f_clk/A (sky130_fd_sc_hd__clkbuf_16)
     8    0.025933    0.075005    0.229733    0.441658 ^ clkbuf_1_0__f_clk/X (sky130_fd_sc_hd__clkbuf_16)
                                                         clknet_1_0__leaf_clk (net)
                      0.075039    0.001521    0.443179 ^ _096_/CLK (sky130_fd_sc_hd__dfxtp_1)
     4    0.010899    0.112904    0.634287    1.077467 v _096_/Q (sky130_fd_sc_hd__dfxtp_1)
                                                         net14 (net)
                      0.112910    0.000908    1.078374 v _065_/A (sky130_fd_sc_hd__and4_1)
     5    0.017701    0.178072    0.437078    1.515453 v _065_/X (sky130_fd_sc_hd__and4_1)
                                                         _029_ (net)
                      0.178072    0.000533    1.515985 v _067_/A (sky130_fd_sc_hd__nor2_1)
     1    0.002254    0.113751    0.196397    1.712382 ^ _067_/Y (sky130_fd_sc_hd__nor2_1)
                                                         _007_ (net)
                      0.113751    0.000144    1.712526 ^ _097_/D (sky130_fd_sc_hd__dfxtp_1)
                                              1.712526   data arrival time

                                  0.000000    0.000000   clock clk (rise edge)
                                  0.000000    0.000000   clock source latency
     2    0.050487    0.000000    0.000000    0.000000 ^ clk (in)
                                                         clk (net)
                      0.017193    0.008597    0.008597 ^ clkbuf_0_clk/A (sky130_fd_sc_hd__clkbuf_16)
     2    0.023089    0.071223    0.202371    0.210967 ^ clkbuf_0_clk/X (sky130_fd_sc_hd__clkbuf_16)
                                                         clknet_0_clk (net)
                      0.071227    0.000958    0.211925 ^ clkbuf_1_0__f_clk/A (sky130_fd_sc_hd__clkbuf_16)
     8    0.025933    0.075005    0.229733    0.441658 ^ clkbuf_1_0__f_clk/X (sky130_fd_sc_hd__clkbuf_16)
                                                         clknet_1_0__leaf_clk (net)
                      0.075046    0.001615    0.443273 ^ _097_/CLK (sky130_fd_sc_hd__dfxtp_1)
                                  0.250000    0.693273   clock uncertainty
                                  0.000000    0.693273   clock reconvergence pessimism
                                 -0.081397    0.611875   library hold time
                                              0.611875   data required time
---------------------------------------------------------------------------------------------
                                              0.611875   data required time
                                             -1.712526   data arrival time
---------------------------------------------------------------------------------------------
                                              1.100651   slack (MET)


Startpoint: _103_ (rising edge-triggered flip-flop clocked by clk)
Endpoint: _103_ (rising edge-triggered flip-flop clocked by clk)
Path Group: clk
Path Type: min

Fanout         Cap        Slew       Delay        Time   Description
---------------------------------------------------------------------------------------------
                                  0.000000    0.000000   clock clk (rise edge)
                                  0.000000    0.000000   clock source latency
     2    0.050487    0.000000    0.000000    0.000000 ^ clk (in)
                                                         clk (net)
                      0.017193    0.008597    0.008597 ^ clkbuf_0_clk/A (sky130_fd_sc_hd__clkbuf_16)
     2    0.023089    0.071223    0.202371    0.210967 ^ clkbuf_0_clk/X (sky130_fd_sc_hd__clkbuf_16)
                                                         clknet_0_clk (net)
                      0.071228    0.001055    0.212023 ^ clkbuf_1_1__f_clk/A (sky130_fd_sc_hd__clkbuf_16)
     8    0.029053    0.079171    0.234524    0.446547 ^ clkbuf_1_1__f_clk/X (sky130_fd_sc_hd__clkbuf_16)
                                                         clknet_1_1__leaf_clk (net)
                      0.079220    0.001735    0.448282 ^ _103_/CLK (sky130_fd_sc_hd__dfxtp_1)
     4    0.015801    0.247267    0.764828    1.213110 ^ _103_/Q (sky130_fd_sc_hd__dfxtp_1)
                                                         net6 (net)
                      0.247279    0.001974    1.215084 ^ _082_/B1 (sky130_fd_sc_hd__a31o_1)
     1    0.002148    0.064957    0.224819    1.439903 ^ _082_/X (sky130_fd_sc_hd__a31o_1)
                                                         _040_ (net)
                      0.064974    0.000097    1.440000 ^ _084_/C (sky130_fd_sc_hd__and3b_1)
     1    0.002203    0.080102    0.301521    1.741521 ^ _084_/X (sky130_fd_sc_hd__and3b_1)
                                                         _013_ (net)
                      0.080102    0.000158    1.741679 ^ _103_/D (sky130_fd_sc_hd__dfxtp_1)
                                              1.741679   data arrival time

                                  0.000000    0.000000   clock clk (rise edge)
                                  0.000000    0.000000   clock source latency
     2    0.050487    0.000000    0.000000    0.000000 ^ clk (in)
                                                         clk (net)
                      0.017193    0.008597    0.008597 ^ clkbuf_0_clk/A (sky130_fd_sc_hd__clkbuf_16)
     2    0.023089    0.071223    0.202371    0.210967 ^ clkbuf_0_clk/X (sky130_fd_sc_hd__clkbuf_16)
                                                         clknet_0_clk (net)
                      0.071228    0.001055    0.212023 ^ clkbuf_1_1__f_clk/A (sky130_fd_sc_hd__clkbuf_16)
     8    0.029053    0.079171    0.234524    0.446547 ^ clkbuf_1_1__f_clk/X (sky130_fd_sc_hd__clkbuf_16)
                                                         clknet_1_1__leaf_clk (net)
                      0.079220    0.001735    0.448282 ^ _103_/CLK (sky130_fd_sc_hd__dfxtp_1)
                                  0.250000    0.698282   clock uncertainty
                                  0.000000    0.698282   clock reconvergence pessimism
                                 -0.072905    0.625376   library hold time
                                              0.625376   data required time
---------------------------------------------------------------------------------------------
                                              0.625376   data required time
                                             -1.741679   data arrival time
---------------------------------------------------------------------------------------------
                                              1.116302   slack (MET)


Startpoint: _098_ (rising edge-triggered flip-flop clocked by clk)
Endpoint: _100_ (rising edge-triggered flip-flop clocked by clk)
Path Group: clk
Path Type: min

Fanout         Cap        Slew       Delay        Time   Description
---------------------------------------------------------------------------------------------
                                  0.000000    0.000000   clock clk (rise edge)
                                  0.000000    0.000000   clock source latency
     2    0.050487    0.000000    0.000000    0.000000 ^ clk (in)
                                                         clk (net)
                      0.017193    0.008597    0.008597 ^ clkbuf_0_clk/A (sky130_fd_sc_hd__clkbuf_16)
     2    0.023089    0.071223    0.202371    0.210967 ^ clkbuf_0_clk/X (sky130_fd_sc_hd__clkbuf_16)
                                                         clknet_0_clk (net)
                      0.071228    0.001055    0.212023 ^ clkbuf_1_1__f_clk/A (sky130_fd_sc_hd__clkbuf_16)
     8    0.029053    0.079171    0.234524    0.446547 ^ clkbuf_1_1__f_clk/X (sky130_fd_sc_hd__clkbuf_16)
                                                         clknet_1_1__leaf_clk (net)
                      0.079196    0.001305    0.447852 ^ _098_/CLK (sky130_fd_sc_hd__dfxtp_1)
     5    0.012222    0.123528    0.645616    1.093468 v _098_/Q (sky130_fd_sc_hd__dfxtp_1)
                                                         net16 (net)
                      0.123529    0.000591    1.094059 v _071_/A (sky130_fd_sc_hd__and3_1)
     2    0.006562    0.095329    0.350777    1.444836 v _071_/X (sky130_fd_sc_hd__and3_1)
                                                         _033_ (net)
                      0.095329    0.000355    1.445191 v _075_/A2 (sky130_fd_sc_hd__o21ai_1)
     1    0.003471    0.156805    0.214302    1.659493 ^ _075_/Y (sky130_fd_sc_hd__o21ai_1)
                                                         _036_ (net)
                      0.156805    0.000234    1.659727 ^ _076_/B (sky130_fd_sc_hd__nor2_1)
     1    0.002038    0.046448    0.096353    1.756080 v _076_/Y (sky130_fd_sc_hd__nor2_1)
                                                         _010_ (net)
                      0.046448    0.000095    1.756175 v _100_/D (sky130_fd_sc_hd__dfxtp_1)
                                              1.756175   data arrival time

                                  0.000000    0.000000   clock clk (rise edge)
                                  0.000000    0.000000   clock source latency
     2    0.050487    0.000000    0.000000    0.000000 ^ clk (in)
                                                         clk (net)
                      0.017193    0.008597    0.008597 ^ clkbuf_0_clk/A (sky130_fd_sc_hd__clkbuf_16)
     2    0.023089    0.071223    0.202371    0.210967 ^ clkbuf_0_clk/X (sky130_fd_sc_hd__clkbuf_16)
                                                         clknet_0_clk (net)
                      0.071228    0.001055    0.212023 ^ clkbuf_1_1__f_clk/A (sky130_fd_sc_hd__clkbuf_16)
     8    0.029053    0.079171    0.234524    0.446547 ^ clkbuf_1_1__f_clk/X (sky130_fd_sc_hd__clkbuf_16)
                                                         clknet_1_1__leaf_clk (net)
                      0.079186    0.001072    0.447619 ^ _100_/CLK (sky130_fd_sc_hd__dfxtp_1)
                                  0.250000    0.697619   clock uncertainty
                                  0.000000    0.697619   clock reconvergence pessimism
                                 -0.094027    0.603592   library hold time
                                              0.603592   data required time
---------------------------------------------------------------------------------------------
                                              0.603592   data required time
                                             -1.756175   data arrival time
---------------------------------------------------------------------------------------------
                                              1.152584   slack (MET)


Startpoint: _090_ (rising edge-triggered flip-flop clocked by clk)
Endpoint: _090_ (rising edge-triggered flip-flop clocked by clk)
Path Group: clk
Path Type: min

Fanout         Cap        Slew       Delay        Time   Description
---------------------------------------------------------------------------------------------
                                  0.000000    0.000000   clock clk (rise edge)
                                  0.000000    0.000000   clock source latency
     2    0.050487    0.000000    0.000000    0.000000 ^ clk (in)
                                                         clk (net)
                      0.017193    0.008597    0.008597 ^ clkbuf_0_clk/A (sky130_fd_sc_hd__clkbuf_16)
     2    0.023089    0.071223    0.202371    0.210967 ^ clkbuf_0_clk/X (sky130_fd_sc_hd__clkbuf_16)
                                                         clknet_0_clk (net)
                      0.071227    0.000958    0.211925 ^ clkbuf_1_0__f_clk/A (sky130_fd_sc_hd__clkbuf_16)
     8    0.025933    0.075005    0.229733    0.441658 ^ clkbuf_1_0__f_clk/X (sky130_fd_sc_hd__clkbuf_16)
                                                         clknet_1_0__leaf_clk (net)
                      0.075138    0.002640    0.444298 ^ _090_/CLK (sky130_fd_sc_hd__dfxtp_2)
     7    0.025307    0.214697    0.771151    1.215449 ^ _090_/Q (sky130_fd_sc_hd__dfxtp_2)
                                                         net2 (net)
                      0.214700    0.001203    1.216651 ^ hold1/A (sky130_fd_sc_hd__dlygate4sd3_1)
     2    0.010828    0.201099    1.199662    2.416314 ^ hold1/X (sky130_fd_sc_hd__dlygate4sd3_1)
                                                         net34 (net)
                      0.201099    0.000314    2.416628 ^ _047_/A (sky130_fd_sc_hd__nor2_1)
     1    0.002228    0.060162    0.129309    2.545937 v _047_/Y (sky130_fd_sc_hd__nor2_1)
                                                         _000_ (net)
                      0.060165    0.000158    2.546095 v _090_/D (sky130_fd_sc_hd__dfxtp_2)
                                              2.546095   data arrival time

                                  0.000000    0.000000   clock clk (rise edge)
                                  0.000000    0.000000   clock source latency
     2    0.050487    0.000000    0.000000    0.000000 ^ clk (in)
                                                         clk (net)
                      0.017193    0.008597    0.008597 ^ clkbuf_0_clk/A (sky130_fd_sc_hd__clkbuf_16)
     2    0.023089    0.071223    0.202371    0.210967 ^ clkbuf_0_clk/X (sky130_fd_sc_hd__clkbuf_16)
                                                         clknet_0_clk (net)
                      0.071227    0.000958    0.211925 ^ clkbuf_1_0__f_clk/A (sky130_fd_sc_hd__clkbuf_16)
     8    0.025933    0.075005    0.229733    0.441658 ^ clkbuf_1_0__f_clk/X (sky130_fd_sc_hd__clkbuf_16)
                                                         clknet_1_0__leaf_clk (net)
                      0.075138    0.002640    0.444298 ^ _090_/CLK (sky130_fd_sc_hd__dfxtp_2)
                                  0.250000    0.694298   clock uncertainty
                                  0.000000    0.694298   clock reconvergence pessimism
                                 -0.085340    0.608957   library hold time
                                              0.608957   data required time
---------------------------------------------------------------------------------------------
                                              0.608957   data required time
                                             -2.546095   data arrival time
---------------------------------------------------------------------------------------------
                                              1.937138   slack (MET)


Startpoint: _090_ (rising edge-triggered flip-flop clocked by clk)
Endpoint: _091_ (rising edge-triggered flip-flop clocked by clk)
Path Group: clk
Path Type: min

Fanout         Cap        Slew       Delay        Time   Description
---------------------------------------------------------------------------------------------
                                  0.000000    0.000000   clock clk (rise edge)
                                  0.000000    0.000000   clock source latency
     2    0.050487    0.000000    0.000000    0.000000 ^ clk (in)
                                                         clk (net)
                      0.017193    0.008597    0.008597 ^ clkbuf_0_clk/A (sky130_fd_sc_hd__clkbuf_16)
     2    0.023089    0.071223    0.202371    0.210967 ^ clkbuf_0_clk/X (sky130_fd_sc_hd__clkbuf_16)
                                                         clknet_0_clk (net)
                      0.071227    0.000958    0.211925 ^ clkbuf_1_0__f_clk/A (sky130_fd_sc_hd__clkbuf_16)
     8    0.025933    0.075005    0.229733    0.441658 ^ clkbuf_1_0__f_clk/X (sky130_fd_sc_hd__clkbuf_16)
                                                         clknet_1_0__leaf_clk (net)
                      0.075138    0.002640    0.444298 ^ _090_/CLK (sky130_fd_sc_hd__dfxtp_2)
     7    0.024503    0.123206    0.682911    1.127209 v _090_/Q (sky130_fd_sc_hd__dfxtp_2)
                                                         net2 (net)
                      0.123258    0.002378    1.129587 v _048_/A1 (sky130_fd_sc_hd__o21ai_1)
     1    0.004397    0.175127    0.268639    1.398226 ^ _048_/Y (sky130_fd_sc_hd__o21ai_1)
                                                         _018_ (net)
                      0.175127    0.000320    1.398546 ^ _049_/B1 (sky130_fd_sc_hd__a21oi_1)
     1    0.002294    0.061110    0.105306    1.503852 v _049_/Y (sky130_fd_sc_hd__a21oi_1)
                                                         _001_ (net)
                      0.061110    0.000093    1.503945 v hold5/A (sky130_fd_sc_hd__dlygate4sd3_1)
     1    0.002140    0.100373    1.108400    2.612345 v hold5/X (sky130_fd_sc_hd__dlygate4sd3_1)
                                                         net38 (net)
                      0.100373    0.000146    2.612491 v _091_/D (sky130_fd_sc_hd__dfxtp_1)
                                              2.612491   data arrival time

                                  0.000000    0.000000   clock clk (rise edge)
                                  0.000000    0.000000   clock source latency
     2    0.050487    0.000000    0.000000    0.000000 ^ clk (in)
                                                         clk (net)
                      0.017193    0.008597    0.008597 ^ clkbuf_0_clk/A (sky130_fd_sc_hd__clkbuf_16)
     2    0.023089    0.071223    0.202371    0.210967 ^ clkbuf_0_clk/X (sky130_fd_sc_hd__clkbuf_16)
                                                         clknet_0_clk (net)
                      0.071227    0.000958    0.211925 ^ clkbuf_1_0__f_clk/A (sky130_fd_sc_hd__clkbuf_16)
     8    0.025933    0.075005    0.229733    0.441658 ^ clkbuf_1_0__f_clk/X (sky130_fd_sc_hd__clkbuf_16)
                                                         clknet_1_0__leaf_clk (net)
                      0.075158    0.002833    0.444491 ^ _091_/CLK (sky130_fd_sc_hd__dfxtp_1)
                                  0.250000    0.694491   clock uncertainty
                                  0.000000    0.694491   clock reconvergence pessimism
                                 -0.115376    0.579115   library hold time
                                              0.579115   data required time
---------------------------------------------------------------------------------------------
                                              0.579115   data required time
                                             -2.612491   data arrival time
---------------------------------------------------------------------------------------------
                                              2.033376   slack (MET)



