
===========================================================================
 report_power
============================================================================
======================= max_ss_100C_1v60 Corner ===================================

Group                    Internal    Switching      Leakage        Total
                            Power        Power        Power        Power (Watts)
------------------------------------------------------------------------
Sequential           2.013836e-05 4.455459e-07 2.211409e-07 2.080504e-05  43.7%
Combinational        1.010677e-06 3.739403e-07 3.285547e-07 1.713172e-06   3.6%
Clock                1.707255e-05 7.994853e-06 5.789222e-08 2.512530e-05  52.7%
Macro                0.000000e+00 0.000000e+00 0.000000e+00 0.000000e+00   0.0%
Pad                  0.000000e+00 0.000000e+00 0.000000e+00 0.000000e+00   0.0%
------------------------------------------------------------------------
Total                3.822159e-05 8.814338e-06 6.075878e-07 4.764351e-05 100.0%
                            80.2%        18.5%         1.3%

