Clock: clk
Sources: clk 
Generated: no
Virtual: yes
Propagated: no
Period: 25.000000

===========================================================================
report_clock_properties
============================================================================
Clock                   Period          Waveform
----------------------------------------------------
clk                  25.000000    0.000000 12.500000

===========================================================================
report_clock_latency
============================================================================
Clock clk
rise -> rise
    min     max
0.000000 0.000000 source latency
0.260388         network latency _096_/CLK
        0.263728 network latency _105_/CLK
---------------
0.260388 0.263728 latency
        0.003340 skew

fall -> fall
    min     max
0.000000 0.000000 source latency
0.292210         network latency _096_/CLK
        0.295382 network latency _105_/CLK
---------------
0.292210 0.295382 latency
        0.003172 skew



===========================================================================
report_clock_min_period
============================================================================
clk period_min = 2.25 fmax = 444.45
