
===========================================================================
report_checks -path_delay min (Hold)
============================================================================
======================= max_tt_025C_1v80 Corner ===================================

Startpoint: _101_ (rising edge-triggered flip-flop clocked by clk)
Endpoint: _105_ (rising edge-triggered flip-flop clocked by clk)
Path Group: clk
Path Type: min

Fanout         Cap        Slew       Delay        Time   Description
---------------------------------------------------------------------------------------------
                                  0.000000    0.000000   clock clk (rise edge)
                                  0.000000    0.000000   clock source latency
     2    0.050380    0.000000    0.000000    0.000000 ^ clk (in)
                                                         clk (net)
                      0.017132    0.008566    0.008566 ^ clkbuf_0_clk/A (sky130_fd_sc_hd__clkbuf_16)
     2    0.023089    0.044564    0.118083    0.126649 ^ clkbuf_0_clk/X (sky130_fd_sc_hd__clkbuf_16)
                                                         clknet_0_clk (net)
                      0.044598    0.001054    0.127703 ^ clkbuf_1_1__f_clk/A (sky130_fd_sc_hd__clkbuf_16)
     8    0.030325    0.051283    0.134182    0.261885 ^ clkbuf_1_1__f_clk/X (sky130_fd_sc_hd__clkbuf_16)
                                                         clknet_1_1__leaf_clk (net)
                      0.051288    0.000934    0.262819 ^ _101_/CLK (sky130_fd_sc_hd__dfxtp_2)
     9    0.024522    0.068592    0.352386    0.615205 v _101_/Q (sky130_fd_sc_hd__dfxtp_2)
                                                         net4 (net)
                      0.068615    0.001180    0.616385 v _086_/A (sky130_fd_sc_hd__nand3_1)
     2    0.006691    0.083083    0.098690    0.715076 ^ _086_/Y (sky130_fd_sc_hd__nand3_1)
                                                         _043_ (net)
                      0.083083    0.000344    0.715419 ^ _089_/A2 (sky130_fd_sc_hd__a21oi_1)
     1    0.002922    0.028040    0.070258    0.785677 v _089_/Y (sky130_fd_sc_hd__a21oi_1)
                                                         _015_ (net)
                      0.028040    0.000115    0.785793 v _105_/D (sky130_fd_sc_hd__dfxtp_1)
                                              0.785793   data arrival time

                                  0.000000    0.000000   clock clk (rise edge)
                                  0.000000    0.000000   clock source latency
     2    0.050380    0.000000    0.000000    0.000000 ^ clk (in)
                                                         clk (net)
                      0.017132    0.008566    0.008566 ^ clkbuf_0_clk/A (sky130_fd_sc_hd__clkbuf_16)
     2    0.023089    0.044564    0.118083    0.126649 ^ clkbuf_0_clk/X (sky130_fd_sc_hd__clkbuf_16)
                                                         clknet_0_clk (net)
                      0.044598    0.001054    0.127703 ^ clkbuf_1_1__f_clk/A (sky130_fd_sc_hd__clkbuf_16)
     8    0.030325    0.051283    0.134182    0.261885 ^ clkbuf_1_1__f_clk/X (sky130_fd_sc_hd__clkbuf_16)
                                                         clknet_1_1__leaf_clk (net)
                      0.051306    0.001843    0.263728 ^ _105_/CLK (sky130_fd_sc_hd__dfxtp_1)
                                  0.250000    0.513728   clock uncertainty
                                  0.000000    0.513728   clock reconvergence pessimism
                                 -0.045043    0.468685   library hold time
                                              0.468685   data required time
---------------------------------------------------------------------------------------------
                                              0.468685   data required time
                                             -0.785793   data arrival time
---------------------------------------------------------------------------------------------
                                              0.317108   slack (MET)


Startpoint: _101_ (rising edge-triggered flip-flop clocked by clk)
Endpoint: _102_ (rising edge-triggered flip-flop clocked by clk)
Path Group: clk
Path Type: min

Fanout         Cap        Slew       Delay        Time   Description
---------------------------------------------------------------------------------------------
                                  0.000000    0.000000   clock clk (rise edge)
                                  0.000000    0.000000   clock source latency
     2    0.050380    0.000000    0.000000    0.000000 ^ clk (in)
                                                         clk (net)
                      0.017132    0.008566    0.008566 ^ clkbuf_0_clk/A (sky130_fd_sc_hd__clkbuf_16)
     2    0.023089    0.044564    0.118083    0.126649 ^ clkbuf_0_clk/X (sky130_fd_sc_hd__clkbuf_16)
                                                         clknet_0_clk (net)
                      0.044598    0.001054    0.127703 ^ clkbuf_1_1__f_clk/A (sky130_fd_sc_hd__clkbuf_16)
     8    0.030325    0.051283    0.134182    0.261885 ^ clkbuf_1_1__f_clk/X (sky130_fd_sc_hd__clkbuf_16)
                                                         clknet_1_1__leaf_clk (net)
                      0.051288    0.000934    0.262819 ^ _101_/CLK (sky130_fd_sc_hd__dfxtp_2)
     9    0.024522    0.068592    0.352386    0.615205 v _101_/Q (sky130_fd_sc_hd__dfxtp_2)
                                                         net4 (net)
                      0.068628    0.001434    0.616639 v _079_/A1 (sky130_fd_sc_hd__a21oi_1)
     1    0.002761    0.086150    0.125994    0.742633 ^ _079_/Y (sky130_fd_sc_hd__a21oi_1)
                                                         _038_ (net)
                      0.086150    0.000129    0.742762 ^ _081_/A (sky130_fd_sc_hd__nor2_1)
     1    0.002356    0.019516    0.050204    0.792966 v _081_/Y (sky130_fd_sc_hd__nor2_1)
                                                         _012_ (net)
                      0.019516    0.000158    0.793124 v _102_/D (sky130_fd_sc_hd__dfxtp_1)
                                              0.793124   data arrival time

                                  0.000000    0.000000   clock clk (rise edge)
                                  0.000000    0.000000   clock source latency
     2    0.050380    0.000000    0.000000    0.000000 ^ clk (in)
                                                         clk (net)
                      0.017132    0.008566    0.008566 ^ clkbuf_0_clk/A (sky130_fd_sc_hd__clkbuf_16)
     2    0.023089    0.044564    0.118083    0.126649 ^ clkbuf_0_clk/X (sky130_fd_sc_hd__clkbuf_16)
                                                         clknet_0_clk (net)
                      0.044598    0.001054    0.127703 ^ clkbuf_1_1__f_clk/A (sky130_fd_sc_hd__clkbuf_16)
     8    0.030325    0.051283    0.134182    0.261885 ^ clkbuf_1_1__f_clk/X (sky130_fd_sc_hd__clkbuf_16)
                                                         clknet_1_1__leaf_clk (net)
                      0.051293    0.001300    0.263185 ^ _102_/CLK (sky130_fd_sc_hd__dfxtp_1)
                                  0.250000    0.513185   clock uncertainty
                                  0.000000    0.513185   clock reconvergence pessimism
                                 -0.041490    0.471695   library hold time
                                              0.471695   data required time
---------------------------------------------------------------------------------------------
                                              0.471695   data required time
                                             -0.793124   data arrival time
---------------------------------------------------------------------------------------------
                                              0.321429   slack (MET)


Startpoint: _095_ (rising edge-triggered flip-flop clocked by clk)
Endpoint: _095_ (rising edge-triggered flip-flop clocked by clk)
Path Group: clk
Path Type: min

Fanout         Cap        Slew       Delay        Time   Description
---------------------------------------------------------------------------------------------
                                  0.000000    0.000000   clock clk (rise edge)
                                  0.000000    0.000000   clock source latency
     2    0.050380    0.000000    0.000000    0.000000 ^ clk (in)
                                                         clk (net)
                      0.017132    0.008566    0.008566 ^ clkbuf_0_clk/A (sky130_fd_sc_hd__clkbuf_16)
     2    0.023089    0.044564    0.118083    0.126649 ^ clkbuf_0_clk/X (sky130_fd_sc_hd__clkbuf_16)
                                                         clknet_0_clk (net)
                      0.044592    0.000957    0.127606 ^ clkbuf_1_0__f_clk/A (sky130_fd_sc_hd__clkbuf_16)
     8    0.027205    0.048255    0.131185    0.258791 ^ clkbuf_1_0__f_clk/X (sky130_fd_sc_hd__clkbuf_16)
                                                         clknet_1_0__leaf_clk (net)
                      0.048491    0.001684    0.260475 ^ _095_/CLK (sky130_fd_sc_hd__dfxtp_1)
     3    0.008136    0.086558    0.336076    0.596550 ^ _095_/Q (sky130_fd_sc_hd__dfxtp_1)
                                                         net13 (net)
                      0.086559    0.000446    0.596996 ^ _058_/B1 (sky130_fd_sc_hd__a21o_1)
     1    0.002563    0.033722    0.085808    0.682804 ^ _058_/X (sky130_fd_sc_hd__a21o_1)
                                                         _024_ (net)
                      0.033723    0.000156    0.682960 ^ _061_/C (sky130_fd_sc_hd__and3b_1)
     1    0.002083    0.043671    0.140991    0.823951 ^ _061_/X (sky130_fd_sc_hd__and3b_1)
                                                         _005_ (net)
                      0.043671    0.000142    0.824094 ^ _095_/D (sky130_fd_sc_hd__dfxtp_1)
                                              0.824094   data arrival time

                                  0.000000    0.000000   clock clk (rise edge)
                                  0.000000    0.000000   clock source latency
     2    0.050380    0.000000    0.000000    0.000000 ^ clk (in)
                                                         clk (net)
                      0.017132    0.008566    0.008566 ^ clkbuf_0_clk/A (sky130_fd_sc_hd__clkbuf_16)
     2    0.023089    0.044564    0.118083    0.126649 ^ clkbuf_0_clk/X (sky130_fd_sc_hd__clkbuf_16)
                                                         clknet_0_clk (net)
                      0.044592    0.000957    0.127606 ^ clkbuf_1_0__f_clk/A (sky130_fd_sc_hd__clkbuf_16)
     8    0.027205    0.048255    0.131185    0.258791 ^ clkbuf_1_0__f_clk/X (sky130_fd_sc_hd__clkbuf_16)
                                                         clknet_1_0__leaf_clk (net)
                      0.048491    0.001684    0.260475 ^ _095_/CLK (sky130_fd_sc_hd__dfxtp_1)
                                  0.250000    0.510475   clock uncertainty
                                  0.000000    0.510475   clock reconvergence pessimism
                                 -0.030532    0.479943   library hold time
                                              0.479943   data required time
---------------------------------------------------------------------------------------------
                                              0.479943   data required time
                                             -0.824094   data arrival time
---------------------------------------------------------------------------------------------
                                              0.344151   slack (MET)


Startpoint: _093_ (rising edge-triggered flip-flop clocked by clk)
Endpoint: _093_ (rising edge-triggered flip-flop clocked by clk)
Path Group: clk
Path Type: min

Fanout         Cap        Slew       Delay        Time   Description
---------------------------------------------------------------------------------------------
                                  0.000000    0.000000   clock clk (rise edge)
                                  0.000000    0.000000   clock source latency
     2    0.050380    0.000000    0.000000    0.000000 ^ clk (in)
                                                         clk (net)
                      0.017132    0.008566    0.008566 ^ clkbuf_0_clk/A (sky130_fd_sc_hd__clkbuf_16)
     2    0.023089    0.044564    0.118083    0.126649 ^ clkbuf_0_clk/X (sky130_fd_sc_hd__clkbuf_16)
                                                         clknet_0_clk (net)
                      0.044592    0.000957    0.127606 ^ clkbuf_1_0__f_clk/A (sky130_fd_sc_hd__clkbuf_16)
     8    0.027205    0.048255    0.131185    0.258791 ^ clkbuf_1_0__f_clk/X (sky130_fd_sc_hd__clkbuf_16)
                                                         clknet_1_0__leaf_clk (net)
                      0.048600    0.002507    0.261298 ^ _093_/CLK (sky130_fd_sc_hd__dfxtp_1)
     3    0.008013    0.085492    0.335365    0.596664 ^ _093_/Q (sky130_fd_sc_hd__dfxtp_1)
                                                         net11 (net)
                      0.085493    0.000405    0.597069 ^ _053_/B1 (sky130_fd_sc_hd__a31o_1)
     1    0.002233    0.036424    0.095203    0.692272 ^ _053_/X (sky130_fd_sc_hd__a31o_1)
                                                         _021_ (net)
                      0.036425    0.000102    0.692374 ^ _055_/C (sky130_fd_sc_hd__and3b_1)
     1    0.002773    0.049382    0.147841    0.840215 ^ _055_/X (sky130_fd_sc_hd__and3b_1)
                                                         _003_ (net)
                      0.049382    0.000204    0.840419 ^ _093_/D (sky130_fd_sc_hd__dfxtp_1)
                                              0.840419   data arrival time

                                  0.000000    0.000000   clock clk (rise edge)
                                  0.000000    0.000000   clock source latency
     2    0.050380    0.000000    0.000000    0.000000 ^ clk (in)
                                                         clk (net)
                      0.017132    0.008566    0.008566 ^ clkbuf_0_clk/A (sky130_fd_sc_hd__clkbuf_16)
     2    0.023089    0.044564    0.118083    0.126649 ^ clkbuf_0_clk/X (sky130_fd_sc_hd__clkbuf_16)
                                                         clknet_0_clk (net)
                      0.044592    0.000957    0.127606 ^ clkbuf_1_0__f_clk/A (sky130_fd_sc_hd__clkbuf_16)
     8    0.027205    0.048255    0.131185    0.258791 ^ clkbuf_1_0__f_clk/X (sky130_fd_sc_hd__clkbuf_16)
                                                         clknet_1_0__leaf_clk (net)
                      0.048600    0.002507    0.261298 ^ _093_/CLK (sky130_fd_sc_hd__dfxtp_1)
                                  0.250000    0.511298   clock uncertainty
                                  0.000000    0.511298   clock reconvergence pessimism
                                 -0.031713    0.479585   library hold time
                                              0.479585   data required time
---------------------------------------------------------------------------------------------
                                              0.479585   data required time
                                             -0.840419   data arrival time
---------------------------------------------------------------------------------------------
                                              0.360834   slack (MET)


Startpoint: _092_ (rising edge-triggered flip-flop clocked by clk)
Endpoint: _092_ (rising edge-triggered flip-flop clocked by clk)
Path Group: clk
Path Type: min

Fanout         Cap        Slew       Delay        Time   Description
---------------------------------------------------------------------------------------------
                                  0.000000    0.000000   clock clk (rise edge)
                                  0.000000    0.000000   clock source latency
     2    0.050380    0.000000    0.000000    0.000000 ^ clk (in)
                                                         clk (net)
                      0.017132    0.008566    0.008566 ^ clkbuf_0_clk/A (sky130_fd_sc_hd__clkbuf_16)
     2    0.023089    0.044564    0.118083    0.126649 ^ clkbuf_0_clk/X (sky130_fd_sc_hd__clkbuf_16)
                                                         clknet_0_clk (net)
                      0.044592    0.000957    0.127606 ^ clkbuf_1_0__f_clk/A (sky130_fd_sc_hd__clkbuf_16)
     8    0.027205    0.048255    0.131185    0.258791 ^ clkbuf_1_0__f_clk/X (sky130_fd_sc_hd__clkbuf_16)
                                                         clknet_1_0__leaf_clk (net)
                      0.048658    0.002880    0.261671 ^ _092_/CLK (sky130_fd_sc_hd__dfxtp_1)
     5    0.014695    0.145073    0.378307    0.639978 ^ _092_/Q (sky130_fd_sc_hd__dfxtp_1)
                                                         net10 (net)
                      0.145074    0.000663    0.640640 ^ _051_/A3 (sky130_fd_sc_hd__a31o_1)
     1    0.002866    0.043765    0.157363    0.798004 ^ _051_/X (sky130_fd_sc_hd__a31o_1)
                                                         _020_ (net)
                      0.043765    0.000135    0.798139 ^ _052_/B (sky130_fd_sc_hd__nor2_1)
     1    0.002326    0.019454    0.033544    0.831683 v _052_/Y (sky130_fd_sc_hd__nor2_1)
                                                         _002_ (net)
                      0.019455    0.000157    0.831841 v _092_/D (sky130_fd_sc_hd__dfxtp_1)
                                              0.831841   data arrival time

                                  0.000000    0.000000   clock clk (rise edge)
                                  0.000000    0.000000   clock source latency
     2    0.050380    0.000000    0.000000    0.000000 ^ clk (in)
                                                         clk (net)
                      0.017132    0.008566    0.008566 ^ clkbuf_0_clk/A (sky130_fd_sc_hd__clkbuf_16)
     2    0.023089    0.044564    0.118083    0.126649 ^ clkbuf_0_clk/X (sky130_fd_sc_hd__clkbuf_16)
                                                         clknet_0_clk (net)
                      0.044592    0.000957    0.127606 ^ clkbuf_1_0__f_clk/A (sky130_fd_sc_hd__clkbuf_16)
     8    0.027205    0.048255    0.131185    0.258791 ^ clkbuf_1_0__f_clk/X (sky130_fd_sc_hd__clkbuf_16)
                                                         clknet_1_0__leaf_clk (net)
                      0.048658    0.002880    0.261671 ^ _092_/CLK (sky130_fd_sc_hd__dfxtp_1)
                                  0.250000    0.511671   clock uncertainty
                                  0.000000    0.511671   clock reconvergence pessimism
                                 -0.042058    0.469613   library hold time
                                              0.469613   data required time
---------------------------------------------------------------------------------------------
                                              0.469613   data required time
                                             -0.831841   data arrival time
---------------------------------------------------------------------------------------------
                                              0.362228   slack (MET)


Startpoint: _094_ (rising edge-triggered flip-flop clocked by clk)
Endpoint: _094_ (rising edge-triggered flip-flop clocked by clk)
Path Group: clk
Path Type: min

Fanout         Cap        Slew       Delay        Time   Description
---------------------------------------------------------------------------------------------
                                  0.000000    0.000000   clock clk (rise edge)
                                  0.000000    0.000000   clock source latency
     2    0.050380    0.000000    0.000000    0.000000 ^ clk (in)
                                                         clk (net)
                      0.017132    0.008566    0.008566 ^ clkbuf_0_clk/A (sky130_fd_sc_hd__clkbuf_16)
     2    0.023089    0.044564    0.118083    0.126649 ^ clkbuf_0_clk/X (sky130_fd_sc_hd__clkbuf_16)
                                                         clknet_0_clk (net)
                      0.044592    0.000957    0.127606 ^ clkbuf_1_0__f_clk/A (sky130_fd_sc_hd__clkbuf_16)
     8    0.027205    0.048255    0.131185    0.258791 ^ clkbuf_1_0__f_clk/X (sky130_fd_sc_hd__clkbuf_16)
                                                         clknet_1_0__leaf_clk (net)
                      0.048584    0.002395    0.261186 ^ _094_/CLK (sky130_fd_sc_hd__dfxtp_1)
     5    0.015682    0.153980    0.384514    0.645700 ^ _094_/Q (sky130_fd_sc_hd__dfxtp_1)
                                                         net12 (net)
                      0.153982    0.000855    0.646554 ^ _056_/A1 (sky130_fd_sc_hd__a21oi_1)
     1    0.003236    0.051989    0.086845    0.733400 v _056_/Y (sky130_fd_sc_hd__a21oi_1)
                                                         _023_ (net)
                      0.051989    0.000217    0.733616 v _057_/B1 (sky130_fd_sc_hd__o21a_1)
     1    0.002238    0.026453    0.097572    0.831189 v _057_/X (sky130_fd_sc_hd__o21a_1)
                                                         _004_ (net)
                      0.026453    0.000155    0.831343 v _094_/D (sky130_fd_sc_hd__dfxtp_1)
                                              0.831343   data arrival time

                                  0.000000    0.000000   clock clk (rise edge)
                                  0.000000    0.000000   clock source latency
     2    0.050380    0.000000    0.000000    0.000000 ^ clk (in)
                                                         clk (net)
                      0.017132    0.008566    0.008566 ^ clkbuf_0_clk/A (sky130_fd_sc_hd__clkbuf_16)
     2    0.023089    0.044564    0.118083    0.126649 ^ clkbuf_0_clk/X (sky130_fd_sc_hd__clkbuf_16)
                                                         clknet_0_clk (net)
                      0.044592    0.000957    0.127606 ^ clkbuf_1_0__f_clk/A (sky130_fd_sc_hd__clkbuf_16)
     8    0.027205    0.048255    0.131185    0.258791 ^ clkbuf_1_0__f_clk/X (sky130_fd_sc_hd__clkbuf_16)
                                                         clknet_1_0__leaf_clk (net)
                      0.048584    0.002395    0.261186 ^ _094_/CLK (sky130_fd_sc_hd__dfxtp_1)
                                  0.250000    0.511186   clock uncertainty
                                  0.000000    0.511186   clock reconvergence pessimism
                                 -0.044995    0.466190   library hold time
                                              0.466190   data required time
---------------------------------------------------------------------------------------------
                                              0.466190   data required time
                                             -0.831343   data arrival time
---------------------------------------------------------------------------------------------
                                              0.365153   slack (MET)


Startpoint: _101_ (rising edge-triggered flip-flop clocked by clk)
Endpoint: _101_ (rising edge-triggered flip-flop clocked by clk)
Path Group: clk
Path Type: min

Fanout         Cap        Slew       Delay        Time   Description
---------------------------------------------------------------------------------------------
                                  0.000000    0.000000   clock clk (rise edge)
                                  0.000000    0.000000   clock source latency
     2    0.050380    0.000000    0.000000    0.000000 ^ clk (in)
                                                         clk (net)
                      0.017132    0.008566    0.008566 ^ clkbuf_0_clk/A (sky130_fd_sc_hd__clkbuf_16)
     2    0.023089    0.044564    0.118083    0.126649 ^ clkbuf_0_clk/X (sky130_fd_sc_hd__clkbuf_16)
                                                         clknet_0_clk (net)
                      0.044598    0.001054    0.127703 ^ clkbuf_1_1__f_clk/A (sky130_fd_sc_hd__clkbuf_16)
     8    0.030325    0.051283    0.134182    0.261885 ^ clkbuf_1_1__f_clk/X (sky130_fd_sc_hd__clkbuf_16)
                                                         clknet_1_1__leaf_clk (net)
                      0.051288    0.000934    0.262819 ^ _101_/CLK (sky130_fd_sc_hd__dfxtp_2)
     9    0.025719    0.135859    0.388526    0.651345 ^ _101_/Q (sky130_fd_sc_hd__dfxtp_2)
                                                         net4 (net)
                      0.135862    0.000798    0.652143 ^ _077_/A1 (sky130_fd_sc_hd__a21oi_1)
     1    0.004121    0.057780    0.089031    0.741174 v _077_/Y (sky130_fd_sc_hd__a21oi_1)
                                                         _037_ (net)
                      0.057782    0.000327    0.741500 v _078_/B1 (sky130_fd_sc_hd__o21a_1)
     1    0.002237    0.026470    0.100214    0.841715 v _078_/X (sky130_fd_sc_hd__o21a_1)
                                                         _011_ (net)
                      0.026471    0.000157    0.841872 v _101_/D (sky130_fd_sc_hd__dfxtp_2)
                                              0.841872   data arrival time

                                  0.000000    0.000000   clock clk (rise edge)
                                  0.000000    0.000000   clock source latency
     2    0.050380    0.000000    0.000000    0.000000 ^ clk (in)
                                                         clk (net)
                      0.017132    0.008566    0.008566 ^ clkbuf_0_clk/A (sky130_fd_sc_hd__clkbuf_16)
     2    0.023089    0.044564    0.118083    0.126649 ^ clkbuf_0_clk/X (sky130_fd_sc_hd__clkbuf_16)
                                                         clknet_0_clk (net)
                      0.044598    0.001054    0.127703 ^ clkbuf_1_1__f_clk/A (sky130_fd_sc_hd__clkbuf_16)
     8    0.030325    0.051283    0.134182    0.261885 ^ clkbuf_1_1__f_clk/X (sky130_fd_sc_hd__clkbuf_16)
                                                         clknet_1_1__leaf_clk (net)
                      0.051288    0.000934    0.262819 ^ _101_/CLK (sky130_fd_sc_hd__dfxtp_2)
                                  0.250000    0.512819   clock uncertainty
                                  0.000000    0.512819   clock reconvergence pessimism
                                 -0.037052    0.475767   library hold time
                                              0.475767   data required time
---------------------------------------------------------------------------------------------
                                              0.475767   data required time
                                             -0.841872   data arrival time
---------------------------------------------------------------------------------------------
                                              0.366104   slack (MET)


Startpoint: _098_ (rising edge-triggered flip-flop clocked by clk)
Endpoint: _099_ (rising edge-triggered flip-flop clocked by clk)
Path Group: clk
Path Type: min

Fanout         Cap        Slew       Delay        Time   Description
---------------------------------------------------------------------------------------------
                                  0.000000    0.000000   clock clk (rise edge)
                                  0.000000    0.000000   clock source latency
     2    0.050380    0.000000    0.000000    0.000000 ^ clk (in)
                                                         clk (net)
                      0.017132    0.008566    0.008566 ^ clkbuf_0_clk/A (sky130_fd_sc_hd__clkbuf_16)
     2    0.023089    0.044564    0.118083    0.126649 ^ clkbuf_0_clk/X (sky130_fd_sc_hd__clkbuf_16)
                                                         clknet_0_clk (net)
                      0.044598    0.001054    0.127703 ^ clkbuf_1_1__f_clk/A (sky130_fd_sc_hd__clkbuf_16)
     8    0.030325    0.051283    0.134182    0.261885 ^ clkbuf_1_1__f_clk/X (sky130_fd_sc_hd__clkbuf_16)
                                                         clknet_1_1__leaf_clk (net)
                      0.051295    0.001367    0.263252 ^ _098_/CLK (sky130_fd_sc_hd__dfxtp_1)
     5    0.012450    0.066423    0.330810    0.594063 v _098_/Q (sky130_fd_sc_hd__dfxtp_1)
                                                         net16 (net)
                      0.066428    0.000604    0.594666 v _071_/A (sky130_fd_sc_hd__and3_1)
     2    0.006515    0.049446    0.166160    0.760826 v _071_/X (sky130_fd_sc_hd__and3_1)
                                                         _033_ (net)
                      0.049449    0.000406    0.761232 v _073_/A (sky130_fd_sc_hd__nor2_1)
     1    0.002107    0.064841    0.089312    0.850543 ^ _073_/Y (sky130_fd_sc_hd__nor2_1)
                                                         _009_ (net)
                      0.064842    0.000148    0.850691 ^ _099_/D (sky130_fd_sc_hd__dfxtp_1)
                                              0.850691   data arrival time

                                  0.000000    0.000000   clock clk (rise edge)
                                  0.000000    0.000000   clock source latency
     2    0.050380    0.000000    0.000000    0.000000 ^ clk (in)
                                                         clk (net)
                      0.017132    0.008566    0.008566 ^ clkbuf_0_clk/A (sky130_fd_sc_hd__clkbuf_16)
     2    0.023089    0.044564    0.118083    0.126649 ^ clkbuf_0_clk/X (sky130_fd_sc_hd__clkbuf_16)
                                                         clknet_0_clk (net)
                      0.044598    0.001054    0.127703 ^ clkbuf_1_1__f_clk/A (sky130_fd_sc_hd__clkbuf_16)
     8    0.030325    0.051283    0.134182    0.261885 ^ clkbuf_1_1__f_clk/X (sky130_fd_sc_hd__clkbuf_16)
                                                         clknet_1_1__leaf_clk (net)
                      0.051295    0.001408    0.263294 ^ _099_/CLK (sky130_fd_sc_hd__dfxtp_1)
                                  0.250000    0.513294   clock uncertainty
                                  0.000000    0.513294   clock reconvergence pessimism
                                 -0.034592    0.478702   library hold time
                                              0.478702   data required time
---------------------------------------------------------------------------------------------
                                              0.478702   data required time
                                             -0.850691   data arrival time
---------------------------------------------------------------------------------------------
                                              0.371989   slack (MET)


Startpoint: _101_ (rising edge-triggered flip-flop clocked by clk)
Endpoint: _104_ (rising edge-triggered flip-flop clocked by clk)
Path Group: clk
Path Type: min

Fanout         Cap        Slew       Delay        Time   Description
---------------------------------------------------------------------------------------------
                                  0.000000    0.000000   clock clk (rise edge)
                                  0.000000    0.000000   clock source latency
     2    0.050380    0.000000    0.000000    0.000000 ^ clk (in)
                                                         clk (net)
                      0.017132    0.008566    0.008566 ^ clkbuf_0_clk/A (sky130_fd_sc_hd__clkbuf_16)
     2    0.023089    0.044564    0.118083    0.126649 ^ clkbuf_0_clk/X (sky130_fd_sc_hd__clkbuf_16)
                                                         clknet_0_clk (net)
                      0.044598    0.001054    0.127703 ^ clkbuf_1_1__f_clk/A (sky130_fd_sc_hd__clkbuf_16)
     8    0.030325    0.051283    0.134182    0.261885 ^ clkbuf_1_1__f_clk/X (sky130_fd_sc_hd__clkbuf_16)
                                                         clknet_1_1__leaf_clk (net)
                      0.051288    0.000934    0.262819 ^ _101_/CLK (sky130_fd_sc_hd__dfxtp_2)
     9    0.024522    0.068592    0.352386    0.615205 v _101_/Q (sky130_fd_sc_hd__dfxtp_2)
                                                         net4 (net)
                      0.068615    0.001180    0.616385 v _086_/A (sky130_fd_sc_hd__nand3_1)
     2    0.006691    0.083083    0.098690    0.715076 ^ _086_/Y (sky130_fd_sc_hd__nand3_1)
                                                         _043_ (net)
                      0.083083    0.000246    0.715322 ^ _087_/B1 (sky130_fd_sc_hd__o211a_1)
     1    0.002498    0.038230    0.143923    0.859245 ^ _087_/X (sky130_fd_sc_hd__o211a_1)
                                                         _014_ (net)
                      0.038230    0.000103    0.859348 ^ _104_/D (sky130_fd_sc_hd__dfxtp_1)
                                              0.859348   data arrival time

                                  0.000000    0.000000   clock clk (rise edge)
                                  0.000000    0.000000   clock source latency
     2    0.050380    0.000000    0.000000    0.000000 ^ clk (in)
                                                         clk (net)
                      0.017132    0.008566    0.008566 ^ clkbuf_0_clk/A (sky130_fd_sc_hd__clkbuf_16)
     2    0.023089    0.044564    0.118083    0.126649 ^ clkbuf_0_clk/X (sky130_fd_sc_hd__clkbuf_16)
                                                         clknet_0_clk (net)
                      0.044598    0.001054    0.127703 ^ clkbuf_1_1__f_clk/A (sky130_fd_sc_hd__clkbuf_16)
     8    0.030325    0.051283    0.134182    0.261885 ^ clkbuf_1_1__f_clk/X (sky130_fd_sc_hd__clkbuf_16)
                                                         clknet_1_1__leaf_clk (net)
                      0.051306    0.001835    0.263721 ^ _104_/CLK (sky130_fd_sc_hd__dfxtp_1)
                                  0.250000    0.513721   clock uncertainty
                                  0.000000    0.513721   clock reconvergence pessimism
                                 -0.029023    0.484698   library hold time
                                              0.484698   data required time
---------------------------------------------------------------------------------------------
                                              0.484698   data required time
                                             -0.859348   data arrival time
---------------------------------------------------------------------------------------------
                                              0.374650   slack (MET)


Startpoint: _098_ (rising edge-triggered flip-flop clocked by clk)
Endpoint: _098_ (rising edge-triggered flip-flop clocked by clk)
Path Group: clk
Path Type: min

Fanout         Cap        Slew       Delay        Time   Description
---------------------------------------------------------------------------------------------
                                  0.000000    0.000000   clock clk (rise edge)
                                  0.000000    0.000000   clock source latency
     2    0.050380    0.000000    0.000000    0.000000 ^ clk (in)
                                                         clk (net)
                      0.017132    0.008566    0.008566 ^ clkbuf_0_clk/A (sky130_fd_sc_hd__clkbuf_16)
     2    0.023089    0.044564    0.118083    0.126649 ^ clkbuf_0_clk/X (sky130_fd_sc_hd__clkbuf_16)
                                                         clknet_0_clk (net)
                      0.044598    0.001054    0.127703 ^ clkbuf_1_1__f_clk/A (sky130_fd_sc_hd__clkbuf_16)
     8    0.030325    0.051283    0.134182    0.261885 ^ clkbuf_1_1__f_clk/X (sky130_fd_sc_hd__clkbuf_16)
                                                         clknet_1_1__leaf_clk (net)
                      0.051295    0.001367    0.263252 ^ _098_/CLK (sky130_fd_sc_hd__dfxtp_1)
     5    0.012450    0.066423    0.330810    0.594063 v _098_/Q (sky130_fd_sc_hd__dfxtp_1)
                                                         net16 (net)
                      0.066425    0.000402    0.594464 v _068_/A (sky130_fd_sc_hd__and2_1)
     2    0.007158    0.051889    0.161230    0.755694 v _068_/X (sky130_fd_sc_hd__and2_1)
                                                         _031_ (net)
                      0.051892    0.000458    0.756153 v _070_/A (sky130_fd_sc_hd__nor2_1)
     1    0.003034    0.079376    0.101847    0.858000 ^ _070_/Y (sky130_fd_sc_hd__nor2_1)
                                                         _008_ (net)
                      0.079377    0.000205    0.858205 ^ _098_/D (sky130_fd_sc_hd__dfxtp_1)
                                              0.858205   data arrival time

                                  0.000000    0.000000   clock clk (rise edge)
                                  0.000000    0.000000   clock source latency
     2    0.050380    0.000000    0.000000    0.000000 ^ clk (in)
                                                         clk (net)
                      0.017132    0.008566    0.008566 ^ clkbuf_0_clk/A (sky130_fd_sc_hd__clkbuf_16)
     2    0.023089    0.044564    0.118083    0.126649 ^ clkbuf_0_clk/X (sky130_fd_sc_hd__clkbuf_16)
                                                         clknet_0_clk (net)
                      0.044598    0.001054    0.127703 ^ clkbuf_1_1__f_clk/A (sky130_fd_sc_hd__clkbuf_16)
     8    0.030325    0.051283    0.134182    0.261885 ^ clkbuf_1_1__f_clk/X (sky130_fd_sc_hd__clkbuf_16)
                                                         clknet_1_1__leaf_clk (net)
                      0.051295    0.001367    0.263252 ^ _098_/CLK (sky130_fd_sc_hd__dfxtp_1)
                                  0.250000    0.513252   clock uncertainty
                                  0.000000    0.513252   clock reconvergence pessimism
                                 -0.037633    0.475619   library hold time
                                              0.475619   data required time
---------------------------------------------------------------------------------------------
                                              0.475619   data required time
                                             -0.858205   data arrival time
---------------------------------------------------------------------------------------------
                                              0.382586   slack (MET)


Startpoint: _096_ (rising edge-triggered flip-flop clocked by clk)
Endpoint: _096_ (rising edge-triggered flip-flop clocked by clk)
Path Group: clk
Path Type: min

Fanout         Cap        Slew       Delay        Time   Description
---------------------------------------------------------------------------------------------
                                  0.000000    0.000000   clock clk (rise edge)
                                  0.000000    0.000000   clock source latency
     2    0.050380    0.000000    0.000000    0.000000 ^ clk (in)
                                                         clk (net)
                      0.017132    0.008566    0.008566 ^ clkbuf_0_clk/A (sky130_fd_sc_hd__clkbuf_16)
     2    0.023089    0.044564    0.118083    0.126649 ^ clkbuf_0_clk/X (sky130_fd_sc_hd__clkbuf_16)
                                                         clknet_0_clk (net)
                      0.044592    0.000957    0.127606 ^ clkbuf_1_0__f_clk/A (sky130_fd_sc_hd__clkbuf_16)
     8    0.027205    0.048255    0.131185    0.258791 ^ clkbuf_1_0__f_clk/X (sky130_fd_sc_hd__clkbuf_16)
                                                         clknet_1_0__leaf_clk (net)
                      0.048481    0.001597    0.260388 ^ _096_/CLK (sky130_fd_sc_hd__dfxtp_1)
     4    0.011477    0.116172    0.357402    0.617790 ^ _096_/Q (sky130_fd_sc_hd__dfxtp_1)
                                                         net14 (net)
                      0.116180    0.001079    0.618869 ^ _062_/A (sky130_fd_sc_hd__or2_1)
     1    0.002332    0.035707    0.111033    0.729901 ^ _062_/X (sky130_fd_sc_hd__or2_1)
                                                         _027_ (net)
                      0.035707    0.000149    0.730051 ^ _064_/C (sky130_fd_sc_hd__and3b_1)
     1    0.002807    0.049676    0.147960    0.878011 ^ _064_/X (sky130_fd_sc_hd__and3b_1)
                                                         _006_ (net)
                      0.049676    0.000212    0.878223 ^ _096_/D (sky130_fd_sc_hd__dfxtp_1)
                                              0.878223   data arrival time

                                  0.000000    0.000000   clock clk (rise edge)
                                  0.000000    0.000000   clock source latency
     2    0.050380    0.000000    0.000000    0.000000 ^ clk (in)
                                                         clk (net)
                      0.017132    0.008566    0.008566 ^ clkbuf_0_clk/A (sky130_fd_sc_hd__clkbuf_16)
     2    0.023089    0.044564    0.118083    0.126649 ^ clkbuf_0_clk/X (sky130_fd_sc_hd__clkbuf_16)
                                                         clknet_0_clk (net)
                      0.044592    0.000957    0.127606 ^ clkbuf_1_0__f_clk/A (sky130_fd_sc_hd__clkbuf_16)
     8    0.027205    0.048255    0.131185    0.258791 ^ clkbuf_1_0__f_clk/X (sky130_fd_sc_hd__clkbuf_16)
                                                         clknet_1_0__leaf_clk (net)
                      0.048481    0.001597    0.260388 ^ _096_/CLK (sky130_fd_sc_hd__dfxtp_1)
                                  0.250000    0.510388   clock uncertainty
                                  0.000000    0.510388   clock reconvergence pessimism
                                 -0.031790    0.478598   library hold time
                                              0.478598   data required time
---------------------------------------------------------------------------------------------
                                              0.478598   data required time
                                             -0.878223   data arrival time
---------------------------------------------------------------------------------------------
                                              0.399625   slack (MET)


Startpoint: _103_ (rising edge-triggered flip-flop clocked by clk)
Endpoint: _103_ (rising edge-triggered flip-flop clocked by clk)
Path Group: clk
Path Type: min

Fanout         Cap        Slew       Delay        Time   Description
---------------------------------------------------------------------------------------------
                                  0.000000    0.000000   clock clk (rise edge)
                                  0.000000    0.000000   clock source latency
     2    0.050380    0.000000    0.000000    0.000000 ^ clk (in)
                                                         clk (net)
                      0.017132    0.008566    0.008566 ^ clkbuf_0_clk/A (sky130_fd_sc_hd__clkbuf_16)
     2    0.023089    0.044564    0.118083    0.126649 ^ clkbuf_0_clk/X (sky130_fd_sc_hd__clkbuf_16)
                                                         clknet_0_clk (net)
                      0.044598    0.001054    0.127703 ^ clkbuf_1_1__f_clk/A (sky130_fd_sc_hd__clkbuf_16)
     8    0.030325    0.051283    0.134182    0.261885 ^ clkbuf_1_1__f_clk/X (sky130_fd_sc_hd__clkbuf_16)
                                                         clknet_1_1__leaf_clk (net)
                      0.051305    0.001814    0.263700 ^ _103_/CLK (sky130_fd_sc_hd__dfxtp_1)
     4    0.016026    0.157181    0.387231    0.650931 ^ _103_/Q (sky130_fd_sc_hd__dfxtp_1)
                                                         net6 (net)
                      0.157207    0.002003    0.652933 ^ _082_/B1 (sky130_fd_sc_hd__a31o_1)
     1    0.002232    0.038495    0.112900    0.765833 ^ _082_/X (sky130_fd_sc_hd__a31o_1)
                                                         _040_ (net)
                      0.038495    0.000101    0.765934 ^ _084_/C (sky130_fd_sc_hd__and3b_1)
     1    0.002341    0.045742    0.144517    0.910451 ^ _084_/X (sky130_fd_sc_hd__and3b_1)
                                                         _013_ (net)
                      0.045742    0.000169    0.910620 ^ _103_/D (sky130_fd_sc_hd__dfxtp_1)
                                              0.910620   data arrival time

                                  0.000000    0.000000   clock clk (rise edge)
                                  0.000000    0.000000   clock source latency
     2    0.050380    0.000000    0.000000    0.000000 ^ clk (in)
                                                         clk (net)
                      0.017132    0.008566    0.008566 ^ clkbuf_0_clk/A (sky130_fd_sc_hd__clkbuf_16)
     2    0.023089    0.044564    0.118083    0.126649 ^ clkbuf_0_clk/X (sky130_fd_sc_hd__clkbuf_16)
                                                         clknet_0_clk (net)
                      0.044598    0.001054    0.127703 ^ clkbuf_1_1__f_clk/A (sky130_fd_sc_hd__clkbuf_16)
     8    0.030325    0.051283    0.134182    0.261885 ^ clkbuf_1_1__f_clk/X (sky130_fd_sc_hd__clkbuf_16)
                                                         clknet_1_1__leaf_clk (net)
                      0.051305    0.001814    0.263700 ^ _103_/CLK (sky130_fd_sc_hd__dfxtp_1)
                                  0.250000    0.513700   clock uncertainty
                                  0.000000    0.513700   clock reconvergence pessimism
                                 -0.030594    0.483105   library hold time
                                              0.483105   data required time
---------------------------------------------------------------------------------------------
                                              0.483105   data required time
                                             -0.910620   data arrival time
---------------------------------------------------------------------------------------------
                                              0.427514   slack (MET)


Startpoint: _096_ (rising edge-triggered flip-flop clocked by clk)
Endpoint: _097_ (rising edge-triggered flip-flop clocked by clk)
Path Group: clk
Path Type: min

Fanout         Cap        Slew       Delay        Time   Description
---------------------------------------------------------------------------------------------
                                  0.000000    0.000000   clock clk (rise edge)
                                  0.000000    0.000000   clock source latency
     2    0.050380    0.000000    0.000000    0.000000 ^ clk (in)
                                                         clk (net)
                      0.017132    0.008566    0.008566 ^ clkbuf_0_clk/A (sky130_fd_sc_hd__clkbuf_16)
     2    0.023089    0.044564    0.118083    0.126649 ^ clkbuf_0_clk/X (sky130_fd_sc_hd__clkbuf_16)
                                                         clknet_0_clk (net)
                      0.044592    0.000957    0.127606 ^ clkbuf_1_0__f_clk/A (sky130_fd_sc_hd__clkbuf_16)
     8    0.027205    0.048255    0.131185    0.258791 ^ clkbuf_1_0__f_clk/X (sky130_fd_sc_hd__clkbuf_16)
                                                         clknet_1_0__leaf_clk (net)
                      0.048481    0.001597    0.260388 ^ _096_/CLK (sky130_fd_sc_hd__dfxtp_1)
     4    0.011078    0.060451    0.324808    0.585196 v _096_/Q (sky130_fd_sc_hd__dfxtp_1)
                                                         net14 (net)
                      0.060465    0.000923    0.586119 v _065_/A (sky130_fd_sc_hd__and4_1)
     5    0.017810    0.094198    0.211273    0.797392 v _065_/X (sky130_fd_sc_hd__and4_1)
                                                         _029_ (net)
                      0.094200    0.000535    0.797927 v _067_/A (sky130_fd_sc_hd__nor2_1)
     1    0.002392    0.069325    0.109451    0.907378 ^ _067_/Y (sky130_fd_sc_hd__nor2_1)
                                                         _007_ (net)
                      0.069325    0.000155    0.907532 ^ _097_/D (sky130_fd_sc_hd__dfxtp_1)
                                              0.907532   data arrival time

                                  0.000000    0.000000   clock clk (rise edge)
                                  0.000000    0.000000   clock source latency
     2    0.050380    0.000000    0.000000    0.000000 ^ clk (in)
                                                         clk (net)
                      0.017132    0.008566    0.008566 ^ clkbuf_0_clk/A (sky130_fd_sc_hd__clkbuf_16)
     2    0.023089    0.044564    0.118083    0.126649 ^ clkbuf_0_clk/X (sky130_fd_sc_hd__clkbuf_16)
                                                         clknet_0_clk (net)
                      0.044592    0.000957    0.127606 ^ clkbuf_1_0__f_clk/A (sky130_fd_sc_hd__clkbuf_16)
     8    0.027205    0.048255    0.131185    0.258791 ^ clkbuf_1_0__f_clk/X (sky130_fd_sc_hd__clkbuf_16)
                                                         clknet_1_0__leaf_clk (net)
                      0.048493    0.001696    0.260487 ^ _097_/CLK (sky130_fd_sc_hd__dfxtp_1)
                                  0.250000    0.510487   clock uncertainty
                                  0.000000    0.510487   clock reconvergence pessimism
                                 -0.035902    0.474586   library hold time
                                              0.474586   data required time
---------------------------------------------------------------------------------------------
                                              0.474586   data required time
                                             -0.907532   data arrival time
---------------------------------------------------------------------------------------------
                                              0.432947   slack (MET)


Startpoint: _099_ (rising edge-triggered flip-flop clocked by clk)
Endpoint: _100_ (rising edge-triggered flip-flop clocked by clk)
Path Group: clk
Path Type: min

Fanout         Cap        Slew       Delay        Time   Description
---------------------------------------------------------------------------------------------
                                  0.000000    0.000000   clock clk (rise edge)
                                  0.000000    0.000000   clock source latency
     2    0.050380    0.000000    0.000000    0.000000 ^ clk (in)
                                                         clk (net)
                      0.017132    0.008566    0.008566 ^ clkbuf_0_clk/A (sky130_fd_sc_hd__clkbuf_16)
     2    0.023089    0.044564    0.118083    0.126649 ^ clkbuf_0_clk/X (sky130_fd_sc_hd__clkbuf_16)
                                                         clknet_0_clk (net)
                      0.044598    0.001054    0.127703 ^ clkbuf_1_1__f_clk/A (sky130_fd_sc_hd__clkbuf_16)
     8    0.030325    0.051283    0.134182    0.261885 ^ clkbuf_1_1__f_clk/X (sky130_fd_sc_hd__clkbuf_16)
                                                         clknet_1_1__leaf_clk (net)
                      0.051295    0.001408    0.263294 ^ _099_/CLK (sky130_fd_sc_hd__dfxtp_1)
     4    0.009770    0.100812    0.347715    0.611009 ^ _099_/Q (sky130_fd_sc_hd__dfxtp_1)
                                                         net17 (net)
                      0.100814    0.000611    0.611620 ^ _071_/B (sky130_fd_sc_hd__and3_1)
     2    0.007019    0.085492    0.188432    0.800052 ^ _071_/X (sky130_fd_sc_hd__and3_1)
                                                         _033_ (net)
                      0.085493    0.000385    0.800437 ^ _075_/A2 (sky130_fd_sc_hd__o21ai_1)
     1    0.003201    0.036165    0.064639    0.865076 v _075_/Y (sky130_fd_sc_hd__o21ai_1)
                                                         _036_ (net)
                      0.036165    0.000212    0.865288 v _076_/B (sky130_fd_sc_hd__nor2_1)
     1    0.002092    0.064613    0.069335    0.934623 ^ _076_/Y (sky130_fd_sc_hd__nor2_1)
                                                         _010_ (net)
                      0.064613    0.000098    0.934720 ^ _100_/D (sky130_fd_sc_hd__dfxtp_1)
                                              0.934720   data arrival time

                                  0.000000    0.000000   clock clk (rise edge)
                                  0.000000    0.000000   clock source latency
     2    0.050380    0.000000    0.000000    0.000000 ^ clk (in)
                                                         clk (net)
                      0.017132    0.008566    0.008566 ^ clkbuf_0_clk/A (sky130_fd_sc_hd__clkbuf_16)
     2    0.023089    0.044564    0.118083    0.126649 ^ clkbuf_0_clk/X (sky130_fd_sc_hd__clkbuf_16)
                                                         clknet_0_clk (net)
                      0.044598    0.001054    0.127703 ^ clkbuf_1_1__f_clk/A (sky130_fd_sc_hd__clkbuf_16)
     8    0.030325    0.051283    0.134182    0.261885 ^ clkbuf_1_1__f_clk/X (sky130_fd_sc_hd__clkbuf_16)
                                                         clknet_1_1__leaf_clk (net)
                      0.051291    0.001122    0.263007 ^ _100_/CLK (sky130_fd_sc_hd__dfxtp_1)
                                  0.250000    0.513007   clock uncertainty
                                  0.000000    0.513007   clock reconvergence pessimism
                                 -0.034545    0.478463   library hold time
                                              0.478463   data required time
---------------------------------------------------------------------------------------------
                                              0.478463   data required time
                                             -0.934720   data arrival time
---------------------------------------------------------------------------------------------
                                              0.456257   slack (MET)


Startpoint: _090_ (rising edge-triggered flip-flop clocked by clk)
Endpoint: _090_ (rising edge-triggered flip-flop clocked by clk)
Path Group: clk
Path Type: min

Fanout         Cap        Slew       Delay        Time   Description
---------------------------------------------------------------------------------------------
                                  0.000000    0.000000   clock clk (rise edge)
                                  0.000000    0.000000   clock source latency
     2    0.050380    0.000000    0.000000    0.000000 ^ clk (in)
                                                         clk (net)
                      0.017132    0.008566    0.008566 ^ clkbuf_0_clk/A (sky130_fd_sc_hd__clkbuf_16)
     2    0.023089    0.044564    0.118083    0.126649 ^ clkbuf_0_clk/X (sky130_fd_sc_hd__clkbuf_16)
                                                         clknet_0_clk (net)
                      0.044592    0.000957    0.127606 ^ clkbuf_1_0__f_clk/A (sky130_fd_sc_hd__clkbuf_16)
     8    0.027205    0.048255    0.131185    0.258791 ^ clkbuf_1_0__f_clk/X (sky130_fd_sc_hd__clkbuf_16)
                                                         clknet_1_0__leaf_clk (net)
                      0.048640    0.002768    0.261559 ^ _090_/CLK (sky130_fd_sc_hd__dfxtp_2)
     7    0.024497    0.068444    0.350873    0.612432 v _090_/Q (sky130_fd_sc_hd__dfxtp_2)
                                                         net2 (net)
                      0.068465    0.001161    0.613593 v hold1/A (sky130_fd_sc_hd__dlygate4sd3_1)
     2    0.010505    0.088912    0.606594    1.220188 v hold1/X (sky130_fd_sc_hd__dlygate4sd3_1)
                                                         net34 (net)
                      0.088912    0.000302    1.220490 v _047_/A (sky130_fd_sc_hd__nor2_1)
     1    0.002325    0.070060    0.106658    1.327148 ^ _047_/Y (sky130_fd_sc_hd__nor2_1)
                                                         _000_ (net)
                      0.070060    0.000166    1.327314 ^ _090_/D (sky130_fd_sc_hd__dfxtp_2)
                                              1.327314   data arrival time

                                  0.000000    0.000000   clock clk (rise edge)
                                  0.000000    0.000000   clock source latency
     2    0.050380    0.000000    0.000000    0.000000 ^ clk (in)
                                                         clk (net)
                      0.017132    0.008566    0.008566 ^ clkbuf_0_clk/A (sky130_fd_sc_hd__clkbuf_16)
     2    0.023089    0.044564    0.118083    0.126649 ^ clkbuf_0_clk/X (sky130_fd_sc_hd__clkbuf_16)
                                                         clknet_0_clk (net)
                      0.044592    0.000957    0.127606 ^ clkbuf_1_0__f_clk/A (sky130_fd_sc_hd__clkbuf_16)
     8    0.027205    0.048255    0.131185    0.258791 ^ clkbuf_1_0__f_clk/X (sky130_fd_sc_hd__clkbuf_16)
                                                         clknet_1_0__leaf_clk (net)
                      0.048640    0.002768    0.261559 ^ _090_/CLK (sky130_fd_sc_hd__dfxtp_2)
                                  0.250000    0.511559   clock uncertainty
                                  0.000000    0.511559   clock reconvergence pessimism
                                 -0.035898    0.475661   library hold time
                                              0.475661   data required time
---------------------------------------------------------------------------------------------
                                              0.475661   data required time
                                             -1.327314   data arrival time
---------------------------------------------------------------------------------------------
                                              0.851653   slack (MET)


Startpoint: _090_ (rising edge-triggered flip-flop clocked by clk)
Endpoint: _091_ (rising edge-triggered flip-flop clocked by clk)
Path Group: clk
Path Type: min

Fanout         Cap        Slew       Delay        Time   Description
---------------------------------------------------------------------------------------------
                                  0.000000    0.000000   clock clk (rise edge)
                                  0.000000    0.000000   clock source latency
     2    0.050380    0.000000    0.000000    0.000000 ^ clk (in)
                                                         clk (net)
                      0.017132    0.008566    0.008566 ^ clkbuf_0_clk/A (sky130_fd_sc_hd__clkbuf_16)
     2    0.023089    0.044564    0.118083    0.126649 ^ clkbuf_0_clk/X (sky130_fd_sc_hd__clkbuf_16)
                                                         clknet_0_clk (net)
                      0.044592    0.000957    0.127606 ^ clkbuf_1_0__f_clk/A (sky130_fd_sc_hd__clkbuf_16)
     8    0.027205    0.048255    0.131185    0.258791 ^ clkbuf_1_0__f_clk/X (sky130_fd_sc_hd__clkbuf_16)
                                                         clknet_1_0__leaf_clk (net)
                      0.048640    0.002768    0.261559 ^ _090_/CLK (sky130_fd_sc_hd__dfxtp_2)
     7    0.024497    0.068444    0.350873    0.612432 v _090_/Q (sky130_fd_sc_hd__dfxtp_2)
                                                         net2 (net)
                      0.068549    0.002369    0.614801 v _048_/A1 (sky130_fd_sc_hd__o21ai_1)
     1    0.004412    0.106723    0.153940    0.768741 ^ _048_/Y (sky130_fd_sc_hd__o21ai_1)
                                                         _018_ (net)
                      0.106723    0.000321    0.769062 ^ _049_/B1 (sky130_fd_sc_hd__a21oi_1)
     1    0.002345    0.036522    0.048381    0.817443 v _049_/Y (sky130_fd_sc_hd__a21oi_1)
                                                         _001_ (net)
                      0.036522    0.000095    0.817538 v hold5/A (sky130_fd_sc_hd__dlygate4sd3_1)
     1    0.002201    0.049936    0.539408    1.356946 v hold5/X (sky130_fd_sc_hd__dlygate4sd3_1)
                                                         net38 (net)
                      0.049936    0.000151    1.357097 v _091_/D (sky130_fd_sc_hd__dfxtp_1)
                                              1.357097   data arrival time

                                  0.000000    0.000000   clock clk (rise edge)
                                  0.000000    0.000000   clock source latency
     2    0.050380    0.000000    0.000000    0.000000 ^ clk (in)
                                                         clk (net)
                      0.017132    0.008566    0.008566 ^ clkbuf_0_clk/A (sky130_fd_sc_hd__clkbuf_16)
     2    0.023089    0.044564    0.118083    0.126649 ^ clkbuf_0_clk/X (sky130_fd_sc_hd__clkbuf_16)
                                                         clknet_0_clk (net)
                      0.044592    0.000957    0.127606 ^ clkbuf_1_0__f_clk/A (sky130_fd_sc_hd__clkbuf_16)
     8    0.027205    0.048255    0.131185    0.258791 ^ clkbuf_1_0__f_clk/X (sky130_fd_sc_hd__clkbuf_16)
                                                         clknet_1_0__leaf_clk (net)
                      0.048673    0.002972    0.261763 ^ _091_/CLK (sky130_fd_sc_hd__dfxtp_1)
                                  0.250000    0.511763   clock uncertainty
                                  0.000000    0.511763   clock reconvergence pessimism
                                 -0.054774    0.456990   library hold time
                                              0.456990   data required time
---------------------------------------------------------------------------------------------
                                              0.456990   data required time
                                             -1.357097   data arrival time
---------------------------------------------------------------------------------------------
                                              0.900108   slack (MET)



