
===========================================================================
 report_power
============================================================================
======================= max_tt_025C_1v80 Corner ===================================

Group                    Internal    Switching      Leakage        Total
                            Power        Power        Power        Power (Watts)
------------------------------------------------------------------------
Sequential           2.592473e-05 5.700599e-07 1.301999e-10 2.649492e-05  44.4%
Combinational        1.279629e-06 4.785696e-07 3.232512e-10 1.758522e-06   2.9%
Clock                2.101193e-05 1.044819e-05 9.377169e-10 3.146106e-05  52.7%
Macro                0.000000e+00 0.000000e+00 0.000000e+00 0.000000e+00   0.0%
Pad                  0.000000e+00 0.000000e+00 0.000000e+00 0.000000e+00   0.0%
------------------------------------------------------------------------
Total                4.821629e-05 1.149682e-05 1.391169e-09 5.971450e-05 100.0%
                            80.7%        19.3%         0.0%

