Clock: clk
Sources: clk 
Generated: no
Virtual: yes
Propagated: no
Period: 25.000000

===========================================================================
report_clock_properties
============================================================================
Clock                   Period          Waveform
----------------------------------------------------
clk                  25.000000    0.000000 12.500000

===========================================================================
report_clock_latency
============================================================================
Clock clk
rise -> rise
    min     max
0.000000 0.000000 source latency
0.178936         network latency _096_/CLK
        0.181501 network latency _105_/CLK
---------------
0.178936 0.181501 latency
        0.002565 skew

fall -> fall
    min     max
0.000000 0.000000 source latency
0.199729         network latency _096_/CLK
        0.201974 network latency _105_/CLK
---------------
0.199729 0.201974 latency
        0.002245 skew



===========================================================================
report_clock_min_period
============================================================================
clk period_min = 1.48 fmax = 676.56
