
===========================================================================
report_checks -unconstrained
===========================================================================
======================= min_ss_100C_1v60 Corner ===================================

Startpoint: u_counter (rising edge-triggered flip-flop)
Endpoint: gpio_out[14] (output port)
Path Group: unconstrained
Path Type: max

Fanout         Cap        Slew       Delay        Time   Description
---------------------------------------------------------------------------------------------
                      4.154279    0.000000    0.000000 ^ u_counter/clk (counter_macro)
     1    0.617844    7.087047    4.870659    4.870659 ^ u_counter/count[6] (counter_macro)
                                                         gpio_out[14] (net)
                      7.321430    1.018643    5.889303 ^ gpio_out[14] (out)
                                              5.889303   data arrival time
---------------------------------------------------------------------------------------------
(Path is unconstrained)




===========================================================================
report_checks --slack_max -0.01
============================================================================
======================= min_ss_100C_1v60 Corner ===================================

No paths found.


===========================================================================
 report_check_types -max_slew -max_cap -max_fanout -violators
============================================================================
======================= min_ss_100C_1v60 Corner ===================================

max slew

Pin                                        Limit        Slew       Slack
------------------------------------------------------------------------
gpio_in[17]                             0.500000    7.702267   -7.202267 (VIOLATED)
u_soc/gpio_in[26]                       0.500000    7.702267   -7.202267 (VIOLATED)
gpio_in[15]                             0.500000    7.349291   -6.849291 (VIOLATED)
u_soc/gpio_in[28]                       0.500000    7.349291   -6.849291 (VIOLATED)
gpio_out[14]                            0.500000    7.321430   -6.821430 (VIOLATED)
u_counter/count[6]                      0.500000    7.087047   -6.587047 (VIOLATED)
gpio_in[13]                             0.500000    7.056243   -6.556243 (VIOLATED)
u_soc/gpio_in[30]                       0.500000    7.056243   -6.556243 (VIOLATED)
gpio_out[12]                            0.500000    7.020532   -6.520531 (VIOLATED)
gpio_in[16]                             0.500000    6.995462   -6.495462 (VIOLATED)
u_soc/gpio_in[27]                       0.500000    6.995462   -6.495462 (VIOLATED)
gpio_in[9]                              0.500000    6.963649   -6.463649 (VIOLATED)
u_soc/gpio_in[34]                       0.500000    6.963649   -6.463649 (VIOLATED)
gpio_in[14]                             0.500000    6.940070   -6.440070 (VIOLATED)
u_soc/gpio_in[29]                       0.500000    6.940070   -6.440070 (VIOLATED)
gpio_in[18]                             0.500000    6.913628   -6.413628 (VIOLATED)
u_soc/gpio_in[25]                       0.500000    6.913628   -6.413628 (VIOLATED)
u_counter/count[4]                      0.500000    6.898016   -6.398016 (VIOLATED)
gpio_in[20]                             0.500000    6.661676   -6.161676 (VIOLATED)
u_soc/gpio_in[23]                       0.500000    6.661676   -6.161676 (VIOLATED)
gpio_in[7]                              0.500000    6.465290   -5.965289 (VIOLATED)
u_soc/gpio_in[36]                       0.500000    6.465290   -5.965289 (VIOLATED)
gpio_out[11]                            0.500000    6.191023   -5.691023 (VIOLATED)
gpio_in[12]                             0.500000    6.156523   -5.656523 (VIOLATED)
u_soc/gpio_in[31]                       0.500000    6.156523   -5.656523 (VIOLATED)
u_counter/count[3]                      0.500000    6.109677   -5.609677 (VIOLATED)
gpio_in[19]                             0.500000    6.005456   -5.505456 (VIOLATED)
u_soc/gpio_in[24]                       0.500000    6.005456   -5.505456 (VIOLATED)
gpio_in[8]                              0.500000    5.916214   -5.416214 (VIOLATED)
u_soc/gpio_in[35]                       0.500000    5.916214   -5.416214 (VIOLATED)
gpio_in[10]                             0.500000    5.837432   -5.337432 (VIOLATED)
u_soc/gpio_in[33]                       0.500000    5.837432   -5.337432 (VIOLATED)
gpio_in[6]                              0.500000    5.755729   -5.255729 (VIOLATED)
u_soc/gpio_in[37]                       0.500000    5.755729   -5.255729 (VIOLATED)
gpio_out[9]                             0.500000    5.754835   -5.254835 (VIOLATED)
gpio_in[21]                             0.500000    5.717541   -5.217541 (VIOLATED)
u_soc/gpio_in[22]                       0.500000    5.717541   -5.217541 (VIOLATED)
u_counter/count[1]                      0.500000    5.710669   -5.210669 (VIOLATED)
gpio_in[11]                             0.500000    5.663470   -5.163470 (VIOLATED)
u_soc/gpio_in[32]                       0.500000    5.663470   -5.163470 (VIOLATED)
gpio_out[13]                            0.500000    5.632507   -5.132507 (VIOLATED)
gpio_in[5]                              0.500000    5.590676   -5.090676 (VIOLATED)
u_soc/gpio_in[38]                       0.500000    5.590676   -5.090676 (VIOLATED)
gpio_out[15]                            0.500000    5.570799   -5.070799 (VIOLATED)
u_counter/count[5]                      0.500000    5.507160   -5.007160 (VIOLATED)
gpio_in[24]                             0.500000    5.464509   -4.964509 (VIOLATED)
u_soc/gpio_in[19]                       0.500000    5.464509   -4.964509 (VIOLATED)
u_counter/count[7]                      0.500000    5.422142   -4.922142 (VIOLATED)
gpio_in[22]                             0.500000    5.394985   -4.894985 (VIOLATED)
u_soc/gpio_in[21]                       0.500000    5.394985   -4.894985 (VIOLATED)
gpio_in[4]                              0.500000    5.352314   -4.852314 (VIOLATED)
u_soc/gpio_in[39]                       0.500000    5.352314   -4.852314 (VIOLATED)
mask_rev[10]                            0.500000    4.984138   -4.484138 (VIOLATED)
u_soc/mask_rev[21]                      0.500000    4.984138   -4.484138 (VIOLATED)
gpio_out[16]                            0.500000    4.970979   -4.470979 (VIOLATED)
mask_rev[9]                             0.500000    4.931221   -4.431221 (VIOLATED)
u_soc/mask_rev[22]                      0.500000    4.931221   -4.431221 (VIOLATED)
gpio_in[2]                              0.500000    4.876416   -4.376416 (VIOLATED)
u_soc/gpio_in[41]                       0.500000    4.876416   -4.376416 (VIOLATED)
u_counter/count[8]                      0.500000    4.849299   -4.349299 (VIOLATED)
gpio_in[23]                             0.500000    4.833838   -4.333838 (VIOLATED)
u_soc/gpio_in[20]                       0.500000    4.833838   -4.333838 (VIOLATED)
mask_rev[15]                            0.500000    4.797214   -4.297214 (VIOLATED)
u_soc/mask_rev[16]                      0.500000    4.797214   -4.297214 (VIOLATED)
mask_rev[5]                             0.500000    4.782403   -4.282403 (VIOLATED)
u_soc/mask_rev[26]                      0.500000    4.782403   -4.282403 (VIOLATED)
gpio_out[10]                            0.500000    4.759716   -4.259716 (VIOLATED)
mask_rev[0]                             0.500000    4.731103   -4.231103 (VIOLATED)
u_soc/mask_rev[31]                      0.500000    4.731103   -4.231103 (VIOLATED)
u_counter/count[2]                      0.500000    4.718834   -4.218834 (VIOLATED)
mask_rev[20]                            0.500000    4.679745   -4.179745 (VIOLATED)
u_soc/mask_rev[11]                      0.500000    4.679745   -4.179745 (VIOLATED)
gpio_in[1]                              0.500000    4.638157   -4.138156 (VIOLATED)
u_soc/gpio_in[42]                       0.500000    4.638157   -4.138156 (VIOLATED)
mask_rev[25]                            0.500000    4.632295   -4.132295 (VIOLATED)
u_soc/mask_rev[6]                       0.500000    4.632295   -4.132295 (VIOLATED)
gpio_in[28]                             0.500000    4.609982   -4.109982 (VIOLATED)
u_soc/gpio_in[15]                       0.500000    4.609982   -4.109982 (VIOLATED)
gpio_out[17]                            0.500000    4.609323   -4.109323 (VIOLATED)
mask_rev[30]                            0.500000    4.583547   -4.083547 (VIOLATED)
u_soc/mask_rev[1]                       0.500000    4.583547   -4.083547 (VIOLATED)
u_counter/count[9]                      0.500000    4.564620   -4.064620 (VIOLATED)
gpio_in[29]                             0.500000    4.561631   -4.061631 (VIOLATED)
u_soc/gpio_in[14]                       0.500000    4.561631   -4.061631 (VIOLATED)
mask_rev[4]                             0.500000    4.487162   -3.987161 (VIOLATED)
u_soc/mask_rev[27]                      0.500000    4.487162   -3.987161 (VIOLATED)
mask_rev[17]                            0.500000    4.471591   -3.971592 (VIOLATED)
u_soc/mask_rev[14]                      0.500000    4.471591   -3.971592 (VIOLATED)
mask_rev[1]                             0.500000    4.431420   -3.931420 (VIOLATED)
u_soc/mask_rev[30]                      0.500000    4.431420   -3.931420 (VIOLATED)
mask_rev[22]                            0.500000    4.431123   -3.931123 (VIOLATED)
u_soc/mask_rev[9]                       0.500000    4.431123   -3.931123 (VIOLATED)
gpio_in[26]                             0.500000    4.415931   -3.915931 (VIOLATED)
u_soc/gpio_in[17]                       0.500000    4.415931   -3.915931 (VIOLATED)
mask_rev[13]                            0.500000    4.398102   -3.898102 (VIOLATED)
u_soc/mask_rev[18]                      0.500000    4.398102   -3.898102 (VIOLATED)
mask_rev[28]                            0.500000    4.375044   -3.875044 (VIOLATED)
u_soc/mask_rev[3]                       0.500000    4.375044   -3.875044 (VIOLATED)
mask_rev[3]                             0.500000    4.356133   -3.856133 (VIOLATED)
u_soc/mask_rev[28]                      0.500000    4.356133   -3.856133 (VIOLATED)
gpio_in[27]                             0.500000    4.355949   -3.855949 (VIOLATED)
u_soc/gpio_in[16]                       0.500000    4.355949   -3.855949 (VIOLATED)
mask_rev[6]                             0.500000    4.352685   -3.852685 (VIOLATED)
u_soc/mask_rev[25]                      0.500000    4.352685   -3.852685 (VIOLATED)
mask_rev[7]                             0.500000    4.338860   -3.838860 (VIOLATED)
u_soc/mask_rev[24]                      0.500000    4.338860   -3.838860 (VIOLATED)
gpio_in[25]                             0.500000    4.325793   -3.825793 (VIOLATED)
u_soc/gpio_in[18]                       0.500000    4.325793   -3.825793 (VIOLATED)
gpio_in[0]                              0.500000    4.298241   -3.798240 (VIOLATED)
u_soc/gpio_in[43]                       0.500000    4.298241   -3.798240 (VIOLATED)
gpio_in[30]                             0.500000    4.297497   -3.797497 (VIOLATED)
u_soc/gpio_in[13]                       0.500000    4.297497   -3.797497 (VIOLATED)
gpio_in[3]                              0.500000    4.236825   -3.736824 (VIOLATED)
u_soc/gpio_in[40]                       0.500000    4.236825   -3.736824 (VIOLATED)
mask_rev[11]                            0.500000    4.235344   -3.735344 (VIOLATED)
u_soc/mask_rev[20]                      0.500000    4.235344   -3.735344 (VIOLATED)
mask_rev[16]                            0.500000    4.209201   -3.709202 (VIOLATED)
u_soc/mask_rev[15]                      0.500000    4.209201   -3.709202 (VIOLATED)
mask_rev[21]                            0.500000    4.188579   -3.688579 (VIOLATED)
u_soc/mask_rev[10]                      0.500000    4.188579   -3.688579 (VIOLATED)
u_counter/clk                           0.500000    4.154279   -3.654279 (VIOLATED)
mask_rev[23]                            0.500000    4.142341   -3.642341 (VIOLATED)
u_soc/mask_rev[8]                       0.500000    4.142341   -3.642341 (VIOLATED)
gpio_out[18]                            0.500000    4.130491   -3.630491 (VIOLATED)
mask_rev[18]                            0.500000    4.114120   -3.614119 (VIOLATED)
u_soc/mask_rev[13]                      0.500000    4.114120   -3.614119 (VIOLATED)
mask_rev[31]                            0.500000    4.111115   -3.611115 (VIOLATED)
u_soc/mask_rev[0]                       0.500000    4.111115   -3.611115 (VIOLATED)
u_counter/count[10]                     0.500000    4.090975   -3.590975 (VIOLATED)
gpio_in[38]                             0.500000    4.085673   -3.585673 (VIOLATED)
u_soc/gpio_in[5]                        0.500000    4.085673   -3.585673 (VIOLATED)
mask_rev[26]                            0.500000    4.067338   -3.567338 (VIOLATED)
u_soc/mask_rev[5]                       0.500000    4.067338   -3.567338 (VIOLATED)
mask_rev[12]                            0.500000    4.056182   -3.556183 (VIOLATED)
u_soc/mask_rev[19]                      0.500000    4.056182   -3.556183 (VIOLATED)
mask_rev[8]                             0.500000    4.042600   -3.542600 (VIOLATED)
u_soc/mask_rev[23]                      0.500000    4.042600   -3.542600 (VIOLATED)
mask_rev[29]                            0.500000    4.030321   -3.530321 (VIOLATED)
u_soc/mask_rev[2]                       0.500000    4.030321   -3.530321 (VIOLATED)
gpio_out[8]                             0.500000    3.987258   -3.487258 (VIOLATED)
mask_rev[19]                            0.500000    3.972967   -3.472967 (VIOLATED)
u_soc/mask_rev[12]                      0.500000    3.972967   -3.472967 (VIOLATED)
u_counter/count[0]                      0.500000    3.971464   -3.471464 (VIOLATED)
gpio_in[31]                             0.500000    3.818240   -3.318239 (VIOLATED)
u_soc/gpio_in[12]                       0.500000    3.818240   -3.318239 (VIOLATED)
gpio_in[33]                             0.500000    3.752990   -3.252990 (VIOLATED)
u_soc/gpio_in[10]                       0.500000    3.752990   -3.252990 (VIOLATED)
gpio_in[32]                             0.500000    3.750061   -3.250061 (VIOLATED)
u_soc/gpio_in[11]                       0.500000    3.750061   -3.250061 (VIOLATED)
mask_rev[14]                            0.500000    3.747767   -3.247767 (VIOLATED)
u_soc/mask_rev[17]                      0.500000    3.747767   -3.247767 (VIOLATED)
mask_rev[24]                            0.500000    3.744023   -3.244023 (VIOLATED)
u_soc/mask_rev[7]                       0.500000    3.744023   -3.244023 (VIOLATED)
mask_rev[27]                            0.500000    3.658087   -3.158087 (VIOLATED)
u_soc/mask_rev[4]                       0.500000    3.658087   -3.158087 (VIOLATED)
gpio_out[19]                            0.500000    3.623831   -3.123830 (VIOLATED)
mask_rev[2]                             0.500000    3.595586   -3.095586 (VIOLATED)
u_soc/mask_rev[29]                      0.500000    3.595586   -3.095586 (VIOLATED)
u_counter/count[11]                     0.500000    3.587145   -3.087145 (VIOLATED)
u_counter/resetb                        0.500000    3.472703   -2.972703 (VIOLATED)
gpio_out[23]                            0.500000    3.472012   -2.972012 (VIOLATED)
u_counter/count[15]                     0.500000    3.436214   -2.936214 (VIOLATED)
gpio_in[34]                             0.500000    3.415775   -2.915775 (VIOLATED)
u_soc/gpio_in[9]                        0.500000    3.415775   -2.915775 (VIOLATED)
u_soc/resetb_l                          0.500000    3.358054   -2.858054 (VIOLATED)
resetb_l                                0.500000    3.351932   -2.851932 (VIOLATED)
gpio_out[20]                            0.500000    3.302433   -2.802432 (VIOLATED)
u_counter/count[12]                     0.500000    3.248216   -2.748216 (VIOLATED)
gpio_out[22]                            0.500000    3.105723   -2.605723 (VIOLATED)
u_counter/count[14]                     0.500000    3.068413   -2.568413 (VIOLATED)
gpio_out[21]                            0.500000    3.012761   -2.512761 (VIOLATED)
u_counter/count[13]                     0.500000    2.968714   -2.468714 (VIOLATED)
gpio_in[35]                             0.500000    2.878167   -2.378167 (VIOLATED)
u_soc/gpio_in[8]                        0.500000    2.878167   -2.378167 (VIOLATED)
gpio_in[37]                             0.500000    2.742686   -2.242686 (VIOLATED)
u_soc/gpio_in[6]                        0.500000    2.742686   -2.242686 (VIOLATED)
gpio_in[36]                             0.500000    2.562056   -2.062056 (VIOLATED)
u_soc/gpio_in[7]                        0.500000    2.562056   -2.062056 (VIOLATED)
gpio_oeb[14]                            0.500000    1.382951   -0.882951 (VIOLATED)
gpio_in[43]                             0.500000    1.085657   -0.585657 (VIOLATED)
u_soc/gpio_in[0]                        0.500000    1.085657   -0.585657 (VIOLATED)
gpio_oeb[12]                            0.500000    0.865169   -0.365169 (VIOLATED)
gpio_oeb[13]                            0.500000    0.776771   -0.276771 (VIOLATED)
gpio_in[42]                             0.500000    0.744725   -0.244725 (VIOLATED)
u_soc/gpio_in[1]                        0.500000    0.744725   -0.244725 (VIOLATED)
gpio_oeb[18]                            0.500000    0.729352   -0.229352 (VIOLATED)
gpio_oeb[10]                            0.500000    0.642261   -0.142261 (VIOLATED)
gpio_oeb[15]                            0.500000    0.545366   -0.045366 (VIOLATED)
gpio_oeb[22]                            0.500000    0.532927   -0.032927 (VIOLATED)
gpio_oeb[11]                            0.500000    0.503131   -0.003131 (VIOLATED)

max capacitance

Pin                                        Limit         Cap       Slack
------------------------------------------------------------------------
gpio_in[17]                             0.200000    1.108945   -0.908946 (VIOLATED)
gpio_in[15]                             0.200000    1.080889   -0.880889 (VIOLATED)
gpio_in[16]                             0.200000    1.026989   -0.826989 (VIOLATED)
gpio_in[13]                             0.200000    1.024685   -0.824685 (VIOLATED)
gpio_in[18]                             0.200000    1.001717   -0.801717 (VIOLATED)
gpio_in[9]                              0.200000    0.996956   -0.796956 (VIOLATED)
gpio_in[14]                             0.200000    0.991141   -0.791141 (VIOLATED)
gpio_in[20]                             0.200000    0.963336   -0.763336 (VIOLATED)
gpio_in[7]                              0.200000    0.923809   -0.723809 (VIOLATED)
gpio_in[12]                             0.200000    0.878340   -0.678340 (VIOLATED)
gpio_in[19]                             0.200000    0.863656   -0.663656 (VIOLATED)
gpio_in[8]                              0.200000    0.851050   -0.651050 (VIOLATED)
gpio_in[10]                             0.200000    0.847027   -0.647027 (VIOLATED)
gpio_in[6]                              0.200000    0.817566   -0.617566 (VIOLATED)
gpio_in[21]                             0.200000    0.810932   -0.610932 (VIOLATED)
gpio_in[11]                             0.200000    0.804298   -0.604298 (VIOLATED)
gpio_in[24]                             0.200000    0.798851   -0.598851 (VIOLATED)
gpio_in[5]                              0.200000    0.794674   -0.594674 (VIOLATED)
gpio_in[22]                             0.200000    0.772670   -0.572670 (VIOLATED)
gpio_in[4]                              0.200000    0.760165   -0.560165 (VIOLATED)
mask_rev[10]                            0.200000    0.703352   -0.503352 (VIOLATED)
gpio_in[23]                             0.200000    0.695792   -0.495792 (VIOLATED)
mask_rev[9]                             0.200000    0.695692   -0.495692 (VIOLATED)
gpio_in[2]                              0.200000    0.691977   -0.491977 (VIOLATED)
mask_rev[15]                            0.200000    0.677267   -0.477267 (VIOLATED)
mask_rev[5]                             0.200000    0.674559   -0.474559 (VIOLATED)
mask_rev[0]                             0.200000    0.667334   -0.467334 (VIOLATED)
mask_rev[20]                            0.200000    0.659989   -0.459989 (VIOLATED)
gpio_in[1]                              0.200000    0.657661   -0.457661 (VIOLATED)
mask_rev[25]                            0.200000    0.653936   -0.453936 (VIOLATED)
gpio_in[28]                             0.200000    0.653334   -0.453334 (VIOLATED)
mask_rev[30]                            0.200000    0.646978   -0.446979 (VIOLATED)
gpio_in[29]                             0.200000    0.644454   -0.444454 (VIOLATED)
mask_rev[4]                             0.200000    0.633093   -0.433093 (VIOLATED)
gpio_in[26]                             0.200000    0.630339   -0.430339 (VIOLATED)
mask_rev[17]                            0.200000    0.625390   -0.425390 (VIOLATED)
mask_rev[22]                            0.200000    0.625341   -0.425341 (VIOLATED)
mask_rev[1]                             0.200000    0.624083   -0.424083 (VIOLATED)
mask_rev[13]                            0.200000    0.620490   -0.420490 (VIOLATED)
gpio_in[25]                             0.200000    0.619252   -0.419252 (VIOLATED)
gpio_in[27]                             0.200000    0.619004   -0.419004 (VIOLATED)
u_counter/count[6]                      0.200000    0.617844   -0.417844 (VIOLATED)
mask_rev[28]                            0.200000    0.617609   -0.417609 (VIOLATED)
mask_rev[3]                             0.200000    0.614218   -0.414218 (VIOLATED)
mask_rev[6]                             0.200000    0.613990   -0.413990 (VIOLATED)
mask_rev[7]                             0.200000    0.611604   -0.411604 (VIOLATED)
gpio_in[0]                              0.200000    0.605839   -0.405839 (VIOLATED)
gpio_in[30]                             0.200000    0.605344   -0.405344 (VIOLATED)
mask_rev[11]                            0.200000    0.602933   -0.402933 (VIOLATED)
u_counter/count[4]                      0.200000    0.601036   -0.401036 (VIOLATED)
gpio_in[3]                              0.200000    0.599220   -0.399220 (VIOLATED)
u_counter/count_oeb[6]                  0.200000    0.596798   -0.396798 (VIOLATED)
mask_rev[16]                            0.200000    0.593568   -0.393568 (VIOLATED)
mask_rev[21]                            0.200000    0.589146   -0.389146 (VIOLATED)
mask_rev[23]                            0.200000    0.580695   -0.380695 (VIOLATED)
mask_rev[31]                            0.200000    0.579941   -0.379941 (VIOLATED)
mask_rev[18]                            0.200000    0.578575   -0.378575 (VIOLATED)
gpio_in[38]                             0.200000    0.576497   -0.376497 (VIOLATED)
mask_rev[26]                            0.200000    0.574307   -0.374307 (VIOLATED)
mask_rev[8]                             0.200000    0.568875   -0.368875 (VIOLATED)
mask_rev[29]                            0.200000    0.568291   -0.368291 (VIOLATED)
mask_rev[12]                            0.200000    0.567607   -0.367607 (VIOLATED)
mask_rev[19]                            0.200000    0.555113   -0.355113 (VIOLATED)
gpio_in[31]                             0.200000    0.537445   -0.337445 (VIOLATED)
u_counter/count[3]                      0.200000    0.531208   -0.331208 (VIOLATED)
mask_rev[14]                            0.200000    0.528123   -0.328123 (VIOLATED)
mask_rev[24]                            0.200000    0.527581   -0.327581 (VIOLATED)
gpio_in[33]                             0.200000    0.524277   -0.324277 (VIOLATED)
gpio_in[32]                             0.200000    0.523882   -0.323882 (VIOLATED)
u_counter/count_oeb[4]                  0.200000    0.520721   -0.320721 (VIOLATED)
mask_rev[27]                            0.200000    0.516019   -0.316019 (VIOLATED)
mask_rev[2]                             0.200000    0.503761   -0.303761 (VIOLATED)
u_counter/count[1]                      0.200000    0.499981   -0.299981 (VIOLATED)
u_counter/count_oeb[2]                  0.200000    0.488812   -0.288812 (VIOLATED)
u_counter/count[5]                      0.200000    0.478510   -0.278510 (VIOLATED)
gpio_in[34]                             0.200000    0.475664   -0.275664 (VIOLATED)
u_counter/count[7]                      0.200000    0.471483   -0.271483 (VIOLATED)
resetb_l                                0.200000    0.468914   -0.268914 (VIOLATED)
u_counter/count_oeb[7]                  0.200000    0.451443   -0.251443 (VIOLATED)
u_counter/count_oeb[5]                  0.200000    0.429154   -0.229154 (VIOLATED)
u_counter/count[8]                      0.200000    0.423425   -0.223425 (VIOLATED)
u_counter/count[2]                      0.200000    0.412523   -0.212523 (VIOLATED)
u_counter/count_oeb[8]                  0.200000    0.403989   -0.203989 (VIOLATED)
gpio_in[35]                             0.200000    0.401617   -0.201617 (VIOLATED)
u_counter/count[9]                      0.200000    0.399094   -0.199094 (VIOLATED)
gpio_in[37]                             0.200000    0.383299   -0.183299 (VIOLATED)
u_counter/count_oeb[9]                  0.200000    0.379359   -0.179359 (VIOLATED)
u_counter/count_oeb[3]                  0.200000    0.376474   -0.176474 (VIOLATED)
u_counter/count[10]                     0.200000    0.357434   -0.157434 (VIOLATED)
gpio_in[36]                             0.200000    0.356826   -0.156826 (VIOLATED)
u_counter/count_oeb[10]                 0.200000    0.348265   -0.148265 (VIOLATED)
u_counter/count_oeb[1]                  0.200000    0.348161   -0.148161 (VIOLATED)
u_counter/count[0]                      0.200000    0.347913   -0.147913 (VIOLATED)
u_counter/count_oeb[14]                 0.200000    0.333680   -0.133680 (VIOLATED)
u_counter/count_oeb[0]                  0.200000    0.324751   -0.124751 (VIOLATED)
u_counter/count[11]                     0.200000    0.314764   -0.114764 (VIOLATED)
u_counter/count_oeb[15]                 0.200000    0.308732   -0.108732 (VIOLATED)
u_counter/count[15]                     0.200000    0.301439   -0.101439 (VIOLATED)
u_counter/count_oeb[11]                 0.200000    0.290730   -0.090730 (VIOLATED)
u_counter/count[12]                     0.200000    0.284438   -0.084438 (VIOLATED)
u_counter/count[14]                     0.200000    0.268760   -0.068760 (VIOLATED)
u_counter/count_oeb[12]                 0.200000    0.265531   -0.065531 (VIOLATED)
u_counter/count[13]                     0.200000    0.260075   -0.060075 (VIOLATED)
u_counter/count_oeb[13]                 0.200000    0.255200   -0.055200 (VIOLATED)



===========================================================================
report_parasitic_annotation -report_unannotated
============================================================================
Found 223 unannotated drivers.
 analog_io[0]
 analog_io[10]
 analog_io[11]
 analog_io[12]
 analog_io[13]
 analog_io[14]
 analog_io[15]
 analog_io[16]
 analog_io[17]
 analog_io[18]
 analog_io[19]
 analog_io[1]
 analog_io[20]
 analog_io[21]
 analog_io[22]
 analog_io[23]
 analog_io[24]
 analog_io[25]
 analog_io[26]
 analog_io[27]
 analog_io[28]
 analog_io[29]
 analog_io[2]
 analog_io[30]
 analog_io[31]
 analog_io[32]
 analog_io[33]
 analog_io[34]
 analog_io[35]
 analog_io[36]
 analog_io[37]
 analog_io[38]
 analog_io[39]
 analog_io[3]
 analog_io[40]
 analog_io[41]
 analog_io[42]
 analog_io[43]
 analog_io[4]
 analog_io[5]
 analog_io[6]
 analog_io[7]
 analog_io[8]
 analog_io[9]
 analog_noesd_io[0]
 analog_noesd_io[10]
 analog_noesd_io[11]
 analog_noesd_io[12]
 analog_noesd_io[13]
 analog_noesd_io[14]
 analog_noesd_io[15]
 analog_noesd_io[16]
 analog_noesd_io[17]
 analog_noesd_io[18]
 analog_noesd_io[19]
 analog_noesd_io[1]
 analog_noesd_io[20]
 analog_noesd_io[21]
 analog_noesd_io[22]
 analog_noesd_io[23]
 analog_noesd_io[24]
 analog_noesd_io[25]
 analog_noesd_io[26]
 analog_noesd_io[27]
 analog_noesd_io[28]
 analog_noesd_io[29]
 analog_noesd_io[2]
 analog_noesd_io[30]
 analog_noesd_io[31]
 analog_noesd_io[32]
 analog_noesd_io[33]
 analog_noesd_io[34]
 analog_noesd_io[35]
 analog_noesd_io[36]
 analog_noesd_io[37]
 analog_noesd_io[38]
 analog_noesd_io[39]
 analog_noesd_io[3]
 analog_noesd_io[40]
 analog_noesd_io[41]
 analog_noesd_io[42]
 analog_noesd_io[43]
 analog_noesd_io[4]
 analog_noesd_io[5]
 analog_noesd_io[6]
 analog_noesd_io[7]
 analog_noesd_io[8]
 analog_noesd_io[9]
 gpio_in_h[0]
 gpio_in_h[10]
 gpio_in_h[11]
 gpio_in_h[12]
 gpio_in_h[13]
 gpio_in_h[14]
 gpio_in_h[15]
 gpio_in_h[16]
 gpio_in_h[17]
 gpio_in_h[18]
 gpio_in_h[19]
 gpio_in_h[1]
 gpio_in_h[20]
 gpio_in_h[21]
 gpio_in_h[22]
 gpio_in_h[23]
 gpio_in_h[24]
 gpio_in_h[25]
 gpio_in_h[26]
 gpio_in_h[27]
 gpio_in_h[28]
 gpio_in_h[29]
 gpio_in_h[2]
 gpio_in_h[30]
 gpio_in_h[31]
 gpio_in_h[32]
 gpio_in_h[33]
 gpio_in_h[34]
 gpio_in_h[35]
 gpio_in_h[36]
 gpio_in_h[37]
 gpio_in_h[38]
 gpio_in_h[39]
 gpio_in_h[3]
 gpio_in_h[40]
 gpio_in_h[41]
 gpio_in_h[42]
 gpio_in_h[43]
 gpio_in_h[4]
 gpio_in_h[5]
 gpio_in_h[6]
 gpio_in_h[7]
 gpio_in_h[8]
 gpio_in_h[9]
 gpio_loopback_one[0]
 gpio_loopback_one[10]
 gpio_loopback_one[11]
 gpio_loopback_one[12]
 gpio_loopback_one[13]
 gpio_loopback_one[14]
 gpio_loopback_one[15]
 gpio_loopback_one[16]
 gpio_loopback_one[17]
 gpio_loopback_one[18]
 gpio_loopback_one[19]
 gpio_loopback_one[1]
 gpio_loopback_one[20]
 gpio_loopback_one[21]
 gpio_loopback_one[22]
 gpio_loopback_one[23]
 gpio_loopback_one[24]
 gpio_loopback_one[25]
 gpio_loopback_one[26]
 gpio_loopback_one[27]
 gpio_loopback_one[28]
 gpio_loopback_one[29]
 gpio_loopback_one[2]
 gpio_loopback_one[30]
 gpio_loopback_one[31]
 gpio_loopback_one[32]
 gpio_loopback_one[33]
 gpio_loopback_one[34]
 gpio_loopback_one[35]
 gpio_loopback_one[36]
 gpio_loopback_one[37]
 gpio_loopback_one[38]
 gpio_loopback_one[39]
 gpio_loopback_one[3]
 gpio_loopback_one[40]
 gpio_loopback_one[41]
 gpio_loopback_one[42]
 gpio_loopback_one[43]
 gpio_loopback_one[4]
 gpio_loopback_one[5]
 gpio_loopback_one[6]
 gpio_loopback_one[7]
 gpio_loopback_one[8]
 gpio_loopback_one[9]
 gpio_loopback_zero[0]
 gpio_loopback_zero[10]
 gpio_loopback_zero[11]
 gpio_loopback_zero[12]
 gpio_loopback_zero[13]
 gpio_loopback_zero[14]
 gpio_loopback_zero[15]
 gpio_loopback_zero[16]
 gpio_loopback_zero[17]
 gpio_loopback_zero[18]
 gpio_loopback_zero[19]
 gpio_loopback_zero[1]
 gpio_loopback_zero[20]
 gpio_loopback_zero[21]
 gpio_loopback_zero[22]
 gpio_loopback_zero[23]
 gpio_loopback_zero[24]
 gpio_loopback_zero[25]
 gpio_loopback_zero[26]
 gpio_loopback_zero[27]
 gpio_loopback_zero[28]
 gpio_loopback_zero[29]
 gpio_loopback_zero[2]
 gpio_loopback_zero[30]
 gpio_loopback_zero[31]
 gpio_loopback_zero[32]
 gpio_loopback_zero[33]
 gpio_loopback_zero[34]
 gpio_loopback_zero[35]
 gpio_loopback_zero[36]
 gpio_loopback_zero[37]
 gpio_loopback_zero[38]
 gpio_loopback_zero[39]
 gpio_loopback_zero[3]
 gpio_loopback_zero[40]
 gpio_loopback_zero[41]
 gpio_loopback_zero[42]
 gpio_loopback_zero[43]
 gpio_loopback_zero[4]
 gpio_loopback_zero[5]
 gpio_loopback_zero[6]
 gpio_loopback_zero[7]
 gpio_loopback_zero[8]
 gpio_loopback_zero[9]
 por_l
 porb_h
 resetb_h
Found 76 partially unannotated drivers.
 gpio_in[0]
  u_soc/gpio_in[43]
 gpio_in[10]
  u_soc/gpio_in[33]
 gpio_in[11]
  u_soc/gpio_in[32]
 gpio_in[12]
  u_soc/gpio_in[31]
 gpio_in[13]
  u_soc/gpio_in[30]
 gpio_in[14]
  u_soc/gpio_in[29]
 gpio_in[15]
  u_soc/gpio_in[28]
 gpio_in[16]
  u_soc/gpio_in[27]
 gpio_in[17]
  u_soc/gpio_in[26]
 gpio_in[18]
  u_soc/gpio_in[25]
 gpio_in[19]
  u_soc/gpio_in[24]
 gpio_in[1]
  u_soc/gpio_in[42]
 gpio_in[20]
  u_soc/gpio_in[23]
 gpio_in[21]
  u_soc/gpio_in[22]
 gpio_in[22]
  u_soc/gpio_in[21]
 gpio_in[23]
  u_soc/gpio_in[20]
 gpio_in[24]
  u_soc/gpio_in[19]
 gpio_in[25]
  u_soc/gpio_in[18]
 gpio_in[26]
  u_soc/gpio_in[17]
 gpio_in[27]
  u_soc/gpio_in[16]
 gpio_in[28]
  u_soc/gpio_in[15]
 gpio_in[29]
  u_soc/gpio_in[14]
 gpio_in[2]
  u_soc/gpio_in[41]
 gpio_in[30]
  u_soc/gpio_in[13]
 gpio_in[31]
  u_soc/gpio_in[12]
 gpio_in[32]
  u_soc/gpio_in[11]
 gpio_in[33]
  u_soc/gpio_in[10]
 gpio_in[34]
  u_soc/gpio_in[9]
 gpio_in[35]
  u_soc/gpio_in[8]
 gpio_in[36]
  u_soc/gpio_in[7]
 gpio_in[37]
  u_soc/gpio_in[6]
 gpio_in[38]
  u_soc/gpio_in[5]
 gpio_in[39]
  u_soc/gpio_in[4]
 gpio_in[3]
  u_soc/gpio_in[40]
 gpio_in[40]
  u_soc/gpio_in[3]
 gpio_in[41]
  u_soc/gpio_in[2]
 gpio_in[42]
  u_soc/gpio_in[1]
 gpio_in[43]
  u_soc/gpio_in[0]
 gpio_in[4]
  u_soc/gpio_in[39]
 gpio_in[5]
  u_soc/gpio_in[38]
 gpio_in[6]
  u_soc/gpio_in[37]
 gpio_in[7]
  u_soc/gpio_in[36]
 gpio_in[8]
  u_soc/gpio_in[35]
 gpio_in[9]
  u_soc/gpio_in[34]
 mask_rev[0]
  u_soc/mask_rev[31]
 mask_rev[10]
  u_soc/mask_rev[21]
 mask_rev[11]
  u_soc/mask_rev[20]
 mask_rev[12]
  u_soc/mask_rev[19]
 mask_rev[13]
  u_soc/mask_rev[18]
 mask_rev[14]
  u_soc/mask_rev[17]
 mask_rev[15]
  u_soc/mask_rev[16]
 mask_rev[16]
  u_soc/mask_rev[15]
 mask_rev[17]
  u_soc/mask_rev[14]
 mask_rev[18]
  u_soc/mask_rev[13]
 mask_rev[19]
  u_soc/mask_rev[12]
 mask_rev[1]
  u_soc/mask_rev[30]
 mask_rev[20]
  u_soc/mask_rev[11]
 mask_rev[21]
  u_soc/mask_rev[10]
 mask_rev[22]
  u_soc/mask_rev[9]
 mask_rev[23]
  u_soc/mask_rev[8]
 mask_rev[24]
  u_soc/mask_rev[7]
 mask_rev[25]
  u_soc/mask_rev[6]
 mask_rev[26]
  u_soc/mask_rev[5]
 mask_rev[27]
  u_soc/mask_rev[4]
 mask_rev[28]
  u_soc/mask_rev[3]
 mask_rev[29]
  u_soc/mask_rev[2]
 mask_rev[2]
  u_soc/mask_rev[29]
 mask_rev[30]
  u_soc/mask_rev[1]
 mask_rev[31]
  u_soc/mask_rev[0]
 mask_rev[3]
  u_soc/mask_rev[28]
 mask_rev[4]
  u_soc/mask_rev[27]
 mask_rev[5]
  u_soc/mask_rev[26]
 mask_rev[6]
  u_soc/mask_rev[25]
 mask_rev[7]
  u_soc/mask_rev[24]
 mask_rev[8]
  u_soc/mask_rev[23]
 mask_rev[9]
  u_soc/mask_rev[22]

===========================================================================
max slew violation count 190
max fanout violation count 0
max cap violation count 104
============================================================================

===========================================================================
check_setup -verbose -unconstrained_endpoints -multiple_clock -no_clock -no_input_delay -loops -generated_clocks
===========================================================================
Warning: There is 1 unclocked register/latch pin.
  u_counter/clk
Warning: There are 660 unconstrained endpoints.
  analog_io[0]
  analog_io[10]
  analog_io[11]
  analog_io[12]
  analog_io[13]
  analog_io[14]
  analog_io[15]
  analog_io[16]
  analog_io[17]
  analog_io[18]
  analog_io[19]
  analog_io[1]
  analog_io[20]
  analog_io[21]
  analog_io[22]
  analog_io[23]
  analog_io[24]
  analog_io[25]
  analog_io[26]
  analog_io[27]
  analog_io[28]
  analog_io[29]
  analog_io[2]
  analog_io[30]
  analog_io[31]
  analog_io[32]
  analog_io[33]
  analog_io[34]
  analog_io[35]
  analog_io[36]
  analog_io[37]
  analog_io[38]
  analog_io[39]
  analog_io[3]
  analog_io[40]
  analog_io[41]
  analog_io[42]
  analog_io[43]
  analog_io[4]
  analog_io[5]
  analog_io[6]
  analog_io[7]
  analog_io[8]
  analog_io[9]
  analog_noesd_io[0]
  analog_noesd_io[10]
  analog_noesd_io[11]
  analog_noesd_io[12]
  analog_noesd_io[13]
  analog_noesd_io[14]
  analog_noesd_io[15]
  analog_noesd_io[16]
  analog_noesd_io[17]
  analog_noesd_io[18]
  analog_noesd_io[19]
  analog_noesd_io[1]
  analog_noesd_io[20]
  analog_noesd_io[21]
  analog_noesd_io[22]
  analog_noesd_io[23]
  analog_noesd_io[24]
  analog_noesd_io[25]
  analog_noesd_io[26]
  analog_noesd_io[27]
  analog_noesd_io[28]
  analog_noesd_io[29]
  analog_noesd_io[2]
  analog_noesd_io[30]
  analog_noesd_io[31]
  analog_noesd_io[32]
  analog_noesd_io[33]
  analog_noesd_io[34]
  analog_noesd_io[35]
  analog_noesd_io[36]
  analog_noesd_io[37]
  analog_noesd_io[38]
  analog_noesd_io[39]
  analog_noesd_io[3]
  analog_noesd_io[40]
  analog_noesd_io[41]
  analog_noesd_io[42]
  analog_noesd_io[43]
  analog_noesd_io[4]
  analog_noesd_io[5]
  analog_noesd_io[6]
  analog_noesd_io[7]
  analog_noesd_io[8]
  analog_noesd_io[9]
  gpio_analog_en[0]
  gpio_analog_en[10]
  gpio_analog_en[11]
  gpio_analog_en[12]
  gpio_analog_en[13]
  gpio_analog_en[14]
  gpio_analog_en[15]
  gpio_analog_en[16]
  gpio_analog_en[17]
  gpio_analog_en[18]
  gpio_analog_en[19]
  gpio_analog_en[1]
  gpio_analog_en[20]
  gpio_analog_en[21]
  gpio_analog_en[22]
  gpio_analog_en[23]
  gpio_analog_en[24]
  gpio_analog_en[25]
  gpio_analog_en[26]
  gpio_analog_en[27]
  gpio_analog_en[28]
  gpio_analog_en[29]
  gpio_analog_en[2]
  gpio_analog_en[30]
  gpio_analog_en[31]
  gpio_analog_en[32]
  gpio_analog_en[33]
  gpio_analog_en[34]
  gpio_analog_en[35]
  gpio_analog_en[36]
  gpio_analog_en[37]
  gpio_analog_en[38]
  gpio_analog_en[39]
  gpio_analog_en[3]
  gpio_analog_en[40]
  gpio_analog_en[41]
  gpio_analog_en[42]
  gpio_analog_en[43]
  gpio_analog_en[4]
  gpio_analog_en[5]
  gpio_analog_en[6]
  gpio_analog_en[7]
  gpio_analog_en[8]
  gpio_analog_en[9]
  gpio_analog_pol[0]
  gpio_analog_pol[10]
  gpio_analog_pol[11]
  gpio_analog_pol[12]
  gpio_analog_pol[13]
  gpio_analog_pol[14]
  gpio_analog_pol[15]
  gpio_analog_pol[16]
  gpio_analog_pol[17]
  gpio_analog_pol[18]
  gpio_analog_pol[19]
  gpio_analog_pol[1]
  gpio_analog_pol[20]
  gpio_analog_pol[21]
  gpio_analog_pol[22]
  gpio_analog_pol[23]
  gpio_analog_pol[24]
  gpio_analog_pol[25]
  gpio_analog_pol[26]
  gpio_analog_pol[27]
  gpio_analog_pol[28]
  gpio_analog_pol[29]
  gpio_analog_pol[2]
  gpio_analog_pol[30]
  gpio_analog_pol[31]
  gpio_analog_pol[32]
  gpio_analog_pol[33]
  gpio_analog_pol[34]
  gpio_analog_pol[35]
  gpio_analog_pol[36]
  gpio_analog_pol[37]
  gpio_analog_pol[38]
  gpio_analog_pol[39]
  gpio_analog_pol[3]
  gpio_analog_pol[40]
  gpio_analog_pol[41]
  gpio_analog_pol[42]
  gpio_analog_pol[43]
  gpio_analog_pol[4]
  gpio_analog_pol[5]
  gpio_analog_pol[6]
  gpio_analog_pol[7]
  gpio_analog_pol[8]
  gpio_analog_pol[9]
  gpio_analog_sel[0]
  gpio_analog_sel[10]
  gpio_analog_sel[11]
  gpio_analog_sel[12]
  gpio_analog_sel[13]
  gpio_analog_sel[14]
  gpio_analog_sel[15]
  gpio_analog_sel[16]
  gpio_analog_sel[17]
  gpio_analog_sel[18]
  gpio_analog_sel[19]
  gpio_analog_sel[1]
  gpio_analog_sel[20]
  gpio_analog_sel[21]
  gpio_analog_sel[22]
  gpio_analog_sel[23]
  gpio_analog_sel[24]
  gpio_analog_sel[25]
  gpio_analog_sel[26]
  gpio_analog_sel[27]
  gpio_analog_sel[28]
  gpio_analog_sel[29]
  gpio_analog_sel[2]
  gpio_analog_sel[30]
  gpio_analog_sel[31]
  gpio_analog_sel[32]
  gpio_analog_sel[33]
  gpio_analog_sel[34]
  gpio_analog_sel[35]
  gpio_analog_sel[36]
  gpio_analog_sel[37]
  gpio_analog_sel[38]
  gpio_analog_sel[39]
  gpio_analog_sel[3]
  gpio_analog_sel[40]
  gpio_analog_sel[41]
  gpio_analog_sel[42]
  gpio_analog_sel[43]
  gpio_analog_sel[4]
  gpio_analog_sel[5]
  gpio_analog_sel[6]
  gpio_analog_sel[7]
  gpio_analog_sel[8]
  gpio_analog_sel[9]
  gpio_dm0[0]
  gpio_dm0[10]
  gpio_dm0[11]
  gpio_dm0[12]
  gpio_dm0[13]
  gpio_dm0[14]
  gpio_dm0[15]
  gpio_dm0[16]
  gpio_dm0[17]
  gpio_dm0[18]
  gpio_dm0[19]
  gpio_dm0[1]
  gpio_dm0[20]
  gpio_dm0[21]
  gpio_dm0[22]
  gpio_dm0[23]
  gpio_dm0[24]
  gpio_dm0[25]
  gpio_dm0[26]
  gpio_dm0[27]
  gpio_dm0[28]
  gpio_dm0[29]
  gpio_dm0[2]
  gpio_dm0[30]
  gpio_dm0[31]
  gpio_dm0[32]
  gpio_dm0[33]
  gpio_dm0[34]
  gpio_dm0[35]
  gpio_dm0[36]
  gpio_dm0[37]
  gpio_dm0[38]
  gpio_dm0[39]
  gpio_dm0[3]
  gpio_dm0[40]
  gpio_dm0[41]
  gpio_dm0[42]
  gpio_dm0[43]
  gpio_dm0[4]
  gpio_dm0[5]
  gpio_dm0[6]
  gpio_dm0[7]
  gpio_dm0[8]
  gpio_dm0[9]
  gpio_dm1[0]
  gpio_dm1[10]
  gpio_dm1[11]
  gpio_dm1[12]
  gpio_dm1[13]
  gpio_dm1[14]
  gpio_dm1[15]
  gpio_dm1[16]
  gpio_dm1[17]
  gpio_dm1[18]
  gpio_dm1[19]
  gpio_dm1[1]
  gpio_dm1[20]
  gpio_dm1[21]
  gpio_dm1[22]
  gpio_dm1[23]
  gpio_dm1[24]
  gpio_dm1[25]
  gpio_dm1[26]
  gpio_dm1[27]
  gpio_dm1[28]
  gpio_dm1[29]
  gpio_dm1[2]
  gpio_dm1[30]
  gpio_dm1[31]
  gpio_dm1[32]
  gpio_dm1[33]
  gpio_dm1[34]
  gpio_dm1[35]
  gpio_dm1[36]
  gpio_dm1[37]
  gpio_dm1[38]
  gpio_dm1[39]
  gpio_dm1[3]
  gpio_dm1[40]
  gpio_dm1[41]
  gpio_dm1[42]
  gpio_dm1[43]
  gpio_dm1[4]
  gpio_dm1[5]
  gpio_dm1[6]
  gpio_dm1[7]
  gpio_dm1[8]
  gpio_dm1[9]
  gpio_dm2[0]
  gpio_dm2[10]
  gpio_dm2[11]
  gpio_dm2[12]
  gpio_dm2[13]
  gpio_dm2[14]
  gpio_dm2[15]
  gpio_dm2[16]
  gpio_dm2[17]
  gpio_dm2[18]
  gpio_dm2[19]
  gpio_dm2[1]
  gpio_dm2[20]
  gpio_dm2[21]
  gpio_dm2[22]
  gpio_dm2[23]
  gpio_dm2[24]
  gpio_dm2[25]
  gpio_dm2[26]
  gpio_dm2[27]
  gpio_dm2[28]
  gpio_dm2[29]
  gpio_dm2[2]
  gpio_dm2[30]
  gpio_dm2[31]
  gpio_dm2[32]
  gpio_dm2[33]
  gpio_dm2[34]
  gpio_dm2[35]
  gpio_dm2[36]
  gpio_dm2[37]
  gpio_dm2[38]
  gpio_dm2[39]
  gpio_dm2[3]
  gpio_dm2[40]
  gpio_dm2[41]
  gpio_dm2[42]
  gpio_dm2[43]
  gpio_dm2[4]
  gpio_dm2[5]
  gpio_dm2[6]
  gpio_dm2[7]
  gpio_dm2[8]
  gpio_dm2[9]
  gpio_holdover[0]
  gpio_holdover[10]
  gpio_holdover[11]
  gpio_holdover[12]
  gpio_holdover[13]
  gpio_holdover[14]
  gpio_holdover[15]
  gpio_holdover[16]
  gpio_holdover[17]
  gpio_holdover[18]
  gpio_holdover[19]
  gpio_holdover[1]
  gpio_holdover[20]
  gpio_holdover[21]
  gpio_holdover[22]
  gpio_holdover[23]
  gpio_holdover[24]
  gpio_holdover[25]
  gpio_holdover[26]
  gpio_holdover[27]
  gpio_holdover[28]
  gpio_holdover[29]
  gpio_holdover[2]
  gpio_holdover[30]
  gpio_holdover[31]
  gpio_holdover[32]
  gpio_holdover[33]
  gpio_holdover[34]
  gpio_holdover[35]
  gpio_holdover[36]
  gpio_holdover[37]
  gpio_holdover[38]
  gpio_holdover[39]
  gpio_holdover[3]
  gpio_holdover[40]
  gpio_holdover[41]
  gpio_holdover[42]
  gpio_holdover[43]
  gpio_holdover[4]
  gpio_holdover[5]
  gpio_holdover[6]
  gpio_holdover[7]
  gpio_holdover[8]
  gpio_holdover[9]
  gpio_ib_mode_sel[0]
  gpio_ib_mode_sel[10]
  gpio_ib_mode_sel[11]
  gpio_ib_mode_sel[12]
  gpio_ib_mode_sel[13]
  gpio_ib_mode_sel[14]
  gpio_ib_mode_sel[15]
  gpio_ib_mode_sel[16]
  gpio_ib_mode_sel[17]
  gpio_ib_mode_sel[18]
  gpio_ib_mode_sel[19]
  gpio_ib_mode_sel[1]
  gpio_ib_mode_sel[20]
  gpio_ib_mode_sel[21]
  gpio_ib_mode_sel[22]
  gpio_ib_mode_sel[23]
  gpio_ib_mode_sel[24]
  gpio_ib_mode_sel[25]
  gpio_ib_mode_sel[26]
  gpio_ib_mode_sel[27]
  gpio_ib_mode_sel[28]
  gpio_ib_mode_sel[29]
  gpio_ib_mode_sel[2]
  gpio_ib_mode_sel[30]
  gpio_ib_mode_sel[31]
  gpio_ib_mode_sel[32]
  gpio_ib_mode_sel[33]
  gpio_ib_mode_sel[34]
  gpio_ib_mode_sel[35]
  gpio_ib_mode_sel[36]
  gpio_ib_mode_sel[37]
  gpio_ib_mode_sel[38]
  gpio_ib_mode_sel[39]
  gpio_ib_mode_sel[3]
  gpio_ib_mode_sel[40]
  gpio_ib_mode_sel[41]
  gpio_ib_mode_sel[42]
  gpio_ib_mode_sel[43]
  gpio_ib_mode_sel[4]
  gpio_ib_mode_sel[5]
  gpio_ib_mode_sel[6]
  gpio_ib_mode_sel[7]
  gpio_ib_mode_sel[8]
  gpio_ib_mode_sel[9]
  gpio_inp_dis[0]
  gpio_inp_dis[10]
  gpio_inp_dis[11]
  gpio_inp_dis[12]
  gpio_inp_dis[13]
  gpio_inp_dis[14]
  gpio_inp_dis[15]
  gpio_inp_dis[16]
  gpio_inp_dis[17]
  gpio_inp_dis[18]
  gpio_inp_dis[19]
  gpio_inp_dis[1]
  gpio_inp_dis[20]
  gpio_inp_dis[21]
  gpio_inp_dis[22]
  gpio_inp_dis[23]
  gpio_inp_dis[24]
  gpio_inp_dis[25]
  gpio_inp_dis[26]
  gpio_inp_dis[27]
  gpio_inp_dis[28]
  gpio_inp_dis[29]
  gpio_inp_dis[2]
  gpio_inp_dis[30]
  gpio_inp_dis[31]
  gpio_inp_dis[32]
  gpio_inp_dis[33]
  gpio_inp_dis[34]
  gpio_inp_dis[35]
  gpio_inp_dis[36]
  gpio_inp_dis[37]
  gpio_inp_dis[38]
  gpio_inp_dis[39]
  gpio_inp_dis[3]
  gpio_inp_dis[40]
  gpio_inp_dis[41]
  gpio_inp_dis[42]
  gpio_inp_dis[43]
  gpio_inp_dis[4]
  gpio_inp_dis[5]
  gpio_inp_dis[6]
  gpio_inp_dis[7]
  gpio_inp_dis[8]
  gpio_inp_dis[9]
  gpio_oeb[0]
  gpio_oeb[10]
  gpio_oeb[11]
  gpio_oeb[12]
  gpio_oeb[13]
  gpio_oeb[14]
  gpio_oeb[15]
  gpio_oeb[16]
  gpio_oeb[17]
  gpio_oeb[18]
  gpio_oeb[19]
  gpio_oeb[1]
  gpio_oeb[20]
  gpio_oeb[21]
  gpio_oeb[22]
  gpio_oeb[23]
  gpio_oeb[24]
  gpio_oeb[25]
  gpio_oeb[26]
  gpio_oeb[27]
  gpio_oeb[28]
  gpio_oeb[29]
  gpio_oeb[2]
  gpio_oeb[30]
  gpio_oeb[31]
  gpio_oeb[32]
  gpio_oeb[33]
  gpio_oeb[34]
  gpio_oeb[35]
  gpio_oeb[36]
  gpio_oeb[37]
  gpio_oeb[38]
  gpio_oeb[39]
  gpio_oeb[3]
  gpio_oeb[40]
  gpio_oeb[41]
  gpio_oeb[42]
  gpio_oeb[43]
  gpio_oeb[4]
  gpio_oeb[5]
  gpio_oeb[6]
  gpio_oeb[7]
  gpio_oeb[8]
  gpio_oeb[9]
  gpio_out[0]
  gpio_out[10]
  gpio_out[11]
  gpio_out[12]
  gpio_out[13]
  gpio_out[14]
  gpio_out[15]
  gpio_out[16]
  gpio_out[17]
  gpio_out[18]
  gpio_out[19]
  gpio_out[1]
  gpio_out[20]
  gpio_out[21]
  gpio_out[22]
  gpio_out[23]
  gpio_out[24]
  gpio_out[25]
  gpio_out[26]
  gpio_out[27]
  gpio_out[28]
  gpio_out[29]
  gpio_out[2]
  gpio_out[30]
  gpio_out[31]
  gpio_out[32]
  gpio_out[33]
  gpio_out[34]
  gpio_out[35]
  gpio_out[36]
  gpio_out[37]
  gpio_out[38]
  gpio_out[39]
  gpio_out[3]
  gpio_out[40]
  gpio_out[41]
  gpio_out[42]
  gpio_out[43]
  gpio_out[4]
  gpio_out[5]
  gpio_out[6]
  gpio_out[7]
  gpio_out[8]
  gpio_out[9]
  gpio_slow_sel[0]
  gpio_slow_sel[10]
  gpio_slow_sel[11]
  gpio_slow_sel[12]
  gpio_slow_sel[13]
  gpio_slow_sel[14]
  gpio_slow_sel[15]
  gpio_slow_sel[16]
  gpio_slow_sel[17]
  gpio_slow_sel[18]
  gpio_slow_sel[19]
  gpio_slow_sel[1]
  gpio_slow_sel[20]
  gpio_slow_sel[21]
  gpio_slow_sel[22]
  gpio_slow_sel[23]
  gpio_slow_sel[24]
  gpio_slow_sel[25]
  gpio_slow_sel[26]
  gpio_slow_sel[27]
  gpio_slow_sel[28]
  gpio_slow_sel[29]
  gpio_slow_sel[2]
  gpio_slow_sel[30]
  gpio_slow_sel[31]
  gpio_slow_sel[32]
  gpio_slow_sel[33]
  gpio_slow_sel[34]
  gpio_slow_sel[35]
  gpio_slow_sel[36]
  gpio_slow_sel[37]
  gpio_slow_sel[38]
  gpio_slow_sel[39]
  gpio_slow_sel[3]
  gpio_slow_sel[40]
  gpio_slow_sel[41]
  gpio_slow_sel[42]
  gpio_slow_sel[43]
  gpio_slow_sel[4]
  gpio_slow_sel[5]
  gpio_slow_sel[6]
  gpio_slow_sel[7]
  gpio_slow_sel[8]
  gpio_slow_sel[9]
  gpio_vtrip_sel[0]
  gpio_vtrip_sel[10]
  gpio_vtrip_sel[11]
  gpio_vtrip_sel[12]
  gpio_vtrip_sel[13]
  gpio_vtrip_sel[14]
  gpio_vtrip_sel[15]
  gpio_vtrip_sel[16]
  gpio_vtrip_sel[17]
  gpio_vtrip_sel[18]
  gpio_vtrip_sel[19]
  gpio_vtrip_sel[1]
  gpio_vtrip_sel[20]
  gpio_vtrip_sel[21]
  gpio_vtrip_sel[22]
  gpio_vtrip_sel[23]
  gpio_vtrip_sel[24]
  gpio_vtrip_sel[25]
  gpio_vtrip_sel[26]
  gpio_vtrip_sel[27]
  gpio_vtrip_sel[28]
  gpio_vtrip_sel[29]
  gpio_vtrip_sel[2]
  gpio_vtrip_sel[30]
  gpio_vtrip_sel[31]
  gpio_vtrip_sel[32]
  gpio_vtrip_sel[33]
  gpio_vtrip_sel[34]
  gpio_vtrip_sel[35]
  gpio_vtrip_sel[36]
  gpio_vtrip_sel[37]
  gpio_vtrip_sel[38]
  gpio_vtrip_sel[39]
  gpio_vtrip_sel[3]
  gpio_vtrip_sel[40]
  gpio_vtrip_sel[41]
  gpio_vtrip_sel[42]
  gpio_vtrip_sel[43]
  gpio_vtrip_sel[4]
  gpio_vtrip_sel[5]
  gpio_vtrip_sel[6]
  gpio_vtrip_sel[7]
  gpio_vtrip_sel[8]
  gpio_vtrip_sel[9]
