
===========================================================================
report_checks -unconstrained
===========================================================================
======================= nom_ss_100C_1v60 Corner ===================================

Startpoint: _091_ (rising edge-triggered flip-flop clocked by clk)
Endpoint: _103_ (rising edge-triggered flip-flop clocked by clk)
Path Group: clk
Path Type: max

Fanout         Cap        Slew       Delay        Time   Description
---------------------------------------------------------------------------------------------
                                  0.000000    0.000000   clock clk (rise edge)
                                  0.000000    0.000000   clock source latency
     2    0.047218    0.000000    0.000000    0.000000 ^ clk (in)
                                                         clk (net)
                      0.013794    0.006897    0.006897 ^ clkbuf_0_clk/A (sky130_fd_sc_hd__clkbuf_16)
     2    0.022704    0.070730    0.200612    0.207509 ^ clkbuf_0_clk/X (sky130_fd_sc_hd__clkbuf_16)
                                                         clknet_0_clk (net)
                      0.070731    0.000473    0.207982 ^ clkbuf_1_0__f_clk/A (sky130_fd_sc_hd__clkbuf_16)
     8    0.025114    0.073888    0.228920    0.436902 ^ clkbuf_1_0__f_clk/X (sky130_fd_sc_hd__clkbuf_16)
                                                         clknet_1_0__leaf_clk (net)
                      0.073918    0.001258    0.438160 ^ _091_/CLK (sky130_fd_sc_hd__dfxtp_1)
     7    0.022445    0.341874    0.831119    1.269279 ^ _091_/Q (sky130_fd_sc_hd__dfxtp_1)
                                                         net9 (net)
                      0.341874    0.000510    1.269789 ^ _054_/B (sky130_fd_sc_hd__and4_2)
     7    0.023199    0.249348    0.703740    1.973529 ^ _054_/X (sky130_fd_sc_hd__and4_2)
                                                         _022_ (net)
                      0.249348    0.000851    1.974379 ^ _065_/C (sky130_fd_sc_hd__and4_1)
     5    0.017916    0.302327    0.626070    2.600449 ^ _065_/X (sky130_fd_sc_hd__and4_1)
                                                         _029_ (net)
                      0.302327    0.000560    2.601009 ^ _074_/D (sky130_fd_sc_hd__and4_2)
     9    0.032927    0.321297    0.767705    3.368714 ^ _074_/X (sky130_fd_sc_hd__and4_2)
                                                         _035_ (net)
                      0.321302    0.001879    3.370593 ^ _083_/D (sky130_fd_sc_hd__and4_1)
     2    0.006442    0.149408    0.520248    3.890841 ^ _083_/X (sky130_fd_sc_hd__and4_1)
                                                         _041_ (net)
                      0.149408    0.000157    3.890998 ^ _084_/A_N (sky130_fd_sc_hd__and3b_1)
     1    0.002232    0.065169    0.375024    4.266022 v _084_/X (sky130_fd_sc_hd__and3b_1)
                                                         _013_ (net)
                      0.065169    0.000064    4.266086 v _103_/D (sky130_fd_sc_hd__dfxtp_1)
                                              4.266086   data arrival time

                                 25.000000   25.000000   clock clk (rise edge)
                                  0.000000   25.000000   clock source latency
     2    0.047218    0.000000    0.000000   25.000000 ^ clk (in)
                                                         clk (net)
                      0.013794    0.006898   25.006897 ^ clkbuf_0_clk/A (sky130_fd_sc_hd__clkbuf_16)
     2    0.022704    0.070730    0.200611   25.207508 ^ clkbuf_0_clk/X (sky130_fd_sc_hd__clkbuf_16)
                                                         clknet_0_clk (net)
                      0.070732    0.000609   25.208117 ^ clkbuf_1_1__f_clk/A (sky130_fd_sc_hd__clkbuf_16)
     8    0.027979    0.077666    0.233122   25.441238 ^ clkbuf_1_1__f_clk/X (sky130_fd_sc_hd__clkbuf_16)
                                                         clknet_1_1__leaf_clk (net)
                      0.077676    0.000849   25.442089 ^ _103_/CLK (sky130_fd_sc_hd__dfxtp_1)
                                 -0.250000   25.192089   clock uncertainty
                                  0.000000   25.192089   clock reconvergence pessimism
                                 -0.264904   24.927185   library setup time
                                             24.927185   data required time
---------------------------------------------------------------------------------------------
                                             24.927185   data required time
                                             -4.266086   data arrival time
---------------------------------------------------------------------------------------------
                                             20.661098   slack (MET)




===========================================================================
report_checks --slack_max -0.01
============================================================================
======================= nom_ss_100C_1v60 Corner ===================================

No paths found.


===========================================================================
 report_check_types -max_slew -max_cap -max_fanout -violators
============================================================================
======================= nom_ss_100C_1v60 Corner ===================================



===========================================================================
report_parasitic_annotation -report_unannotated
============================================================================
Found 16 unannotated drivers.
 counter_macro_18/HI
 counter_macro_19/HI
 counter_macro_20/HI
 counter_macro_21/HI
 counter_macro_22/HI
 counter_macro_23/HI
 counter_macro_24/HI
 counter_macro_25/HI
 counter_macro_26/HI
 counter_macro_27/HI
 counter_macro_28/HI
 counter_macro_29/HI
 counter_macro_30/HI
 counter_macro_31/HI
 counter_macro_32/HI
 counter_macro_33/HI
Found 0 partially unannotated drivers.

===========================================================================
max slew violation count 0
max fanout violation count 0
max cap violation count 0
============================================================================

===========================================================================
check_setup -verbose -unconstrained_endpoints -multiple_clock -no_clock -no_input_delay -loops -generated_clocks
===========================================================================
Warning: There are 16 unconstrained endpoints.
  count_oeb[0]
  count_oeb[10]
  count_oeb[11]
  count_oeb[12]
  count_oeb[13]
  count_oeb[14]
  count_oeb[15]
  count_oeb[1]
  count_oeb[2]
  count_oeb[3]
  count_oeb[4]
  count_oeb[5]
  count_oeb[6]
  count_oeb[7]
  count_oeb[8]
  count_oeb[9]
