Clock: clk
Sources: clk 
Generated: no
Virtual: yes
Propagated: no
Period: 25.000000

===========================================================================
report_clock_properties
============================================================================
Clock                   Period          Waveform
----------------------------------------------------
clk                  25.000000    0.000000 12.500000

===========================================================================
report_clock_latency
============================================================================
Clock clk
rise -> rise
    min     max
0.000000 0.000000 source latency
0.437476         network latency _096_/CLK
        0.442107 network latency _105_/CLK
---------------
0.437476 0.442107 latency
        0.004631 skew

fall -> fall
    min     max
0.000000 0.000000 source latency
0.495789         network latency _096_/CLK
        0.499740 network latency _105_/CLK
---------------
0.495789 0.499740 latency
        0.003951 skew



===========================================================================
report_clock_min_period
============================================================================
clk period_min = 4.34 fmax = 230.47
