
===========================================================================
report_checks -path_delay min (Hold)
============================================================================
======================= nom_ss_100C_1v60 Corner ===================================

Startpoint: _101_ (rising edge-triggered flip-flop clocked by clk)
Endpoint: _105_ (rising edge-triggered flip-flop clocked by clk)
Path Group: clk
Path Type: min

Fanout         Cap        Slew       Delay        Time   Description
---------------------------------------------------------------------------------------------
                                  0.000000    0.000000   clock clk (rise edge)
                                  0.000000    0.000000   clock source latency
     2    0.047218    0.000000    0.000000    0.000000 ^ clk (in)
                                                         clk (net)
                      0.013794    0.006897    0.006897 ^ clkbuf_0_clk/A (sky130_fd_sc_hd__clkbuf_16)
     2    0.022704    0.070730    0.200612    0.207509 ^ clkbuf_0_clk/X (sky130_fd_sc_hd__clkbuf_16)
                                                         clknet_0_clk (net)
                      0.070732    0.000610    0.208119 ^ clkbuf_1_1__f_clk/A (sky130_fd_sc_hd__clkbuf_16)
     8    0.027979    0.077666    0.233122    0.441240 ^ clkbuf_1_1__f_clk/X (sky130_fd_sc_hd__clkbuf_16)
                                                         clknet_1_1__leaf_clk (net)
                      0.077666    0.000400    0.441640 ^ _101_/CLK (sky130_fd_sc_hd__dfxtp_2)
     9    0.024062    0.121560    0.683447    1.125087 v _101_/Q (sky130_fd_sc_hd__dfxtp_2)
                                                         net4 (net)
                      0.121560    0.000566    1.125654 v _086_/A (sky130_fd_sc_hd__nand3_1)
     2    0.006514    0.132354    0.166562    1.292216 ^ _086_/Y (sky130_fd_sc_hd__nand3_1)
                                                         _043_ (net)
                      0.132354    0.000158    1.292374 ^ _089_/A2 (sky130_fd_sc_hd__a21oi_1)
     1    0.002803    0.046072    0.152717    1.445090 v _089_/Y (sky130_fd_sc_hd__a21oi_1)
                                                         _015_ (net)
                      0.046072    0.000061    1.445151 v _105_/D (sky130_fd_sc_hd__dfxtp_1)
                                              1.445151   data arrival time

                                  0.000000    0.000000   clock clk (rise edge)
                                  0.000000    0.000000   clock source latency
     2    0.047218    0.000000    0.000000    0.000000 ^ clk (in)
                                                         clk (net)
                      0.013794    0.006897    0.006897 ^ clkbuf_0_clk/A (sky130_fd_sc_hd__clkbuf_16)
     2    0.022704    0.070730    0.200612    0.207509 ^ clkbuf_0_clk/X (sky130_fd_sc_hd__clkbuf_16)
                                                         clknet_0_clk (net)
                      0.070732    0.000610    0.208119 ^ clkbuf_1_1__f_clk/A (sky130_fd_sc_hd__clkbuf_16)
     8    0.027979    0.077666    0.233122    0.441240 ^ clkbuf_1_1__f_clk/X (sky130_fd_sc_hd__clkbuf_16)
                                                         clknet_1_1__leaf_clk (net)
                      0.077676    0.000867    0.442107 ^ _105_/CLK (sky130_fd_sc_hd__dfxtp_1)
                                  0.250000    0.692107   clock uncertainty
                                  0.000000    0.692107   clock reconvergence pessimism
                                 -0.094248    0.597859   library hold time
                                              0.597859   data required time
---------------------------------------------------------------------------------------------
                                              0.597859   data required time
                                             -1.445151   data arrival time
---------------------------------------------------------------------------------------------
                                              0.847292   slack (MET)


Startpoint: _101_ (rising edge-triggered flip-flop clocked by clk)
Endpoint: _102_ (rising edge-triggered flip-flop clocked by clk)
Path Group: clk
Path Type: min

Fanout         Cap        Slew       Delay        Time   Description
---------------------------------------------------------------------------------------------
                                  0.000000    0.000000   clock clk (rise edge)
                                  0.000000    0.000000   clock source latency
     2    0.047218    0.000000    0.000000    0.000000 ^ clk (in)
                                                         clk (net)
                      0.013794    0.006897    0.006897 ^ clkbuf_0_clk/A (sky130_fd_sc_hd__clkbuf_16)
     2    0.022704    0.070730    0.200612    0.207509 ^ clkbuf_0_clk/X (sky130_fd_sc_hd__clkbuf_16)
                                                         clknet_0_clk (net)
                      0.070732    0.000610    0.208119 ^ clkbuf_1_1__f_clk/A (sky130_fd_sc_hd__clkbuf_16)
     8    0.027979    0.077666    0.233122    0.441240 ^ clkbuf_1_1__f_clk/X (sky130_fd_sc_hd__clkbuf_16)
                                                         clknet_1_1__leaf_clk (net)
                      0.077666    0.000400    0.441640 ^ _101_/CLK (sky130_fd_sc_hd__dfxtp_2)
     9    0.024062    0.121560    0.683447    1.125087 v _101_/Q (sky130_fd_sc_hd__dfxtp_2)
                                                         net4 (net)
                      0.121562    0.000707    1.125795 v _079_/A1 (sky130_fd_sc_hd__a21oi_1)
     1    0.002735    0.143210    0.220710    1.346505 ^ _079_/Y (sky130_fd_sc_hd__a21oi_1)
                                                         _038_ (net)
                      0.143210    0.000055    1.346560 ^ _081_/A (sky130_fd_sc_hd__nor2_1)
     1    0.002244    0.033544    0.105308    1.451868 v _081_/Y (sky130_fd_sc_hd__nor2_1)
                                                         _012_ (net)
                      0.033544    0.000062    1.451930 v _102_/D (sky130_fd_sc_hd__dfxtp_1)
                                              1.451930   data arrival time

                                  0.000000    0.000000   clock clk (rise edge)
                                  0.000000    0.000000   clock source latency
     2    0.047218    0.000000    0.000000    0.000000 ^ clk (in)
                                                         clk (net)
                      0.013794    0.006897    0.006897 ^ clkbuf_0_clk/A (sky130_fd_sc_hd__clkbuf_16)
     2    0.022704    0.070730    0.200612    0.207509 ^ clkbuf_0_clk/X (sky130_fd_sc_hd__clkbuf_16)
                                                         clknet_0_clk (net)
                      0.070732    0.000610    0.208119 ^ clkbuf_1_1__f_clk/A (sky130_fd_sc_hd__clkbuf_16)
     8    0.027979    0.077666    0.233122    0.441240 ^ clkbuf_1_1__f_clk/X (sky130_fd_sc_hd__clkbuf_16)
                                                         clknet_1_1__leaf_clk (net)
                      0.077669    0.000574    0.441814 ^ _102_/CLK (sky130_fd_sc_hd__dfxtp_1)
                                  0.250000    0.691814   clock uncertainty
                                  0.000000    0.691814   clock reconvergence pessimism
                                 -0.089515    0.602300   library hold time
                                              0.602300   data required time
---------------------------------------------------------------------------------------------
                                              0.602300   data required time
                                             -1.451930   data arrival time
---------------------------------------------------------------------------------------------
                                              0.849631   slack (MET)


Startpoint: _095_ (rising edge-triggered flip-flop clocked by clk)
Endpoint: _095_ (rising edge-triggered flip-flop clocked by clk)
Path Group: clk
Path Type: min

Fanout         Cap        Slew       Delay        Time   Description
---------------------------------------------------------------------------------------------
                                  0.000000    0.000000   clock clk (rise edge)
                                  0.000000    0.000000   clock source latency
     2    0.047218    0.000000    0.000000    0.000000 ^ clk (in)
                                                         clk (net)
                      0.013794    0.006897    0.006897 ^ clkbuf_0_clk/A (sky130_fd_sc_hd__clkbuf_16)
     2    0.022704    0.070730    0.200612    0.207509 ^ clkbuf_0_clk/X (sky130_fd_sc_hd__clkbuf_16)
                                                         clknet_0_clk (net)
                      0.070731    0.000473    0.207982 ^ clkbuf_1_0__f_clk/A (sky130_fd_sc_hd__clkbuf_16)
     8    0.025114    0.073888    0.228920    0.436902 ^ clkbuf_1_0__f_clk/X (sky130_fd_sc_hd__clkbuf_16)
                                                         clknet_1_0__leaf_clk (net)
                      0.073891    0.000643    0.437545 ^ _095_/CLK (sky130_fd_sc_hd__dfxtp_1)
     3    0.007787    0.135515    0.679708    1.117253 ^ _095_/Q (sky130_fd_sc_hd__dfxtp_1)
                                                         net13 (net)
                      0.135515    0.000182    1.117435 ^ _058_/B1 (sky130_fd_sc_hd__a21o_1)
     1    0.002384    0.054016    0.161175    1.278609 ^ _058_/X (sky130_fd_sc_hd__a21o_1)
                                                         _024_ (net)
                      0.054016    0.000066    1.278675 ^ _061_/C (sky130_fd_sc_hd__and3b_1)
     1    0.001903    0.076421    0.292808    1.571483 ^ _061_/X (sky130_fd_sc_hd__and3b_1)
                                                         _005_ (net)
                      0.076421    0.000052    1.571536 ^ _095_/D (sky130_fd_sc_hd__dfxtp_1)
                                              1.571536   data arrival time

                                  0.000000    0.000000   clock clk (rise edge)
                                  0.000000    0.000000   clock source latency
     2    0.047218    0.000000    0.000000    0.000000 ^ clk (in)
                                                         clk (net)
                      0.013794    0.006897    0.006897 ^ clkbuf_0_clk/A (sky130_fd_sc_hd__clkbuf_16)
     2    0.022704    0.070730    0.200612    0.207509 ^ clkbuf_0_clk/X (sky130_fd_sc_hd__clkbuf_16)
                                                         clknet_0_clk (net)
                      0.070731    0.000473    0.207982 ^ clkbuf_1_0__f_clk/A (sky130_fd_sc_hd__clkbuf_16)
     8    0.025114    0.073888    0.228920    0.436902 ^ clkbuf_1_0__f_clk/X (sky130_fd_sc_hd__clkbuf_16)
                                                         clknet_1_0__leaf_clk (net)
                      0.073891    0.000643    0.437545 ^ _095_/CLK (sky130_fd_sc_hd__dfxtp_1)
                                  0.250000    0.687545   clock uncertainty
                                  0.000000    0.687545   clock reconvergence pessimism
                                 -0.072896    0.614649   library hold time
                                              0.614649   data required time
---------------------------------------------------------------------------------------------
                                              0.614649   data required time
                                             -1.571536   data arrival time
---------------------------------------------------------------------------------------------
                                              0.956887   slack (MET)


Startpoint: _094_ (rising edge-triggered flip-flop clocked by clk)
Endpoint: _094_ (rising edge-triggered flip-flop clocked by clk)
Path Group: clk
Path Type: min

Fanout         Cap        Slew       Delay        Time   Description
---------------------------------------------------------------------------------------------
                                  0.000000    0.000000   clock clk (rise edge)
                                  0.000000    0.000000   clock source latency
     2    0.047218    0.000000    0.000000    0.000000 ^ clk (in)
                                                         clk (net)
                      0.013794    0.006897    0.006897 ^ clkbuf_0_clk/A (sky130_fd_sc_hd__clkbuf_16)
     2    0.022704    0.070730    0.200612    0.207509 ^ clkbuf_0_clk/X (sky130_fd_sc_hd__clkbuf_16)
                                                         clknet_0_clk (net)
                      0.070731    0.000473    0.207982 ^ clkbuf_1_0__f_clk/A (sky130_fd_sc_hd__clkbuf_16)
     8    0.025114    0.073888    0.228920    0.436902 ^ clkbuf_1_0__f_clk/X (sky130_fd_sc_hd__clkbuf_16)
                                                         clknet_1_0__leaf_clk (net)
                      0.073903    0.000955    0.437857 ^ _094_/CLK (sky130_fd_sc_hd__dfxtp_1)
     5    0.014679    0.141815    0.659445    1.097301 v _094_/Q (sky130_fd_sc_hd__dfxtp_1)
                                                         net12 (net)
                      0.141815    0.000333    1.097634 v _056_/A1 (sky130_fd_sc_hd__a21oi_1)
     1    0.003259    0.158530    0.242139    1.339773 ^ _056_/Y (sky130_fd_sc_hd__a21oi_1)
                                                         _023_ (net)
                      0.158530    0.000098    1.339872 ^ _057_/B1 (sky130_fd_sc_hd__o21a_1)
     1    0.002031    0.059816    0.242663    1.582535 ^ _057_/X (sky130_fd_sc_hd__o21a_1)
                                                         _004_ (net)
                      0.059816    0.000057    1.582592 ^ _094_/D (sky130_fd_sc_hd__dfxtp_1)
                                              1.582592   data arrival time

                                  0.000000    0.000000   clock clk (rise edge)
                                  0.000000    0.000000   clock source latency
     2    0.047218    0.000000    0.000000    0.000000 ^ clk (in)
                                                         clk (net)
                      0.013794    0.006897    0.006897 ^ clkbuf_0_clk/A (sky130_fd_sc_hd__clkbuf_16)
     2    0.022704    0.070730    0.200612    0.207509 ^ clkbuf_0_clk/X (sky130_fd_sc_hd__clkbuf_16)
                                                         clknet_0_clk (net)
                      0.070731    0.000473    0.207982 ^ clkbuf_1_0__f_clk/A (sky130_fd_sc_hd__clkbuf_16)
     8    0.025114    0.073888    0.228920    0.436902 ^ clkbuf_1_0__f_clk/X (sky130_fd_sc_hd__clkbuf_16)
                                                         clknet_1_0__leaf_clk (net)
                      0.073903    0.000955    0.437857 ^ _094_/CLK (sky130_fd_sc_hd__dfxtp_1)
                                  0.250000    0.687857   clock uncertainty
                                  0.000000    0.687857   clock reconvergence pessimism
                                 -0.069031    0.618826   library hold time
                                              0.618826   data required time
---------------------------------------------------------------------------------------------
                                              0.618826   data required time
                                             -1.582592   data arrival time
---------------------------------------------------------------------------------------------
                                              0.963766   slack (MET)


Startpoint: _090_ (rising edge-triggered flip-flop clocked by clk)
Endpoint: _092_ (rising edge-triggered flip-flop clocked by clk)
Path Group: clk
Path Type: min

Fanout         Cap        Slew       Delay        Time   Description
---------------------------------------------------------------------------------------------
                                  0.000000    0.000000   clock clk (rise edge)
                                  0.000000    0.000000   clock source latency
     2    0.047218    0.000000    0.000000    0.000000 ^ clk (in)
                                                         clk (net)
                      0.013794    0.006897    0.006897 ^ clkbuf_0_clk/A (sky130_fd_sc_hd__clkbuf_16)
     2    0.022704    0.070730    0.200612    0.207509 ^ clkbuf_0_clk/X (sky130_fd_sc_hd__clkbuf_16)
                                                         clknet_0_clk (net)
                      0.070731    0.000473    0.207982 ^ clkbuf_1_0__f_clk/A (sky130_fd_sc_hd__clkbuf_16)
     8    0.025114    0.073888    0.228920    0.436902 ^ clkbuf_1_0__f_clk/X (sky130_fd_sc_hd__clkbuf_16)
                                                         clknet_1_0__leaf_clk (net)
                      0.073912    0.001151    0.438053 ^ _090_/CLK (sky130_fd_sc_hd__dfxtp_2)
     7    0.023697    0.120210    0.680390    1.118443 v _090_/Q (sky130_fd_sc_hd__dfxtp_2)
                                                         net2 (net)
                      0.120213    0.000803    1.119246 v _051_/A1 (sky130_fd_sc_hd__a31o_1)
     1    0.002572    0.060253    0.335962    1.455208 v _051_/X (sky130_fd_sc_hd__a31o_1)
                                                         _020_ (net)
                      0.060253    0.000053    1.455260 v _052_/B (sky130_fd_sc_hd__nor2_1)
     1    0.002122    0.110394    0.122884    1.578144 ^ _052_/Y (sky130_fd_sc_hd__nor2_1)
                                                         _002_ (net)
                      0.110394    0.000059    1.578203 ^ _092_/D (sky130_fd_sc_hd__dfxtp_1)
                                              1.578203   data arrival time

                                  0.000000    0.000000   clock clk (rise edge)
                                  0.000000    0.000000   clock source latency
     2    0.047218    0.000000    0.000000    0.000000 ^ clk (in)
                                                         clk (net)
                      0.013794    0.006897    0.006897 ^ clkbuf_0_clk/A (sky130_fd_sc_hd__clkbuf_16)
     2    0.022704    0.070730    0.200612    0.207509 ^ clkbuf_0_clk/X (sky130_fd_sc_hd__clkbuf_16)
                                                         clknet_0_clk (net)
                      0.070731    0.000473    0.207982 ^ clkbuf_1_0__f_clk/A (sky130_fd_sc_hd__clkbuf_16)
     8    0.025114    0.073888    0.228920    0.436902 ^ clkbuf_1_0__f_clk/X (sky130_fd_sc_hd__clkbuf_16)
                                                         clknet_1_0__leaf_clk (net)
                      0.073916    0.001217    0.438119 ^ _092_/CLK (sky130_fd_sc_hd__dfxtp_1)
                                  0.250000    0.688119   clock uncertainty
                                  0.000000    0.688119   clock reconvergence pessimism
                                 -0.080796    0.607323   library hold time
                                              0.607323   data required time
---------------------------------------------------------------------------------------------
                                              0.607323   data required time
                                             -1.578203   data arrival time
---------------------------------------------------------------------------------------------
                                              0.970880   slack (MET)


Startpoint: _098_ (rising edge-triggered flip-flop clocked by clk)
Endpoint: _099_ (rising edge-triggered flip-flop clocked by clk)
Path Group: clk
Path Type: min

Fanout         Cap        Slew       Delay        Time   Description
---------------------------------------------------------------------------------------------
                                  0.000000    0.000000   clock clk (rise edge)
                                  0.000000    0.000000   clock source latency
     2    0.047218    0.000000    0.000000    0.000000 ^ clk (in)
                                                         clk (net)
                      0.013794    0.006897    0.006897 ^ clkbuf_0_clk/A (sky130_fd_sc_hd__clkbuf_16)
     2    0.022704    0.070730    0.200612    0.207509 ^ clkbuf_0_clk/X (sky130_fd_sc_hd__clkbuf_16)
                                                         clknet_0_clk (net)
                      0.070732    0.000610    0.208119 ^ clkbuf_1_1__f_clk/A (sky130_fd_sc_hd__clkbuf_16)
     8    0.027979    0.077666    0.233122    0.441240 ^ clkbuf_1_1__f_clk/X (sky130_fd_sc_hd__clkbuf_16)
                                                         clknet_1_1__leaf_clk (net)
                      0.077668    0.000544    0.441784 ^ _098_/CLK (sky130_fd_sc_hd__dfxtp_1)
     5    0.011821    0.120266    0.642328    1.084113 v _098_/Q (sky130_fd_sc_hd__dfxtp_1)
                                                         net16 (net)
                      0.120266    0.000266    1.084379 v _071_/A (sky130_fd_sc_hd__and3_1)
     2    0.006411    0.094070    0.348098    1.432476 v _071_/X (sky130_fd_sc_hd__and3_1)
                                                         _033_ (net)
                      0.094070    0.000169    1.432646 v _073_/A (sky130_fd_sc_hd__nor2_1)
     1    0.001930    0.105379    0.156904    1.589550 ^ _073_/Y (sky130_fd_sc_hd__nor2_1)
                                                         _009_ (net)
                      0.105379    0.000053    1.589603 ^ _099_/D (sky130_fd_sc_hd__dfxtp_1)
                                              1.589603   data arrival time

                                  0.000000    0.000000   clock clk (rise edge)
                                  0.000000    0.000000   clock source latency
     2    0.047218    0.000000    0.000000    0.000000 ^ clk (in)
                                                         clk (net)
                      0.013794    0.006897    0.006897 ^ clkbuf_0_clk/A (sky130_fd_sc_hd__clkbuf_16)
     2    0.022704    0.070730    0.200612    0.207509 ^ clkbuf_0_clk/X (sky130_fd_sc_hd__clkbuf_16)
                                                         clknet_0_clk (net)
                      0.070732    0.000610    0.208119 ^ clkbuf_1_1__f_clk/A (sky130_fd_sc_hd__clkbuf_16)
     8    0.027979    0.077666    0.233122    0.441240 ^ clkbuf_1_1__f_clk/X (sky130_fd_sc_hd__clkbuf_16)
                                                         clknet_1_1__leaf_clk (net)
                      0.077669    0.000566    0.441806 ^ _099_/CLK (sky130_fd_sc_hd__dfxtp_1)
                                  0.250000    0.691806   clock uncertainty
                                  0.000000    0.691806   clock reconvergence pessimism
                                 -0.079032    0.612774   library hold time
                                              0.612774   data required time
---------------------------------------------------------------------------------------------
                                              0.612774   data required time
                                             -1.589603   data arrival time
---------------------------------------------------------------------------------------------
                                              0.976829   slack (MET)


Startpoint: _101_ (rising edge-triggered flip-flop clocked by clk)
Endpoint: _104_ (rising edge-triggered flip-flop clocked by clk)
Path Group: clk
Path Type: min

Fanout         Cap        Slew       Delay        Time   Description
---------------------------------------------------------------------------------------------
                                  0.000000    0.000000   clock clk (rise edge)
                                  0.000000    0.000000   clock source latency
     2    0.047218    0.000000    0.000000    0.000000 ^ clk (in)
                                                         clk (net)
                      0.013794    0.006897    0.006897 ^ clkbuf_0_clk/A (sky130_fd_sc_hd__clkbuf_16)
     2    0.022704    0.070730    0.200612    0.207509 ^ clkbuf_0_clk/X (sky130_fd_sc_hd__clkbuf_16)
                                                         clknet_0_clk (net)
                      0.070732    0.000610    0.208119 ^ clkbuf_1_1__f_clk/A (sky130_fd_sc_hd__clkbuf_16)
     8    0.027979    0.077666    0.233122    0.441240 ^ clkbuf_1_1__f_clk/X (sky130_fd_sc_hd__clkbuf_16)
                                                         clknet_1_1__leaf_clk (net)
                      0.077666    0.000400    0.441640 ^ _101_/CLK (sky130_fd_sc_hd__dfxtp_2)
     9    0.024062    0.121560    0.683447    1.125087 v _101_/Q (sky130_fd_sc_hd__dfxtp_2)
                                                         net4 (net)
                      0.121560    0.000566    1.125654 v _086_/A (sky130_fd_sc_hd__nand3_1)
     2    0.006514    0.132354    0.166562    1.292216 ^ _086_/Y (sky130_fd_sc_hd__nand3_1)
                                                         _043_ (net)
                      0.132354    0.000119    1.292335 ^ _087_/B1 (sky130_fd_sc_hd__o211a_1)
     1    0.002345    0.068510    0.311487    1.603822 ^ _087_/X (sky130_fd_sc_hd__o211a_1)
                                                         _014_ (net)
                      0.068510    0.000049    1.603871 ^ _104_/D (sky130_fd_sc_hd__dfxtp_1)
                                              1.603871   data arrival time

                                  0.000000    0.000000   clock clk (rise edge)
                                  0.000000    0.000000   clock source latency
     2    0.047218    0.000000    0.000000    0.000000 ^ clk (in)
                                                         clk (net)
                      0.013794    0.006897    0.006897 ^ clkbuf_0_clk/A (sky130_fd_sc_hd__clkbuf_16)
     2    0.022704    0.070730    0.200612    0.207509 ^ clkbuf_0_clk/X (sky130_fd_sc_hd__clkbuf_16)
                                                         clknet_0_clk (net)
                      0.070732    0.000610    0.208119 ^ clkbuf_1_1__f_clk/A (sky130_fd_sc_hd__clkbuf_16)
     8    0.027979    0.077666    0.233122    0.441240 ^ clkbuf_1_1__f_clk/X (sky130_fd_sc_hd__clkbuf_16)
                                                         clknet_1_1__leaf_clk (net)
                      0.077676    0.000862    0.442103 ^ _104_/CLK (sky130_fd_sc_hd__dfxtp_1)
                                  0.250000    0.692103   clock uncertainty
                                  0.000000    0.692103   clock reconvergence pessimism
                                 -0.070454    0.621649   library hold time
                                              0.621649   data required time
---------------------------------------------------------------------------------------------
                                              0.621649   data required time
                                             -1.603871   data arrival time
---------------------------------------------------------------------------------------------
                                              0.982222   slack (MET)


Startpoint: _101_ (rising edge-triggered flip-flop clocked by clk)
Endpoint: _101_ (rising edge-triggered flip-flop clocked by clk)
Path Group: clk
Path Type: min

Fanout         Cap        Slew       Delay        Time   Description
---------------------------------------------------------------------------------------------
                                  0.000000    0.000000   clock clk (rise edge)
                                  0.000000    0.000000   clock source latency
     2    0.047218    0.000000    0.000000    0.000000 ^ clk (in)
                                                         clk (net)
                      0.013794    0.006897    0.006897 ^ clkbuf_0_clk/A (sky130_fd_sc_hd__clkbuf_16)
     2    0.022704    0.070730    0.200612    0.207509 ^ clkbuf_0_clk/X (sky130_fd_sc_hd__clkbuf_16)
                                                         clknet_0_clk (net)
                      0.070732    0.000610    0.208119 ^ clkbuf_1_1__f_clk/A (sky130_fd_sc_hd__clkbuf_16)
     8    0.027979    0.077666    0.233122    0.441240 ^ clkbuf_1_1__f_clk/X (sky130_fd_sc_hd__clkbuf_16)
                                                         clknet_1_1__leaf_clk (net)
                      0.077666    0.000400    0.441640 ^ _101_/CLK (sky130_fd_sc_hd__dfxtp_2)
     9    0.024994    0.212081    0.771484    1.213125 ^ _101_/Q (sky130_fd_sc_hd__dfxtp_2)
                                                         net4 (net)
                      0.212081    0.000383    1.213508 ^ _077_/A1 (sky130_fd_sc_hd__a21oi_1)
     1    0.004046    0.089828    0.193096    1.406604 v _077_/Y (sky130_fd_sc_hd__a21oi_1)
                                                         _037_ (net)
                      0.089828    0.000138    1.406742 v _078_/B1 (sky130_fd_sc_hd__o21a_1)
     1    0.002080    0.050913    0.188422    1.595164 v _078_/X (sky130_fd_sc_hd__o21a_1)
                                                         _011_ (net)
                      0.050929    0.000058    1.595222 v _101_/D (sky130_fd_sc_hd__dfxtp_2)
                                              1.595222   data arrival time

                                  0.000000    0.000000   clock clk (rise edge)
                                  0.000000    0.000000   clock source latency
     2    0.047218    0.000000    0.000000    0.000000 ^ clk (in)
                                                         clk (net)
                      0.013794    0.006897    0.006897 ^ clkbuf_0_clk/A (sky130_fd_sc_hd__clkbuf_16)
     2    0.022704    0.070730    0.200612    0.207509 ^ clkbuf_0_clk/X (sky130_fd_sc_hd__clkbuf_16)
                                                         clknet_0_clk (net)
                      0.070732    0.000610    0.208119 ^ clkbuf_1_1__f_clk/A (sky130_fd_sc_hd__clkbuf_16)
     8    0.027979    0.077666    0.233122    0.441240 ^ clkbuf_1_1__f_clk/X (sky130_fd_sc_hd__clkbuf_16)
                                                         clknet_1_1__leaf_clk (net)
                      0.077666    0.000400    0.441640 ^ _101_/CLK (sky130_fd_sc_hd__dfxtp_2)
                                  0.250000    0.691640   clock uncertainty
                                  0.000000    0.691640   clock reconvergence pessimism
                                 -0.081332    0.610309   library hold time
                                              0.610309   data required time
---------------------------------------------------------------------------------------------
                                              0.610309   data required time
                                             -1.595222   data arrival time
---------------------------------------------------------------------------------------------
                                              0.984914   slack (MET)


Startpoint: _093_ (rising edge-triggered flip-flop clocked by clk)
Endpoint: _093_ (rising edge-triggered flip-flop clocked by clk)
Path Group: clk
Path Type: min

Fanout         Cap        Slew       Delay        Time   Description
---------------------------------------------------------------------------------------------
                                  0.000000    0.000000   clock clk (rise edge)
                                  0.000000    0.000000   clock source latency
     2    0.047218    0.000000    0.000000    0.000000 ^ clk (in)
                                                         clk (net)
                      0.013794    0.006897    0.006897 ^ clkbuf_0_clk/A (sky130_fd_sc_hd__clkbuf_16)
     2    0.022704    0.070730    0.200612    0.207509 ^ clkbuf_0_clk/X (sky130_fd_sc_hd__clkbuf_16)
                                                         clknet_0_clk (net)
                      0.070731    0.000473    0.207982 ^ clkbuf_1_0__f_clk/A (sky130_fd_sc_hd__clkbuf_16)
     8    0.025114    0.073888    0.228920    0.436902 ^ clkbuf_1_0__f_clk/X (sky130_fd_sc_hd__clkbuf_16)
                                                         clknet_1_0__leaf_clk (net)
                      0.073906    0.001015    0.437917 ^ _093_/CLK (sky130_fd_sc_hd__dfxtp_1)
     3    0.007703    0.134357    0.678866    1.116782 ^ _093_/Q (sky130_fd_sc_hd__dfxtp_1)
                                                         net11 (net)
                      0.134357    0.000159    1.116941 ^ _053_/B1 (sky130_fd_sc_hd__a31o_1)
     1    0.002116    0.062574    0.179125    1.296066 ^ _053_/X (sky130_fd_sc_hd__a31o_1)
                                                         _021_ (net)
                      0.062574    0.000043    1.296108 ^ _055_/C (sky130_fd_sc_hd__and3b_1)
     1    0.002542    0.084329    0.305650    1.601759 ^ _055_/X (sky130_fd_sc_hd__and3b_1)
                                                         _003_ (net)
                      0.084329    0.000076    1.601835 ^ _093_/D (sky130_fd_sc_hd__dfxtp_1)
                                              1.601835   data arrival time

                                  0.000000    0.000000   clock clk (rise edge)
                                  0.000000    0.000000   clock source latency
     2    0.047218    0.000000    0.000000    0.000000 ^ clk (in)
                                                         clk (net)
                      0.013794    0.006897    0.006897 ^ clkbuf_0_clk/A (sky130_fd_sc_hd__clkbuf_16)
     2    0.022704    0.070730    0.200612    0.207509 ^ clkbuf_0_clk/X (sky130_fd_sc_hd__clkbuf_16)
                                                         clknet_0_clk (net)
                      0.070731    0.000473    0.207982 ^ clkbuf_1_0__f_clk/A (sky130_fd_sc_hd__clkbuf_16)
     8    0.025114    0.073888    0.228920    0.436902 ^ clkbuf_1_0__f_clk/X (sky130_fd_sc_hd__clkbuf_16)
                                                         clknet_1_0__leaf_clk (net)
                      0.073906    0.001015    0.437917 ^ _093_/CLK (sky130_fd_sc_hd__dfxtp_1)
                                  0.250000    0.687917   clock uncertainty
                                  0.000000    0.687917   clock reconvergence pessimism
                                 -0.074733    0.613183   library hold time
                                              0.613183   data required time
---------------------------------------------------------------------------------------------
                                              0.613183   data required time
                                             -1.601835   data arrival time
---------------------------------------------------------------------------------------------
                                              0.988652   slack (MET)


Startpoint: _098_ (rising edge-triggered flip-flop clocked by clk)
Endpoint: _098_ (rising edge-triggered flip-flop clocked by clk)
Path Group: clk
Path Type: min

Fanout         Cap        Slew       Delay        Time   Description
---------------------------------------------------------------------------------------------
                                  0.000000    0.000000   clock clk (rise edge)
                                  0.000000    0.000000   clock source latency
     2    0.047218    0.000000    0.000000    0.000000 ^ clk (in)
                                                         clk (net)
                      0.013794    0.006897    0.006897 ^ clkbuf_0_clk/A (sky130_fd_sc_hd__clkbuf_16)
     2    0.022704    0.070730    0.200612    0.207509 ^ clkbuf_0_clk/X (sky130_fd_sc_hd__clkbuf_16)
                                                         clknet_0_clk (net)
                      0.070732    0.000610    0.208119 ^ clkbuf_1_1__f_clk/A (sky130_fd_sc_hd__clkbuf_16)
     8    0.027979    0.077666    0.233122    0.441240 ^ clkbuf_1_1__f_clk/X (sky130_fd_sc_hd__clkbuf_16)
                                                         clknet_1_1__leaf_clk (net)
                      0.077668    0.000544    0.441784 ^ _098_/CLK (sky130_fd_sc_hd__dfxtp_1)
     5    0.011821    0.120266    0.642328    1.084113 v _098_/Q (sky130_fd_sc_hd__dfxtp_1)
                                                         net16 (net)
                      0.120266    0.000192    1.084305 v _068_/A (sky130_fd_sc_hd__and2_1)
     2    0.007007    0.098681    0.334954    1.419259 v _068_/X (sky130_fd_sc_hd__and2_1)
                                                         _031_ (net)
                      0.098681    0.000183    1.419441 v _070_/A (sky130_fd_sc_hd__nor2_1)
     1    0.002799    0.128341    0.176963    1.596405 ^ _070_/Y (sky130_fd_sc_hd__nor2_1)
                                                         _008_ (net)
                      0.128341    0.000084    1.596488 ^ _098_/D (sky130_fd_sc_hd__dfxtp_1)
                                              1.596488   data arrival time

                                  0.000000    0.000000   clock clk (rise edge)
                                  0.000000    0.000000   clock source latency
     2    0.047218    0.000000    0.000000    0.000000 ^ clk (in)
                                                         clk (net)
                      0.013794    0.006897    0.006897 ^ clkbuf_0_clk/A (sky130_fd_sc_hd__clkbuf_16)
     2    0.022704    0.070730    0.200612    0.207509 ^ clkbuf_0_clk/X (sky130_fd_sc_hd__clkbuf_16)
                                                         clknet_0_clk (net)
                      0.070732    0.000610    0.208119 ^ clkbuf_1_1__f_clk/A (sky130_fd_sc_hd__clkbuf_16)
     8    0.027979    0.077666    0.233122    0.441240 ^ clkbuf_1_1__f_clk/X (sky130_fd_sc_hd__clkbuf_16)
                                                         clknet_1_1__leaf_clk (net)
                      0.077668    0.000544    0.441784 ^ _098_/CLK (sky130_fd_sc_hd__dfxtp_1)
                                  0.250000    0.691784   clock uncertainty
                                  0.000000    0.691784   clock reconvergence pessimism
                                 -0.084374    0.607410   library hold time
                                              0.607410   data required time
---------------------------------------------------------------------------------------------
                                              0.607410   data required time
                                             -1.596488   data arrival time
---------------------------------------------------------------------------------------------
                                              0.989078   slack (MET)


Startpoint: _096_ (rising edge-triggered flip-flop clocked by clk)
Endpoint: _096_ (rising edge-triggered flip-flop clocked by clk)
Path Group: clk
Path Type: min

Fanout         Cap        Slew       Delay        Time   Description
---------------------------------------------------------------------------------------------
                                  0.000000    0.000000   clock clk (rise edge)
                                  0.000000    0.000000   clock source latency
     2    0.047218    0.000000    0.000000    0.000000 ^ clk (in)
                                                         clk (net)
                      0.013794    0.006897    0.006897 ^ clkbuf_0_clk/A (sky130_fd_sc_hd__clkbuf_16)
     2    0.022704    0.070730    0.200612    0.207509 ^ clkbuf_0_clk/X (sky130_fd_sc_hd__clkbuf_16)
                                                         clknet_0_clk (net)
                      0.070731    0.000473    0.207982 ^ clkbuf_1_0__f_clk/A (sky130_fd_sc_hd__clkbuf_16)
     8    0.025114    0.073888    0.228920    0.436902 ^ clkbuf_1_0__f_clk/X (sky130_fd_sc_hd__clkbuf_16)
                                                         clknet_1_0__leaf_clk (net)
                      0.073889    0.000574    0.437476 ^ _096_/CLK (sky130_fd_sc_hd__dfxtp_1)
     4    0.010806    0.177474    0.711377    1.148853 ^ _096_/Q (sky130_fd_sc_hd__dfxtp_1)
                                                         net14 (net)
                      0.177474    0.000438    1.149291 ^ _062_/A (sky130_fd_sc_hd__or2_1)
     1    0.002209    0.057830    0.204593    1.353884 ^ _062_/X (sky130_fd_sc_hd__or2_1)
                                                         _027_ (net)
                      0.057830    0.000062    1.353945 ^ _064_/C (sky130_fd_sc_hd__and3b_1)
     1    0.002609    0.085186    0.304825    1.658771 ^ _064_/X (sky130_fd_sc_hd__and3b_1)
                                                         _006_ (net)
                      0.085186    0.000081    1.658852 ^ _096_/D (sky130_fd_sc_hd__dfxtp_1)
                                              1.658852   data arrival time

                                  0.000000    0.000000   clock clk (rise edge)
                                  0.000000    0.000000   clock source latency
     2    0.047218    0.000000    0.000000    0.000000 ^ clk (in)
                                                         clk (net)
                      0.013794    0.006897    0.006897 ^ clkbuf_0_clk/A (sky130_fd_sc_hd__clkbuf_16)
     2    0.022704    0.070730    0.200612    0.207509 ^ clkbuf_0_clk/X (sky130_fd_sc_hd__clkbuf_16)
                                                         clknet_0_clk (net)
                      0.070731    0.000473    0.207982 ^ clkbuf_1_0__f_clk/A (sky130_fd_sc_hd__clkbuf_16)
     8    0.025114    0.073888    0.228920    0.436902 ^ clkbuf_1_0__f_clk/X (sky130_fd_sc_hd__clkbuf_16)
                                                         clknet_1_0__leaf_clk (net)
                      0.073889    0.000574    0.437476 ^ _096_/CLK (sky130_fd_sc_hd__dfxtp_1)
                                  0.250000    0.687476   clock uncertainty
                                  0.000000    0.687476   clock reconvergence pessimism
                                 -0.074935    0.612541   library hold time
                                              0.612541   data required time
---------------------------------------------------------------------------------------------
                                              0.612541   data required time
                                             -1.658852   data arrival time
---------------------------------------------------------------------------------------------
                                              1.046311   slack (MET)


Startpoint: _096_ (rising edge-triggered flip-flop clocked by clk)
Endpoint: _097_ (rising edge-triggered flip-flop clocked by clk)
Path Group: clk
Path Type: min

Fanout         Cap        Slew       Delay        Time   Description
---------------------------------------------------------------------------------------------
                                  0.000000    0.000000   clock clk (rise edge)
                                  0.000000    0.000000   clock source latency
     2    0.047218    0.000000    0.000000    0.000000 ^ clk (in)
                                                         clk (net)
                      0.013794    0.006897    0.006897 ^ clkbuf_0_clk/A (sky130_fd_sc_hd__clkbuf_16)
     2    0.022704    0.070730    0.200612    0.207509 ^ clkbuf_0_clk/X (sky130_fd_sc_hd__clkbuf_16)
                                                         clknet_0_clk (net)
                      0.070731    0.000473    0.207982 ^ clkbuf_1_0__f_clk/A (sky130_fd_sc_hd__clkbuf_16)
     8    0.025114    0.073888    0.228920    0.436902 ^ clkbuf_1_0__f_clk/X (sky130_fd_sc_hd__clkbuf_16)
                                                         clknet_1_0__leaf_clk (net)
                      0.073889    0.000574    0.437476 ^ _096_/CLK (sky130_fd_sc_hd__dfxtp_1)
     4    0.010517    0.109604    0.631453    1.068929 v _096_/Q (sky130_fd_sc_hd__dfxtp_1)
                                                         net14 (net)
                      0.109604    0.000364    1.069294 v _065_/A (sky130_fd_sc_hd__and4_1)
     5    0.017197    0.174083    0.432495    1.501788 v _065_/X (sky130_fd_sc_hd__and4_1)
                                                         _029_ (net)
                      0.174083    0.000244    1.502032 v _067_/A (sky130_fd_sc_hd__nor2_1)
     1    0.002194    0.112222    0.193617    1.695649 ^ _067_/Y (sky130_fd_sc_hd__nor2_1)
                                                         _007_ (net)
                      0.112222    0.000061    1.695710 ^ _097_/D (sky130_fd_sc_hd__dfxtp_1)
                                              1.695710   data arrival time

                                  0.000000    0.000000   clock clk (rise edge)
                                  0.000000    0.000000   clock source latency
     2    0.047218    0.000000    0.000000    0.000000 ^ clk (in)
                                                         clk (net)
                      0.013794    0.006897    0.006897 ^ clkbuf_0_clk/A (sky130_fd_sc_hd__clkbuf_16)
     2    0.022704    0.070730    0.200612    0.207509 ^ clkbuf_0_clk/X (sky130_fd_sc_hd__clkbuf_16)
                                                         clknet_0_clk (net)
                      0.070731    0.000473    0.207982 ^ clkbuf_1_0__f_clk/A (sky130_fd_sc_hd__clkbuf_16)
     8    0.025114    0.073888    0.228920    0.436902 ^ clkbuf_1_0__f_clk/X (sky130_fd_sc_hd__clkbuf_16)
                                                         clknet_1_0__leaf_clk (net)
                      0.073891    0.000619    0.437521 ^ _097_/CLK (sky130_fd_sc_hd__dfxtp_1)
                                  0.250000    0.687521   clock uncertainty
                                  0.000000    0.687521   clock reconvergence pessimism
                                 -0.081225    0.606296   library hold time
                                              0.606296   data required time
---------------------------------------------------------------------------------------------
                                              0.606296   data required time
                                             -1.695710   data arrival time
---------------------------------------------------------------------------------------------
                                              1.089414   slack (MET)


Startpoint: _103_ (rising edge-triggered flip-flop clocked by clk)
Endpoint: _103_ (rising edge-triggered flip-flop clocked by clk)
Path Group: clk
Path Type: min

Fanout         Cap        Slew       Delay        Time   Description
---------------------------------------------------------------------------------------------
                                  0.000000    0.000000   clock clk (rise edge)
                                  0.000000    0.000000   clock source latency
     2    0.047218    0.000000    0.000000    0.000000 ^ clk (in)
                                                         clk (net)
                      0.013794    0.006897    0.006897 ^ clkbuf_0_clk/A (sky130_fd_sc_hd__clkbuf_16)
     2    0.022704    0.070730    0.200612    0.207509 ^ clkbuf_0_clk/X (sky130_fd_sc_hd__clkbuf_16)
                                                         clknet_0_clk (net)
                      0.070732    0.000610    0.208119 ^ clkbuf_1_1__f_clk/A (sky130_fd_sc_hd__clkbuf_16)
     8    0.027979    0.077666    0.233122    0.441240 ^ clkbuf_1_1__f_clk/X (sky130_fd_sc_hd__clkbuf_16)
                                                         clknet_1_1__leaf_clk (net)
                      0.077676    0.000848    0.442089 ^ _103_/CLK (sky130_fd_sc_hd__dfxtp_1)
     4    0.015010    0.235856    0.756584    1.198673 ^ _103_/Q (sky130_fd_sc_hd__dfxtp_1)
                                                         net6 (net)
                      0.235856    0.000915    1.199588 ^ _082_/B1 (sky130_fd_sc_hd__a31o_1)
     1    0.002087    0.063810    0.220575    1.420162 ^ _082_/X (sky130_fd_sc_hd__a31o_1)
                                                         _040_ (net)
                      0.063810    0.000042    1.420204 ^ _084_/C (sky130_fd_sc_hd__and3b_1)
     1    0.002148    0.079420    0.300278    1.720483 ^ _084_/X (sky130_fd_sc_hd__and3b_1)
                                                         _013_ (net)
                      0.079420    0.000061    1.720543 ^ _103_/D (sky130_fd_sc_hd__dfxtp_1)
                                              1.720543   data arrival time

                                  0.000000    0.000000   clock clk (rise edge)
                                  0.000000    0.000000   clock source latency
     2    0.047218    0.000000    0.000000    0.000000 ^ clk (in)
                                                         clk (net)
                      0.013794    0.006897    0.006897 ^ clkbuf_0_clk/A (sky130_fd_sc_hd__clkbuf_16)
     2    0.022704    0.070730    0.200612    0.207509 ^ clkbuf_0_clk/X (sky130_fd_sc_hd__clkbuf_16)
                                                         clknet_0_clk (net)
                      0.070732    0.000610    0.208119 ^ clkbuf_1_1__f_clk/A (sky130_fd_sc_hd__clkbuf_16)
     8    0.027979    0.077666    0.233122    0.441240 ^ clkbuf_1_1__f_clk/X (sky130_fd_sc_hd__clkbuf_16)
                                                         clknet_1_1__leaf_clk (net)
                      0.077676    0.000848    0.442089 ^ _103_/CLK (sky130_fd_sc_hd__dfxtp_1)
                                  0.250000    0.692089   clock uncertainty
                                  0.000000    0.692089   clock reconvergence pessimism
                                 -0.072992    0.619096   library hold time
                                              0.619096   data required time
---------------------------------------------------------------------------------------------
                                              0.619096   data required time
                                             -1.720543   data arrival time
---------------------------------------------------------------------------------------------
                                              1.101447   slack (MET)


Startpoint: _098_ (rising edge-triggered flip-flop clocked by clk)
Endpoint: _100_ (rising edge-triggered flip-flop clocked by clk)
Path Group: clk
Path Type: min

Fanout         Cap        Slew       Delay        Time   Description
---------------------------------------------------------------------------------------------
                                  0.000000    0.000000   clock clk (rise edge)
                                  0.000000    0.000000   clock source latency
     2    0.047218    0.000000    0.000000    0.000000 ^ clk (in)
                                                         clk (net)
                      0.013794    0.006897    0.006897 ^ clkbuf_0_clk/A (sky130_fd_sc_hd__clkbuf_16)
     2    0.022704    0.070730    0.200612    0.207509 ^ clkbuf_0_clk/X (sky130_fd_sc_hd__clkbuf_16)
                                                         clknet_0_clk (net)
                      0.070732    0.000610    0.208119 ^ clkbuf_1_1__f_clk/A (sky130_fd_sc_hd__clkbuf_16)
     8    0.027979    0.077666    0.233122    0.441240 ^ clkbuf_1_1__f_clk/X (sky130_fd_sc_hd__clkbuf_16)
                                                         clknet_1_1__leaf_clk (net)
                      0.077668    0.000544    0.441784 ^ _098_/CLK (sky130_fd_sc_hd__dfxtp_1)
     5    0.011821    0.120266    0.642328    1.084113 v _098_/Q (sky130_fd_sc_hd__dfxtp_1)
                                                         net16 (net)
                      0.120266    0.000266    1.084379 v _071_/A (sky130_fd_sc_hd__and3_1)
     2    0.006411    0.094070    0.348098    1.432476 v _071_/X (sky130_fd_sc_hd__and3_1)
                                                         _033_ (net)
                      0.094070    0.000140    1.432616 v _075_/A2 (sky130_fd_sc_hd__o21ai_1)
     1    0.003392    0.151436    0.212036    1.644652 ^ _075_/Y (sky130_fd_sc_hd__o21ai_1)
                                                         _036_ (net)
                      0.151436    0.000103    1.644755 ^ _076_/B (sky130_fd_sc_hd__nor2_1)
     1    0.002011    0.045318    0.094213    1.738968 v _076_/Y (sky130_fd_sc_hd__nor2_1)
                                                         _010_ (net)
                      0.045318    0.000040    1.739008 v _100_/D (sky130_fd_sc_hd__dfxtp_1)
                                              1.739008   data arrival time

                                  0.000000    0.000000   clock clk (rise edge)
                                  0.000000    0.000000   clock source latency
     2    0.047218    0.000000    0.000000    0.000000 ^ clk (in)
                                                         clk (net)
                      0.013794    0.006897    0.006897 ^ clkbuf_0_clk/A (sky130_fd_sc_hd__clkbuf_16)
     2    0.022704    0.070730    0.200612    0.207509 ^ clkbuf_0_clk/X (sky130_fd_sc_hd__clkbuf_16)
                                                         clknet_0_clk (net)
                      0.070732    0.000610    0.208119 ^ clkbuf_1_1__f_clk/A (sky130_fd_sc_hd__clkbuf_16)
     8    0.027979    0.077666    0.233122    0.441240 ^ clkbuf_1_1__f_clk/X (sky130_fd_sc_hd__clkbuf_16)
                                                         clknet_1_1__leaf_clk (net)
                      0.077667    0.000418    0.441659 ^ _100_/CLK (sky130_fd_sc_hd__dfxtp_1)
                                  0.250000    0.691659   clock uncertainty
                                  0.000000    0.691659   clock reconvergence pessimism
                                 -0.093965    0.597693   library hold time
                                              0.597693   data required time
---------------------------------------------------------------------------------------------
                                              0.597693   data required time
                                             -1.739008   data arrival time
---------------------------------------------------------------------------------------------
                                              1.141315   slack (MET)


Startpoint: _090_ (rising edge-triggered flip-flop clocked by clk)
Endpoint: _090_ (rising edge-triggered flip-flop clocked by clk)
Path Group: clk
Path Type: min

Fanout         Cap        Slew       Delay        Time   Description
---------------------------------------------------------------------------------------------
                                  0.000000    0.000000   clock clk (rise edge)
                                  0.000000    0.000000   clock source latency
     2    0.047218    0.000000    0.000000    0.000000 ^ clk (in)
                                                         clk (net)
                      0.013794    0.006897    0.006897 ^ clkbuf_0_clk/A (sky130_fd_sc_hd__clkbuf_16)
     2    0.022704    0.070730    0.200612    0.207509 ^ clkbuf_0_clk/X (sky130_fd_sc_hd__clkbuf_16)
                                                         clknet_0_clk (net)
                      0.070731    0.000473    0.207982 ^ clkbuf_1_0__f_clk/A (sky130_fd_sc_hd__clkbuf_16)
     8    0.025114    0.073888    0.228920    0.436902 ^ clkbuf_1_0__f_clk/X (sky130_fd_sc_hd__clkbuf_16)
                                                         clknet_1_0__leaf_clk (net)
                      0.073912    0.001151    0.438053 ^ _090_/CLK (sky130_fd_sc_hd__dfxtp_2)
     7    0.024501    0.208384    0.766830    1.204883 ^ _090_/Q (sky130_fd_sc_hd__dfxtp_2)
                                                         net2 (net)
                      0.208384    0.000518    1.205401 ^ hold1/A (sky130_fd_sc_hd__dlygate4sd3_1)
     2    0.010456    0.195801    1.192904    2.398305 ^ hold1/X (sky130_fd_sc_hd__dlygate4sd3_1)
                                                         net34 (net)
                      0.195801    0.000127    2.398432 ^ _047_/A (sky130_fd_sc_hd__nor2_1)
     1    0.002175    0.058989    0.126623    2.525054 v _047_/Y (sky130_fd_sc_hd__nor2_1)
                                                         _000_ (net)
                      0.058989    0.000062    2.525117 v _090_/D (sky130_fd_sc_hd__dfxtp_2)
                                              2.525117   data arrival time

                                  0.000000    0.000000   clock clk (rise edge)
                                  0.000000    0.000000   clock source latency
     2    0.047218    0.000000    0.000000    0.000000 ^ clk (in)
                                                         clk (net)
                      0.013794    0.006897    0.006897 ^ clkbuf_0_clk/A (sky130_fd_sc_hd__clkbuf_16)
     2    0.022704    0.070730    0.200612    0.207509 ^ clkbuf_0_clk/X (sky130_fd_sc_hd__clkbuf_16)
                                                         clknet_0_clk (net)
                      0.070731    0.000473    0.207982 ^ clkbuf_1_0__f_clk/A (sky130_fd_sc_hd__clkbuf_16)
     8    0.025114    0.073888    0.228920    0.436902 ^ clkbuf_1_0__f_clk/X (sky130_fd_sc_hd__clkbuf_16)
                                                         clknet_1_0__leaf_clk (net)
                      0.073912    0.001151    0.438053 ^ _090_/CLK (sky130_fd_sc_hd__dfxtp_2)
                                  0.250000    0.688053   clock uncertainty
                                  0.000000    0.688053   clock reconvergence pessimism
                                 -0.085196    0.602857   library hold time
                                              0.602857   data required time
---------------------------------------------------------------------------------------------
                                              0.602857   data required time
                                             -2.525117   data arrival time
---------------------------------------------------------------------------------------------
                                              1.922259   slack (MET)


Startpoint: _090_ (rising edge-triggered flip-flop clocked by clk)
Endpoint: _091_ (rising edge-triggered flip-flop clocked by clk)
Path Group: clk
Path Type: min

Fanout         Cap        Slew       Delay        Time   Description
---------------------------------------------------------------------------------------------
                                  0.000000    0.000000   clock clk (rise edge)
                                  0.000000    0.000000   clock source latency
     2    0.047218    0.000000    0.000000    0.000000 ^ clk (in)
                                                         clk (net)
                      0.013794    0.006897    0.006897 ^ clkbuf_0_clk/A (sky130_fd_sc_hd__clkbuf_16)
     2    0.022704    0.070730    0.200612    0.207509 ^ clkbuf_0_clk/X (sky130_fd_sc_hd__clkbuf_16)
                                                         clknet_0_clk (net)
                      0.070731    0.000473    0.207982 ^ clkbuf_1_0__f_clk/A (sky130_fd_sc_hd__clkbuf_16)
     8    0.025114    0.073888    0.228920    0.436902 ^ clkbuf_1_0__f_clk/X (sky130_fd_sc_hd__clkbuf_16)
                                                         clknet_1_0__leaf_clk (net)
                      0.073912    0.001151    0.438053 ^ _090_/CLK (sky130_fd_sc_hd__dfxtp_2)
     7    0.023697    0.120210    0.680390    1.118443 v _090_/Q (sky130_fd_sc_hd__dfxtp_2)
                                                         net2 (net)
                      0.120217    0.001073    1.119516 v _048_/A1 (sky130_fd_sc_hd__o21ai_1)
     1    0.004202    0.167236    0.263172    1.382688 ^ _048_/Y (sky130_fd_sc_hd__o21ai_1)
                                                         _018_ (net)
                      0.167236    0.000144    1.382832 ^ _049_/B1 (sky130_fd_sc_hd__a21oi_1)
     1    0.002252    0.059224    0.102071    1.484903 v _049_/Y (sky130_fd_sc_hd__a21oi_1)
                                                         _001_ (net)
                      0.059224    0.000047    1.484950 v hold5/A (sky130_fd_sc_hd__dlygate4sd3_1)
     1    0.002088    0.099896    1.106736    2.591686 v hold5/X (sky130_fd_sc_hd__dlygate4sd3_1)
                                                         net38 (net)
                      0.099896    0.000058    2.591744 v _091_/D (sky130_fd_sc_hd__dfxtp_1)
                                              2.591744   data arrival time

                                  0.000000    0.000000   clock clk (rise edge)
                                  0.000000    0.000000   clock source latency
     2    0.047218    0.000000    0.000000    0.000000 ^ clk (in)
                                                         clk (net)
                      0.013794    0.006897    0.006897 ^ clkbuf_0_clk/A (sky130_fd_sc_hd__clkbuf_16)
     2    0.022704    0.070730    0.200612    0.207509 ^ clkbuf_0_clk/X (sky130_fd_sc_hd__clkbuf_16)
                                                         clknet_0_clk (net)
                      0.070731    0.000473    0.207982 ^ clkbuf_1_0__f_clk/A (sky130_fd_sc_hd__clkbuf_16)
     8    0.025114    0.073888    0.228920    0.436902 ^ clkbuf_1_0__f_clk/X (sky130_fd_sc_hd__clkbuf_16)
                                                         clknet_1_0__leaf_clk (net)
                      0.073918    0.001258    0.438160 ^ _091_/CLK (sky130_fd_sc_hd__dfxtp_1)
                                  0.250000    0.688160   clock uncertainty
                                  0.000000    0.688160   clock reconvergence pessimism
                                 -0.115493    0.572666   library hold time
                                              0.572666   data required time
---------------------------------------------------------------------------------------------
                                              0.572666   data required time
                                             -2.591744   data arrival time
---------------------------------------------------------------------------------------------
                                              2.019078   slack (MET)



