
===========================================================================
 report_power
============================================================================
======================= nom_ss_100C_1v60 Corner ===================================

Group                    Internal    Switching      Leakage        Total
                            Power        Power        Power        Power (Watts)
------------------------------------------------------------------------
Sequential           2.015718e-05 4.336380e-07 2.211409e-07 2.081196e-05  43.9%
Combinational        1.010653e-06 3.643434e-07 3.285547e-07 1.703552e-06   3.6%
Clock                1.705223e-05 7.761577e-06 5.789222e-08 2.487170e-05  52.5%
Macro                0.000000e+00 0.000000e+00 0.000000e+00 0.000000e+00   0.0%
Pad                  0.000000e+00 0.000000e+00 0.000000e+00 0.000000e+00   0.0%
------------------------------------------------------------------------
Total                3.822006e-05 8.559559e-06 6.075878e-07 4.738720e-05 100.0%
                            80.7%        18.1%         1.3%

