Clock: clk
Sources: clk 
Generated: no
Virtual: yes
Propagated: no
Period: 25.000000

===========================================================================
report_clock_properties
============================================================================
Clock                   Period          Waveform
----------------------------------------------------
clk                  25.000000    0.000000 12.500000

===========================================================================
report_clock_latency
============================================================================
Clock clk
rise -> rise
    min     max
0.000000 0.000000 source latency
0.183133         network latency _096_/CLK
        0.186052 network latency _105_/CLK
---------------
0.183133 0.186052 latency
        0.002919 skew

fall -> fall
    min     max
0.000000 0.000000 source latency
0.204098         network latency _096_/CLK
        0.206620 network latency _105_/CLK
---------------
0.204098 0.206620 latency
        0.002522 skew



===========================================================================
report_clock_min_period
============================================================================
clk period_min = 1.49 fmax = 669.89
