
===========================================================================
 report_power
============================================================================
======================= max_ff_n40C_1v95 Corner ===================================

Group                    Internal    Switching      Leakage        Total
                            Power        Power        Power        Power (Watts)
------------------------------------------------------------------------
Sequential           3.015455e-05 6.789026e-07 2.414225e-10 3.083369e-05  44.5%
Combinational        1.427120e-06 5.705670e-07 7.051439e-10 1.998392e-06   2.9%
Clock                2.402271e-05 1.243307e-05 1.248546e-09 3.645703e-05  52.6%
Macro                0.000000e+00 0.000000e+00 0.000000e+00 0.000000e+00   0.0%
Pad                  0.000000e+00 0.000000e+00 0.000000e+00 0.000000e+00   0.0%
------------------------------------------------------------------------
Total                5.560439e-05 1.368254e-05 2.195111e-09 6.928912e-05 100.0%
                            80.2%        19.7%         0.0%

