Clock: clk
Sources: clk 
Generated: no
Virtual: yes
Propagated: no
Period: 25.000000

===========================================================================
report_clock_properties
============================================================================
Clock                   Period          Waveform
----------------------------------------------------
clk                  25.000000    0.000000 12.500000

===========================================================================
report_clock_latency
============================================================================
Clock clk
rise -> rise
    min     max
0.000000 0.000000 source latency
0.175086         network latency _096_/CLK
        0.177207 network latency _105_/CLK
---------------
0.175086 0.177207 latency
        0.002120 skew

fall -> fall
    min     max
0.000000 0.000000 source latency
0.195775         network latency _096_/CLK
        0.197626 network latency _105_/CLK
---------------
0.195775 0.197626 latency
        0.001851 skew



===========================================================================
report_clock_min_period
============================================================================
clk period_min = 1.46 fmax = 685.63
