
===========================================================================
report_checks -path_delay min (Hold)
============================================================================
======================= min_ff_n40C_1v95 Corner ===================================

Startpoint: _095_ (rising edge-triggered flip-flop clocked by clk)
Endpoint: _095_ (rising edge-triggered flip-flop clocked by clk)
Path Group: clk
Path Type: min

Fanout         Cap        Slew       Delay        Time   Description
---------------------------------------------------------------------------------------------
                                  0.000000    0.000000   clock clk (rise edge)
                                  0.000000    0.000000   clock source latency
     2    0.044096    0.000000    0.000000    0.000000 ^ clk (in)
                                                         clk (net)
                      0.010806    0.005403    0.005403 ^ clkbuf_0_clk/A (sky130_fd_sc_hd__clkbuf_16)
     2    0.022174    0.032553    0.080405    0.085808 ^ clkbuf_0_clk/X (sky130_fd_sc_hd__clkbuf_16)
                                                         clknet_0_clk (net)
                      0.032553    0.000193    0.086001 ^ clkbuf_1_0__f_clk/A (sky130_fd_sc_hd__clkbuf_16)
     8    0.025838    0.035110    0.088851    0.174852 ^ clkbuf_1_0__f_clk/X (sky130_fd_sc_hd__clkbuf_16)
                                                         clknet_1_0__leaf_clk (net)
                      0.035111    0.000294    0.175146 ^ _095_/CLK (sky130_fd_sc_hd__dfxtp_1)
     3    0.008035    0.063695    0.210938    0.386084 ^ _095_/Q (sky130_fd_sc_hd__dfxtp_1)
                                                         net13 (net)
                      0.063695    0.000075    0.386159 ^ _058_/B1 (sky130_fd_sc_hd__a21o_1)
     1    0.002479    0.023852    0.049165    0.435323 ^ _058_/X (sky130_fd_sc_hd__a21o_1)
                                                         _024_ (net)
                      0.023852    0.000024    0.435348 ^ _061_/C (sky130_fd_sc_hd__and3b_1)
     1    0.002075    0.029870    0.084410    0.519758 ^ _061_/X (sky130_fd_sc_hd__and3b_1)
                                                         _005_ (net)
                      0.029870    0.000018    0.519776 ^ _095_/D (sky130_fd_sc_hd__dfxtp_1)
                                              0.519776   data arrival time

                                  0.000000    0.000000   clock clk (rise edge)
                                  0.000000    0.000000   clock source latency
     2    0.044096    0.000000    0.000000    0.000000 ^ clk (in)
                                                         clk (net)
                      0.010806    0.005403    0.005403 ^ clkbuf_0_clk/A (sky130_fd_sc_hd__clkbuf_16)
     2    0.022174    0.032553    0.080405    0.085808 ^ clkbuf_0_clk/X (sky130_fd_sc_hd__clkbuf_16)
                                                         clknet_0_clk (net)
                      0.032553    0.000193    0.086001 ^ clkbuf_1_0__f_clk/A (sky130_fd_sc_hd__clkbuf_16)
     8    0.025838    0.035110    0.088851    0.174852 ^ clkbuf_1_0__f_clk/X (sky130_fd_sc_hd__clkbuf_16)
                                                         clknet_1_0__leaf_clk (net)
                      0.035111    0.000294    0.175146 ^ _095_/CLK (sky130_fd_sc_hd__dfxtp_1)
                                  0.250000    0.425146   clock uncertainty
                                  0.000000    0.425146   clock reconvergence pessimism
                                 -0.017122    0.408024   library hold time
                                              0.408024   data required time
---------------------------------------------------------------------------------------------
                                              0.408024   data required time
                                             -0.519776   data arrival time
---------------------------------------------------------------------------------------------
                                              0.111752   slack (MET)


Startpoint: _101_ (rising edge-triggered flip-flop clocked by clk)
Endpoint: _102_ (rising edge-triggered flip-flop clocked by clk)
Path Group: clk
Path Type: min

Fanout         Cap        Slew       Delay        Time   Description
---------------------------------------------------------------------------------------------
                                  0.000000    0.000000   clock clk (rise edge)
                                  0.000000    0.000000   clock source latency
     2    0.044096    0.000000    0.000000    0.000000 ^ clk (in)
                                                         clk (net)
                      0.010806    0.005403    0.005403 ^ clkbuf_0_clk/A (sky130_fd_sc_hd__clkbuf_16)
     2    0.022174    0.032553    0.080405    0.085808 ^ clkbuf_0_clk/X (sky130_fd_sc_hd__clkbuf_16)
                                                         clknet_0_clk (net)
                      0.032557    0.000293    0.086101 ^ clkbuf_1_1__f_clk/A (sky130_fd_sc_hd__clkbuf_16)
     8    0.028287    0.036836    0.090623    0.176724 ^ clkbuf_1_1__f_clk/X (sky130_fd_sc_hd__clkbuf_16)
                                                         clknet_1_1__leaf_clk (net)
                      0.036836    0.000148    0.176871 ^ _101_/CLK (sky130_fd_sc_hd__dfxtp_2)
     9    0.025137    0.099554    0.247874    0.424745 ^ _101_/Q (sky130_fd_sc_hd__dfxtp_2)
                                                         net4 (net)
                      0.099554    0.000389    0.425134 ^ _079_/A1 (sky130_fd_sc_hd__a21oi_1)
     1    0.002532    0.016937    0.039919    0.465053 v _079_/Y (sky130_fd_sc_hd__a21oi_1)
                                                         _038_ (net)
                      0.016937    0.000012    0.465065 v _081_/A (sky130_fd_sc_hd__nor2_1)
     1    0.002302    0.047409    0.055536    0.520601 ^ _081_/Y (sky130_fd_sc_hd__nor2_1)
                                                         _012_ (net)
                      0.047409    0.000021    0.520622 ^ _102_/D (sky130_fd_sc_hd__dfxtp_1)
                                              0.520622   data arrival time

                                  0.000000    0.000000   clock clk (rise edge)
                                  0.000000    0.000000   clock source latency
     2    0.044096    0.000000    0.000000    0.000000 ^ clk (in)
                                                         clk (net)
                      0.010806    0.005403    0.005403 ^ clkbuf_0_clk/A (sky130_fd_sc_hd__clkbuf_16)
     2    0.022174    0.032553    0.080405    0.085808 ^ clkbuf_0_clk/X (sky130_fd_sc_hd__clkbuf_16)
                                                         clknet_0_clk (net)
                      0.032557    0.000293    0.086101 ^ clkbuf_1_1__f_clk/A (sky130_fd_sc_hd__clkbuf_16)
     8    0.028287    0.036836    0.090623    0.176724 ^ clkbuf_1_1__f_clk/X (sky130_fd_sc_hd__clkbuf_16)
                                                         clknet_1_1__leaf_clk (net)
                      0.036837    0.000269    0.176993 ^ _102_/CLK (sky130_fd_sc_hd__dfxtp_1)
                                  0.250000    0.426993   clock uncertainty
                                  0.000000    0.426993   clock reconvergence pessimism
                                 -0.018321    0.408672   library hold time
                                              0.408672   data required time
---------------------------------------------------------------------------------------------
                                              0.408672   data required time
                                             -0.520622   data arrival time
---------------------------------------------------------------------------------------------
                                              0.111950   slack (MET)


Startpoint: _093_ (rising edge-triggered flip-flop clocked by clk)
Endpoint: _093_ (rising edge-triggered flip-flop clocked by clk)
Path Group: clk
Path Type: min

Fanout         Cap        Slew       Delay        Time   Description
---------------------------------------------------------------------------------------------
                                  0.000000    0.000000   clock clk (rise edge)
                                  0.000000    0.000000   clock source latency
     2    0.044096    0.000000    0.000000    0.000000 ^ clk (in)
                                                         clk (net)
                      0.010806    0.005403    0.005403 ^ clkbuf_0_clk/A (sky130_fd_sc_hd__clkbuf_16)
     2    0.022174    0.032553    0.080405    0.085808 ^ clkbuf_0_clk/X (sky130_fd_sc_hd__clkbuf_16)
                                                         clknet_0_clk (net)
                      0.032553    0.000193    0.086001 ^ clkbuf_1_0__f_clk/A (sky130_fd_sc_hd__clkbuf_16)
     8    0.025838    0.035110    0.088851    0.174852 ^ clkbuf_1_0__f_clk/X (sky130_fd_sc_hd__clkbuf_16)
                                                         clknet_1_0__leaf_clk (net)
                      0.035120    0.000555    0.175406 ^ _093_/CLK (sky130_fd_sc_hd__dfxtp_1)
     3    0.007909    0.062849    0.210357    0.385763 ^ _093_/Q (sky130_fd_sc_hd__dfxtp_1)
                                                         net11 (net)
                      0.062849    0.000054    0.385818 ^ _053_/B1 (sky130_fd_sc_hd__a31o_1)
     1    0.002241    0.024066    0.053241    0.439058 ^ _053_/X (sky130_fd_sc_hd__a31o_1)
                                                         _021_ (net)
                      0.024066    0.000012    0.439070 ^ _055_/C (sky130_fd_sc_hd__and3b_1)
     1    0.002667    0.033518    0.088049    0.527120 ^ _055_/X (sky130_fd_sc_hd__and3b_1)
                                                         _003_ (net)
                      0.033518    0.000031    0.527151 ^ _093_/D (sky130_fd_sc_hd__dfxtp_1)
                                              0.527151   data arrival time

                                  0.000000    0.000000   clock clk (rise edge)
                                  0.000000    0.000000   clock source latency
     2    0.044096    0.000000    0.000000    0.000000 ^ clk (in)
                                                         clk (net)
                      0.010806    0.005403    0.005403 ^ clkbuf_0_clk/A (sky130_fd_sc_hd__clkbuf_16)
     2    0.022174    0.032553    0.080405    0.085808 ^ clkbuf_0_clk/X (sky130_fd_sc_hd__clkbuf_16)
                                                         clknet_0_clk (net)
                      0.032553    0.000193    0.086001 ^ clkbuf_1_0__f_clk/A (sky130_fd_sc_hd__clkbuf_16)
     8    0.025838    0.035110    0.088851    0.174852 ^ clkbuf_1_0__f_clk/X (sky130_fd_sc_hd__clkbuf_16)
                                                         clknet_1_0__leaf_clk (net)
                      0.035120    0.000555    0.175406 ^ _093_/CLK (sky130_fd_sc_hd__dfxtp_1)
                                  0.250000    0.425406   clock uncertainty
                                  0.000000    0.425406   clock reconvergence pessimism
                                 -0.017380    0.408027   library hold time
                                              0.408027   data required time
---------------------------------------------------------------------------------------------
                                              0.408027   data required time
                                             -0.527151   data arrival time
---------------------------------------------------------------------------------------------
                                              0.119125   slack (MET)


Startpoint: _101_ (rising edge-triggered flip-flop clocked by clk)
Endpoint: _105_ (rising edge-triggered flip-flop clocked by clk)
Path Group: clk
Path Type: min

Fanout         Cap        Slew       Delay        Time   Description
---------------------------------------------------------------------------------------------
                                  0.000000    0.000000   clock clk (rise edge)
                                  0.000000    0.000000   clock source latency
     2    0.044096    0.000000    0.000000    0.000000 ^ clk (in)
                                                         clk (net)
                      0.010806    0.005403    0.005403 ^ clkbuf_0_clk/A (sky130_fd_sc_hd__clkbuf_16)
     2    0.022174    0.032553    0.080405    0.085808 ^ clkbuf_0_clk/X (sky130_fd_sc_hd__clkbuf_16)
                                                         clknet_0_clk (net)
                      0.032557    0.000293    0.086101 ^ clkbuf_1_1__f_clk/A (sky130_fd_sc_hd__clkbuf_16)
     8    0.028287    0.036836    0.090623    0.176724 ^ clkbuf_1_1__f_clk/X (sky130_fd_sc_hd__clkbuf_16)
                                                         clknet_1_1__leaf_clk (net)
                      0.036836    0.000148    0.176871 ^ _101_/CLK (sky130_fd_sc_hd__dfxtp_2)
     9    0.023836    0.047516    0.226124    0.402996 v _101_/Q (sky130_fd_sc_hd__dfxtp_2)
                                                         net4 (net)
                      0.047517    0.000275    0.403271 v _086_/A (sky130_fd_sc_hd__nand3_1)
     2    0.006393    0.059633    0.067888    0.471159 ^ _086_/Y (sky130_fd_sc_hd__nand3_1)
                                                         _043_ (net)
                      0.059633    0.000066    0.471225 ^ _089_/A2 (sky130_fd_sc_hd__a21oi_1)
     1    0.002841    0.016510    0.041111    0.512336 v _089_/Y (sky130_fd_sc_hd__a21oi_1)
                                                         _015_ (net)
                      0.016510    0.000022    0.512358 v _105_/D (sky130_fd_sc_hd__dfxtp_1)
                                              0.512358   data arrival time

                                  0.000000    0.000000   clock clk (rise edge)
                                  0.000000    0.000000   clock source latency
     2    0.044096    0.000000    0.000000    0.000000 ^ clk (in)
                                                         clk (net)
                      0.010806    0.005403    0.005403 ^ clkbuf_0_clk/A (sky130_fd_sc_hd__clkbuf_16)
     2    0.022174    0.032553    0.080405    0.085808 ^ clkbuf_0_clk/X (sky130_fd_sc_hd__clkbuf_16)
                                                         clknet_0_clk (net)
                      0.032557    0.000293    0.086101 ^ clkbuf_1_1__f_clk/A (sky130_fd_sc_hd__clkbuf_16)
     8    0.028287    0.036836    0.090623    0.176724 ^ clkbuf_1_1__f_clk/X (sky130_fd_sc_hd__clkbuf_16)
                                                         clknet_1_1__leaf_clk (net)
                      0.036843    0.000483    0.177207 ^ _105_/CLK (sky130_fd_sc_hd__dfxtp_1)
                                  0.250000    0.427207   clock uncertainty
                                  0.000000    0.427207   clock reconvergence pessimism
                                 -0.034193    0.393014   library hold time
                                              0.393014   data required time
---------------------------------------------------------------------------------------------
                                              0.393014   data required time
                                             -0.512358   data arrival time
---------------------------------------------------------------------------------------------
                                              0.119345   slack (MET)


Startpoint: _101_ (rising edge-triggered flip-flop clocked by clk)
Endpoint: _104_ (rising edge-triggered flip-flop clocked by clk)
Path Group: clk
Path Type: min

Fanout         Cap        Slew       Delay        Time   Description
---------------------------------------------------------------------------------------------
                                  0.000000    0.000000   clock clk (rise edge)
                                  0.000000    0.000000   clock source latency
     2    0.044096    0.000000    0.000000    0.000000 ^ clk (in)
                                                         clk (net)
                      0.010806    0.005403    0.005403 ^ clkbuf_0_clk/A (sky130_fd_sc_hd__clkbuf_16)
     2    0.022174    0.032553    0.080405    0.085808 ^ clkbuf_0_clk/X (sky130_fd_sc_hd__clkbuf_16)
                                                         clknet_0_clk (net)
                      0.032557    0.000293    0.086101 ^ clkbuf_1_1__f_clk/A (sky130_fd_sc_hd__clkbuf_16)
     8    0.028287    0.036836    0.090623    0.176724 ^ clkbuf_1_1__f_clk/X (sky130_fd_sc_hd__clkbuf_16)
                                                         clknet_1_1__leaf_clk (net)
                      0.036836    0.000148    0.176871 ^ _101_/CLK (sky130_fd_sc_hd__dfxtp_2)
     9    0.023836    0.047516    0.226124    0.402996 v _101_/Q (sky130_fd_sc_hd__dfxtp_2)
                                                         net4 (net)
                      0.047517    0.000275    0.403271 v _086_/A (sky130_fd_sc_hd__nand3_1)
     2    0.006393    0.059633    0.067888    0.471159 ^ _086_/Y (sky130_fd_sc_hd__nand3_1)
                                                         _043_ (net)
                      0.059633    0.000046    0.471205 ^ _087_/B1 (sky130_fd_sc_hd__o211a_1)
     1    0.002483    0.025552    0.069917    0.541122 ^ _087_/X (sky130_fd_sc_hd__o211a_1)
                                                         _014_ (net)
                      0.025552    0.000016    0.541138 ^ _104_/D (sky130_fd_sc_hd__dfxtp_1)
                                              0.541138   data arrival time

                                  0.000000    0.000000   clock clk (rise edge)
                                  0.000000    0.000000   clock source latency
     2    0.044096    0.000000    0.000000    0.000000 ^ clk (in)
                                                         clk (net)
                      0.010806    0.005403    0.005403 ^ clkbuf_0_clk/A (sky130_fd_sc_hd__clkbuf_16)
     2    0.022174    0.032553    0.080405    0.085808 ^ clkbuf_0_clk/X (sky130_fd_sc_hd__clkbuf_16)
                                                         clknet_0_clk (net)
                      0.032557    0.000293    0.086101 ^ clkbuf_1_1__f_clk/A (sky130_fd_sc_hd__clkbuf_16)
     8    0.028287    0.036836    0.090623    0.176724 ^ clkbuf_1_1__f_clk/X (sky130_fd_sc_hd__clkbuf_16)
                                                         clknet_1_1__leaf_clk (net)
                      0.036843    0.000479    0.177203 ^ _104_/CLK (sky130_fd_sc_hd__dfxtp_1)
                                  0.250000    0.427203   clock uncertainty
                                  0.000000    0.427203   clock reconvergence pessimism
                                 -0.016775    0.410427   library hold time
                                              0.410427   data required time
---------------------------------------------------------------------------------------------
                                              0.410427   data required time
                                             -0.541138   data arrival time
---------------------------------------------------------------------------------------------
                                              0.130711   slack (MET)


Startpoint: _094_ (rising edge-triggered flip-flop clocked by clk)
Endpoint: _094_ (rising edge-triggered flip-flop clocked by clk)
Path Group: clk
Path Type: min

Fanout         Cap        Slew       Delay        Time   Description
---------------------------------------------------------------------------------------------
                                  0.000000    0.000000   clock clk (rise edge)
                                  0.000000    0.000000   clock source latency
     2    0.044096    0.000000    0.000000    0.000000 ^ clk (in)
                                                         clk (net)
                      0.010806    0.005403    0.005403 ^ clkbuf_0_clk/A (sky130_fd_sc_hd__clkbuf_16)
     2    0.022174    0.032553    0.080405    0.085808 ^ clkbuf_0_clk/X (sky130_fd_sc_hd__clkbuf_16)
                                                         clknet_0_clk (net)
                      0.032553    0.000193    0.086001 ^ clkbuf_1_0__f_clk/A (sky130_fd_sc_hd__clkbuf_16)
     8    0.025838    0.035110    0.088851    0.174852 ^ clkbuf_1_0__f_clk/X (sky130_fd_sc_hd__clkbuf_16)
                                                         clknet_1_0__leaf_clk (net)
                      0.035118    0.000510    0.175362 ^ _094_/CLK (sky130_fd_sc_hd__dfxtp_1)
     5    0.014400    0.052321    0.216877    0.392239 v _094_/Q (sky130_fd_sc_hd__dfxtp_1)
                                                         net12 (net)
                      0.052321    0.000131    0.392370 v _056_/A1 (sky130_fd_sc_hd__a21oi_1)
     1    0.003287    0.055528    0.092428    0.484799 ^ _056_/Y (sky130_fd_sc_hd__a21oi_1)
                                                         _023_ (net)
                      0.055528    0.000034    0.484833 ^ _057_/B1 (sky130_fd_sc_hd__o21a_1)
     1    0.002182    0.024104    0.055403    0.540236 ^ _057_/X (sky130_fd_sc_hd__o21a_1)
                                                         _004_ (net)
                      0.024104    0.000019    0.540255 ^ _094_/D (sky130_fd_sc_hd__dfxtp_1)
                                              0.540255   data arrival time

                                  0.000000    0.000000   clock clk (rise edge)
                                  0.000000    0.000000   clock source latency
     2    0.044096    0.000000    0.000000    0.000000 ^ clk (in)
                                                         clk (net)
                      0.010806    0.005403    0.005403 ^ clkbuf_0_clk/A (sky130_fd_sc_hd__clkbuf_16)
     2    0.022174    0.032553    0.080405    0.085808 ^ clkbuf_0_clk/X (sky130_fd_sc_hd__clkbuf_16)
                                                         clknet_0_clk (net)
                      0.032553    0.000193    0.086001 ^ clkbuf_1_0__f_clk/A (sky130_fd_sc_hd__clkbuf_16)
     8    0.025838    0.035110    0.088851    0.174852 ^ clkbuf_1_0__f_clk/X (sky130_fd_sc_hd__clkbuf_16)
                                                         clknet_1_0__leaf_clk (net)
                      0.035118    0.000510    0.175362 ^ _094_/CLK (sky130_fd_sc_hd__dfxtp_1)
                                  0.250000    0.425362   clock uncertainty
                                  0.000000    0.425362   clock reconvergence pessimism
                                 -0.016714    0.408648   library hold time
                                              0.408648   data required time
---------------------------------------------------------------------------------------------
                                              0.408648   data required time
                                             -0.540255   data arrival time
---------------------------------------------------------------------------------------------
                                              0.131608   slack (MET)


Startpoint: _090_ (rising edge-triggered flip-flop clocked by clk)
Endpoint: _092_ (rising edge-triggered flip-flop clocked by clk)
Path Group: clk
Path Type: min

Fanout         Cap        Slew       Delay        Time   Description
---------------------------------------------------------------------------------------------
                                  0.000000    0.000000   clock clk (rise edge)
                                  0.000000    0.000000   clock source latency
     2    0.044096    0.000000    0.000000    0.000000 ^ clk (in)
                                                         clk (net)
                      0.010806    0.005403    0.005403 ^ clkbuf_0_clk/A (sky130_fd_sc_hd__clkbuf_16)
     2    0.022174    0.032553    0.080405    0.085808 ^ clkbuf_0_clk/X (sky130_fd_sc_hd__clkbuf_16)
                                                         clknet_0_clk (net)
                      0.032553    0.000193    0.086001 ^ clkbuf_1_0__f_clk/A (sky130_fd_sc_hd__clkbuf_16)
     8    0.025838    0.035110    0.088851    0.174852 ^ clkbuf_1_0__f_clk/X (sky130_fd_sc_hd__clkbuf_16)
                                                         clknet_1_0__leaf_clk (net)
                      0.035125    0.000656    0.175508 ^ _090_/CLK (sky130_fd_sc_hd__dfxtp_2)
     7    0.024066    0.095667    0.244486    0.419994 ^ _090_/Q (sky130_fd_sc_hd__dfxtp_2)
                                                         net2 (net)
                      0.095668    0.000439    0.420432 ^ _051_/A1 (sky130_fd_sc_hd__a31o_1)
     1    0.002833    0.028581    0.083982    0.504414 ^ _051_/X (sky130_fd_sc_hd__a31o_1)
                                                         _020_ (net)
                      0.028581    0.000015    0.504429 ^ _052_/B (sky130_fd_sc_hd__nor2_1)
     1    0.002301    0.013759    0.019328    0.523757 v _052_/Y (sky130_fd_sc_hd__nor2_1)
                                                         _002_ (net)
                      0.013759    0.000021    0.523778 v _092_/D (sky130_fd_sc_hd__dfxtp_1)
                                              0.523778   data arrival time

                                  0.000000    0.000000   clock clk (rise edge)
                                  0.000000    0.000000   clock source latency
     2    0.044096    0.000000    0.000000    0.000000 ^ clk (in)
                                                         clk (net)
                      0.010806    0.005403    0.005403 ^ clkbuf_0_clk/A (sky130_fd_sc_hd__clkbuf_16)
     2    0.022174    0.032553    0.080405    0.085808 ^ clkbuf_0_clk/X (sky130_fd_sc_hd__clkbuf_16)
                                                         clknet_0_clk (net)
                      0.032553    0.000193    0.086001 ^ clkbuf_1_0__f_clk/A (sky130_fd_sc_hd__clkbuf_16)
     8    0.025838    0.035110    0.088851    0.174852 ^ clkbuf_1_0__f_clk/X (sky130_fd_sc_hd__clkbuf_16)
                                                         clknet_1_0__leaf_clk (net)
                      0.035128    0.000709    0.175561 ^ _092_/CLK (sky130_fd_sc_hd__dfxtp_1)
                                  0.250000    0.425561   clock uncertainty
                                  0.000000    0.425561   clock reconvergence pessimism
                                 -0.033426    0.392134   library hold time
                                              0.392134   data required time
---------------------------------------------------------------------------------------------
                                              0.392134   data required time
                                             -0.523778   data arrival time
---------------------------------------------------------------------------------------------
                                              0.131644   slack (MET)


Startpoint: _101_ (rising edge-triggered flip-flop clocked by clk)
Endpoint: _101_ (rising edge-triggered flip-flop clocked by clk)
Path Group: clk
Path Type: min

Fanout         Cap        Slew       Delay        Time   Description
---------------------------------------------------------------------------------------------
                                  0.000000    0.000000   clock clk (rise edge)
                                  0.000000    0.000000   clock source latency
     2    0.044096    0.000000    0.000000    0.000000 ^ clk (in)
                                                         clk (net)
                      0.010806    0.005403    0.005403 ^ clkbuf_0_clk/A (sky130_fd_sc_hd__clkbuf_16)
     2    0.022174    0.032553    0.080405    0.085808 ^ clkbuf_0_clk/X (sky130_fd_sc_hd__clkbuf_16)
                                                         clknet_0_clk (net)
                      0.032557    0.000293    0.086101 ^ clkbuf_1_1__f_clk/A (sky130_fd_sc_hd__clkbuf_16)
     8    0.028287    0.036836    0.090623    0.176724 ^ clkbuf_1_1__f_clk/X (sky130_fd_sc_hd__clkbuf_16)
                                                         clknet_1_1__leaf_clk (net)
                      0.036836    0.000148    0.176871 ^ _101_/CLK (sky130_fd_sc_hd__dfxtp_2)
     9    0.025137    0.099554    0.247874    0.424745 ^ _101_/Q (sky130_fd_sc_hd__dfxtp_2)
                                                         net4 (net)
                      0.099554    0.000153    0.424898 ^ _077_/A1 (sky130_fd_sc_hd__a21oi_1)
     1    0.003875    0.036411    0.046158    0.471056 v _077_/Y (sky130_fd_sc_hd__a21oi_1)
                                                         _037_ (net)
                      0.036411    0.000054    0.471110 v _078_/B1 (sky130_fd_sc_hd__o21a_1)
     1    0.002245    0.015692    0.060027    0.531137 v _078_/X (sky130_fd_sc_hd__o21a_1)
                                                         _011_ (net)
                      0.015692    0.000021    0.531158 v _101_/D (sky130_fd_sc_hd__dfxtp_2)
                                              0.531158   data arrival time

                                  0.000000    0.000000   clock clk (rise edge)
                                  0.000000    0.000000   clock source latency
     2    0.044096    0.000000    0.000000    0.000000 ^ clk (in)
                                                         clk (net)
                      0.010806    0.005403    0.005403 ^ clkbuf_0_clk/A (sky130_fd_sc_hd__clkbuf_16)
     2    0.022174    0.032553    0.080405    0.085808 ^ clkbuf_0_clk/X (sky130_fd_sc_hd__clkbuf_16)
                                                         clknet_0_clk (net)
                      0.032557    0.000293    0.086101 ^ clkbuf_1_1__f_clk/A (sky130_fd_sc_hd__clkbuf_16)
     8    0.028287    0.036836    0.090623    0.176724 ^ clkbuf_1_1__f_clk/X (sky130_fd_sc_hd__clkbuf_16)
                                                         clknet_1_1__leaf_clk (net)
                      0.036836    0.000148    0.176871 ^ _101_/CLK (sky130_fd_sc_hd__dfxtp_2)
                                  0.250000    0.426871   clock uncertainty
                                  0.000000    0.426871   clock reconvergence pessimism
                                 -0.028992    0.397880   library hold time
                                              0.397880   data required time
---------------------------------------------------------------------------------------------
                                              0.397880   data required time
                                             -0.531158   data arrival time
---------------------------------------------------------------------------------------------
                                              0.133279   slack (MET)


Startpoint: _098_ (rising edge-triggered flip-flop clocked by clk)
Endpoint: _099_ (rising edge-triggered flip-flop clocked by clk)
Path Group: clk
Path Type: min

Fanout         Cap        Slew       Delay        Time   Description
---------------------------------------------------------------------------------------------
                                  0.000000    0.000000   clock clk (rise edge)
                                  0.000000    0.000000   clock source latency
     2    0.044096    0.000000    0.000000    0.000000 ^ clk (in)
                                                         clk (net)
                      0.010806    0.005403    0.005403 ^ clkbuf_0_clk/A (sky130_fd_sc_hd__clkbuf_16)
     2    0.022174    0.032553    0.080405    0.085808 ^ clkbuf_0_clk/X (sky130_fd_sc_hd__clkbuf_16)
                                                         clknet_0_clk (net)
                      0.032557    0.000293    0.086101 ^ clkbuf_1_1__f_clk/A (sky130_fd_sc_hd__clkbuf_16)
     8    0.028287    0.036836    0.090623    0.176724 ^ clkbuf_1_1__f_clk/X (sky130_fd_sc_hd__clkbuf_16)
                                                         clknet_1_1__leaf_clk (net)
                      0.036837    0.000229    0.176952 ^ _098_/CLK (sky130_fd_sc_hd__dfxtp_1)
     5    0.012029    0.045211    0.211730    0.388682 v _098_/Q (sky130_fd_sc_hd__dfxtp_1)
                                                         net16 (net)
                      0.045211    0.000127    0.388809 v _071_/A (sky130_fd_sc_hd__and3_1)
     2    0.006189    0.033562    0.104004    0.492813 v _071_/X (sky130_fd_sc_hd__and3_1)
                                                         _033_ (net)
                      0.033562    0.000066    0.492879 v _073_/A (sky130_fd_sc_hd__nor2_1)
     1    0.002108    0.045162    0.059623    0.552502 ^ _073_/Y (sky130_fd_sc_hd__nor2_1)
                                                         _009_ (net)
                      0.045162    0.000019    0.552521 ^ _099_/D (sky130_fd_sc_hd__dfxtp_1)
                                              0.552521   data arrival time

                                  0.000000    0.000000   clock clk (rise edge)
                                  0.000000    0.000000   clock source latency
     2    0.044096    0.000000    0.000000    0.000000 ^ clk (in)
                                                         clk (net)
                      0.010806    0.005403    0.005403 ^ clkbuf_0_clk/A (sky130_fd_sc_hd__clkbuf_16)
     2    0.022174    0.032553    0.080405    0.085808 ^ clkbuf_0_clk/X (sky130_fd_sc_hd__clkbuf_16)
                                                         clknet_0_clk (net)
                      0.032557    0.000293    0.086101 ^ clkbuf_1_1__f_clk/A (sky130_fd_sc_hd__clkbuf_16)
     8    0.028287    0.036836    0.090623    0.176724 ^ clkbuf_1_1__f_clk/X (sky130_fd_sc_hd__clkbuf_16)
                                                         clknet_1_1__leaf_clk (net)
                      0.036837    0.000244    0.176967 ^ _099_/CLK (sky130_fd_sc_hd__dfxtp_1)
                                  0.250000    0.426967   clock uncertainty
                                  0.000000    0.426967   clock reconvergence pessimism
                                 -0.018162    0.408805   library hold time
                                              0.408805   data required time
---------------------------------------------------------------------------------------------
                                              0.408805   data required time
                                             -0.552521   data arrival time
---------------------------------------------------------------------------------------------
                                              0.143716   slack (MET)


Startpoint: _098_ (rising edge-triggered flip-flop clocked by clk)
Endpoint: _098_ (rising edge-triggered flip-flop clocked by clk)
Path Group: clk
Path Type: min

Fanout         Cap        Slew       Delay        Time   Description
---------------------------------------------------------------------------------------------
                                  0.000000    0.000000   clock clk (rise edge)
                                  0.000000    0.000000   clock source latency
     2    0.044096    0.000000    0.000000    0.000000 ^ clk (in)
                                                         clk (net)
                      0.010806    0.005403    0.005403 ^ clkbuf_0_clk/A (sky130_fd_sc_hd__clkbuf_16)
     2    0.022174    0.032553    0.080405    0.085808 ^ clkbuf_0_clk/X (sky130_fd_sc_hd__clkbuf_16)
                                                         clknet_0_clk (net)
                      0.032557    0.000293    0.086101 ^ clkbuf_1_1__f_clk/A (sky130_fd_sc_hd__clkbuf_16)
     8    0.028287    0.036836    0.090623    0.176724 ^ clkbuf_1_1__f_clk/X (sky130_fd_sc_hd__clkbuf_16)
                                                         clknet_1_1__leaf_clk (net)
                      0.036837    0.000229    0.176952 ^ _098_/CLK (sky130_fd_sc_hd__dfxtp_1)
     5    0.012029    0.045211    0.211730    0.388682 v _098_/Q (sky130_fd_sc_hd__dfxtp_1)
                                                         net16 (net)
                      0.045211    0.000083    0.388765 v _068_/A (sky130_fd_sc_hd__and2_1)
     2    0.006695    0.034784    0.101100    0.489865 v _068_/X (sky130_fd_sc_hd__and2_1)
                                                         _031_ (net)
                      0.034784    0.000063    0.489929 v _070_/A (sky130_fd_sc_hd__nor2_1)
     1    0.002869    0.053826    0.066771    0.556700 ^ _070_/Y (sky130_fd_sc_hd__nor2_1)
                                                         _008_ (net)
                      0.053826    0.000033    0.556733 ^ _098_/D (sky130_fd_sc_hd__dfxtp_1)
                                              0.556733   data arrival time

                                  0.000000    0.000000   clock clk (rise edge)
                                  0.000000    0.000000   clock source latency
     2    0.044096    0.000000    0.000000    0.000000 ^ clk (in)
                                                         clk (net)
                      0.010806    0.005403    0.005403 ^ clkbuf_0_clk/A (sky130_fd_sc_hd__clkbuf_16)
     2    0.022174    0.032553    0.080405    0.085808 ^ clkbuf_0_clk/X (sky130_fd_sc_hd__clkbuf_16)
                                                         clknet_0_clk (net)
                      0.032557    0.000293    0.086101 ^ clkbuf_1_1__f_clk/A (sky130_fd_sc_hd__clkbuf_16)
     8    0.028287    0.036836    0.090623    0.176724 ^ clkbuf_1_1__f_clk/X (sky130_fd_sc_hd__clkbuf_16)
                                                         clknet_1_1__leaf_clk (net)
                      0.036837    0.000229    0.176952 ^ _098_/CLK (sky130_fd_sc_hd__dfxtp_1)
                                  0.250000    0.426952   clock uncertainty
                                  0.000000    0.426952   clock reconvergence pessimism
                                 -0.018775    0.408178   library hold time
                                              0.408178   data required time
---------------------------------------------------------------------------------------------
                                              0.408178   data required time
                                             -0.556733   data arrival time
---------------------------------------------------------------------------------------------
                                              0.148555   slack (MET)


Startpoint: _096_ (rising edge-triggered flip-flop clocked by clk)
Endpoint: _096_ (rising edge-triggered flip-flop clocked by clk)
Path Group: clk
Path Type: min

Fanout         Cap        Slew       Delay        Time   Description
---------------------------------------------------------------------------------------------
                                  0.000000    0.000000   clock clk (rise edge)
                                  0.000000    0.000000   clock source latency
     2    0.044096    0.000000    0.000000    0.000000 ^ clk (in)
                                                         clk (net)
                      0.010806    0.005403    0.005403 ^ clkbuf_0_clk/A (sky130_fd_sc_hd__clkbuf_16)
     2    0.022174    0.032553    0.080405    0.085808 ^ clkbuf_0_clk/X (sky130_fd_sc_hd__clkbuf_16)
                                                         clknet_0_clk (net)
                      0.032553    0.000193    0.086001 ^ clkbuf_1_0__f_clk/A (sky130_fd_sc_hd__clkbuf_16)
     8    0.025838    0.035110    0.088851    0.174852 ^ clkbuf_1_0__f_clk/X (sky130_fd_sc_hd__clkbuf_16)
                                                         clknet_1_0__leaf_clk (net)
                      0.035110    0.000234    0.175086 ^ _096_/CLK (sky130_fd_sc_hd__dfxtp_1)
     4    0.011003    0.083576    0.225177    0.400263 ^ _096_/Q (sky130_fd_sc_hd__dfxtp_1)
                                                         net14 (net)
                      0.083576    0.000221    0.400483 ^ _062_/A (sky130_fd_sc_hd__or2_1)
     1    0.002315    0.025872    0.068345    0.468829 ^ _062_/X (sky130_fd_sc_hd__or2_1)
                                                         _027_ (net)
                      0.025872    0.000021    0.468850 ^ _064_/C (sky130_fd_sc_hd__and3b_1)
     1    0.002719    0.033842    0.088677    0.557527 ^ _064_/X (sky130_fd_sc_hd__and3b_1)
                                                         _006_ (net)
                      0.033842    0.000033    0.557559 ^ _096_/D (sky130_fd_sc_hd__dfxtp_1)
                                              0.557559   data arrival time

                                  0.000000    0.000000   clock clk (rise edge)
                                  0.000000    0.000000   clock source latency
     2    0.044096    0.000000    0.000000    0.000000 ^ clk (in)
                                                         clk (net)
                      0.010806    0.005403    0.005403 ^ clkbuf_0_clk/A (sky130_fd_sc_hd__clkbuf_16)
     2    0.022174    0.032553    0.080405    0.085808 ^ clkbuf_0_clk/X (sky130_fd_sc_hd__clkbuf_16)
                                                         clknet_0_clk (net)
                      0.032553    0.000193    0.086001 ^ clkbuf_1_0__f_clk/A (sky130_fd_sc_hd__clkbuf_16)
     8    0.025838    0.035110    0.088851    0.174852 ^ clkbuf_1_0__f_clk/X (sky130_fd_sc_hd__clkbuf_16)
                                                         clknet_1_0__leaf_clk (net)
                      0.035110    0.000234    0.175086 ^ _096_/CLK (sky130_fd_sc_hd__dfxtp_1)
                                  0.250000    0.425086   clock uncertainty
                                  0.000000    0.425086   clock reconvergence pessimism
                                 -0.017403    0.407683   library hold time
                                              0.407683   data required time
---------------------------------------------------------------------------------------------
                                              0.407683   data required time
                                             -0.557559   data arrival time
---------------------------------------------------------------------------------------------
                                              0.149876   slack (MET)


Startpoint: _103_ (rising edge-triggered flip-flop clocked by clk)
Endpoint: _103_ (rising edge-triggered flip-flop clocked by clk)
Path Group: clk
Path Type: min

Fanout         Cap        Slew       Delay        Time   Description
---------------------------------------------------------------------------------------------
                                  0.000000    0.000000   clock clk (rise edge)
                                  0.000000    0.000000   clock source latency
     2    0.044096    0.000000    0.000000    0.000000 ^ clk (in)
                                                         clk (net)
                      0.010806    0.005403    0.005403 ^ clkbuf_0_clk/A (sky130_fd_sc_hd__clkbuf_16)
     2    0.022174    0.032553    0.080405    0.085808 ^ clkbuf_0_clk/X (sky130_fd_sc_hd__clkbuf_16)
                                                         clknet_0_clk (net)
                      0.032557    0.000293    0.086101 ^ clkbuf_1_1__f_clk/A (sky130_fd_sc_hd__clkbuf_16)
     8    0.028287    0.036836    0.090623    0.176724 ^ clkbuf_1_1__f_clk/X (sky130_fd_sc_hd__clkbuf_16)
                                                         clknet_1_1__leaf_clk (net)
                      0.036843    0.000469    0.177192 ^ _103_/CLK (sky130_fd_sc_hd__dfxtp_1)
     4    0.014807    0.109529    0.243728    0.420920 ^ _103_/Q (sky130_fd_sc_hd__dfxtp_1)
                                                         net6 (net)
                      0.109530    0.000545    0.421466 ^ _082_/B1 (sky130_fd_sc_hd__a31o_1)
     1    0.002225    0.024741    0.056599    0.478064 ^ _082_/X (sky130_fd_sc_hd__a31o_1)
                                                         _040_ (net)
                      0.024741    0.000012    0.478077 ^ _084_/C (sky130_fd_sc_hd__and3b_1)
     1    0.002303    0.031270    0.085954    0.564030 ^ _084_/X (sky130_fd_sc_hd__and3b_1)
                                                         _013_ (net)
                      0.031270    0.000022    0.564053 ^ _103_/D (sky130_fd_sc_hd__dfxtp_1)
                                              0.564053   data arrival time

                                  0.000000    0.000000   clock clk (rise edge)
                                  0.000000    0.000000   clock source latency
     2    0.044096    0.000000    0.000000    0.000000 ^ clk (in)
                                                         clk (net)
                      0.010806    0.005403    0.005403 ^ clkbuf_0_clk/A (sky130_fd_sc_hd__clkbuf_16)
     2    0.022174    0.032553    0.080405    0.085808 ^ clkbuf_0_clk/X (sky130_fd_sc_hd__clkbuf_16)
                                                         clknet_0_clk (net)
                      0.032557    0.000293    0.086101 ^ clkbuf_1_1__f_clk/A (sky130_fd_sc_hd__clkbuf_16)
     8    0.028287    0.036836    0.090623    0.176724 ^ clkbuf_1_1__f_clk/X (sky130_fd_sc_hd__clkbuf_16)
                                                         clknet_1_1__leaf_clk (net)
                      0.036843    0.000469    0.177192 ^ _103_/CLK (sky130_fd_sc_hd__dfxtp_1)
                                  0.250000    0.427192   clock uncertainty
                                  0.000000    0.427192   clock reconvergence pessimism
                                 -0.017180    0.410013   library hold time
                                              0.410013   data required time
---------------------------------------------------------------------------------------------
                                              0.410013   data required time
                                             -0.564053   data arrival time
---------------------------------------------------------------------------------------------
                                              0.154040   slack (MET)


Startpoint: _096_ (rising edge-triggered flip-flop clocked by clk)
Endpoint: _097_ (rising edge-triggered flip-flop clocked by clk)
Path Group: clk
Path Type: min

Fanout         Cap        Slew       Delay        Time   Description
---------------------------------------------------------------------------------------------
                                  0.000000    0.000000   clock clk (rise edge)
                                  0.000000    0.000000   clock source latency
     2    0.044096    0.000000    0.000000    0.000000 ^ clk (in)
                                                         clk (net)
                      0.010806    0.005403    0.005403 ^ clkbuf_0_clk/A (sky130_fd_sc_hd__clkbuf_16)
     2    0.022174    0.032553    0.080405    0.085808 ^ clkbuf_0_clk/X (sky130_fd_sc_hd__clkbuf_16)
                                                         clknet_0_clk (net)
                      0.032553    0.000193    0.086001 ^ clkbuf_1_0__f_clk/A (sky130_fd_sc_hd__clkbuf_16)
     8    0.025838    0.035110    0.088851    0.174852 ^ clkbuf_1_0__f_clk/X (sky130_fd_sc_hd__clkbuf_16)
                                                         clknet_1_0__leaf_clk (net)
                      0.035110    0.000234    0.175086 ^ _096_/CLK (sky130_fd_sc_hd__dfxtp_1)
     4    0.010557    0.040854    0.207633    0.382719 v _096_/Q (sky130_fd_sc_hd__dfxtp_1)
                                                         net14 (net)
                      0.040854    0.000177    0.382896 v _065_/A (sky130_fd_sc_hd__and4_1)
     5    0.016682    0.062019    0.133795    0.516691 v _065_/X (sky130_fd_sc_hd__and4_1)
                                                         _029_ (net)
                      0.062019    0.000082    0.516773 v _067_/A (sky130_fd_sc_hd__nor2_1)
     1    0.002330    0.047669    0.071245    0.588018 ^ _067_/Y (sky130_fd_sc_hd__nor2_1)
                                                         _007_ (net)
                      0.047669    0.000022    0.588040 ^ _097_/D (sky130_fd_sc_hd__dfxtp_1)
                                              0.588040   data arrival time

                                  0.000000    0.000000   clock clk (rise edge)
                                  0.000000    0.000000   clock source latency
     2    0.044096    0.000000    0.000000    0.000000 ^ clk (in)
                                                         clk (net)
                      0.010806    0.005403    0.005403 ^ clkbuf_0_clk/A (sky130_fd_sc_hd__clkbuf_16)
     2    0.022174    0.032553    0.080405    0.085808 ^ clkbuf_0_clk/X (sky130_fd_sc_hd__clkbuf_16)
                                                         clknet_0_clk (net)
                      0.032553    0.000193    0.086001 ^ clkbuf_1_0__f_clk/A (sky130_fd_sc_hd__clkbuf_16)
     8    0.025838    0.035110    0.088851    0.174852 ^ clkbuf_1_0__f_clk/X (sky130_fd_sc_hd__clkbuf_16)
                                                         clknet_1_0__leaf_clk (net)
                      0.035110    0.000260    0.175112 ^ _097_/CLK (sky130_fd_sc_hd__dfxtp_1)
                                  0.250000    0.425112   clock uncertainty
                                  0.000000    0.425112   clock reconvergence pessimism
                                 -0.018381    0.406731   library hold time
                                              0.406731   data required time
---------------------------------------------------------------------------------------------
                                              0.406731   data required time
                                             -0.588040   data arrival time
---------------------------------------------------------------------------------------------
                                              0.181309   slack (MET)


Startpoint: _099_ (rising edge-triggered flip-flop clocked by clk)
Endpoint: _100_ (rising edge-triggered flip-flop clocked by clk)
Path Group: clk
Path Type: min

Fanout         Cap        Slew       Delay        Time   Description
---------------------------------------------------------------------------------------------
                                  0.000000    0.000000   clock clk (rise edge)
                                  0.000000    0.000000   clock source latency
     2    0.044096    0.000000    0.000000    0.000000 ^ clk (in)
                                                         clk (net)
                      0.010806    0.005403    0.005403 ^ clkbuf_0_clk/A (sky130_fd_sc_hd__clkbuf_16)
     2    0.022174    0.032553    0.080405    0.085808 ^ clkbuf_0_clk/X (sky130_fd_sc_hd__clkbuf_16)
                                                         clknet_0_clk (net)
                      0.032557    0.000293    0.086101 ^ clkbuf_1_1__f_clk/A (sky130_fd_sc_hd__clkbuf_16)
     8    0.028287    0.036836    0.090623    0.176724 ^ clkbuf_1_1__f_clk/X (sky130_fd_sc_hd__clkbuf_16)
                                                         clknet_1_1__leaf_clk (net)
                      0.036837    0.000244    0.176967 ^ _099_/CLK (sky130_fd_sc_hd__dfxtp_1)
     4    0.009589    0.074093    0.218948    0.395916 ^ _099_/Q (sky130_fd_sc_hd__dfxtp_1)
                                                         net17 (net)
                      0.074093    0.000114    0.396030 ^ _071_/B (sky130_fd_sc_hd__and3_1)
     2    0.006701    0.060110    0.115257    0.511286 ^ _071_/X (sky130_fd_sc_hd__and3_1)
                                                         _033_ (net)
                      0.060110    0.000053    0.511339 ^ _075_/A2 (sky130_fd_sc_hd__o21ai_1)
     1    0.003031    0.024135    0.036817    0.548155 v _075_/Y (sky130_fd_sc_hd__o21ai_1)
                                                         _036_ (net)
                      0.024135    0.000033    0.548188 v _076_/B (sky130_fd_sc_hd__nor2_1)
     1    0.002093    0.046291    0.046053    0.594240 ^ _076_/Y (sky130_fd_sc_hd__nor2_1)
                                                         _010_ (net)
                      0.046291    0.000010    0.594251 ^ _100_/D (sky130_fd_sc_hd__dfxtp_1)
                                              0.594251   data arrival time

                                  0.000000    0.000000   clock clk (rise edge)
                                  0.000000    0.000000   clock source latency
     2    0.044096    0.000000    0.000000    0.000000 ^ clk (in)
                                                         clk (net)
                      0.010806    0.005403    0.005403 ^ clkbuf_0_clk/A (sky130_fd_sc_hd__clkbuf_16)
     2    0.022174    0.032553    0.080405    0.085808 ^ clkbuf_0_clk/X (sky130_fd_sc_hd__clkbuf_16)
                                                         clknet_0_clk (net)
                      0.032557    0.000293    0.086101 ^ clkbuf_1_1__f_clk/A (sky130_fd_sc_hd__clkbuf_16)
     8    0.028287    0.036836    0.090623    0.176724 ^ clkbuf_1_1__f_clk/X (sky130_fd_sc_hd__clkbuf_16)
                                                         clknet_1_1__leaf_clk (net)
                      0.036836    0.000135    0.176859 ^ _100_/CLK (sky130_fd_sc_hd__dfxtp_1)
                                  0.250000    0.426859   clock uncertainty
                                  0.000000    0.426859   clock reconvergence pessimism
                                 -0.018242    0.408617   library hold time
                                              0.408617   data required time
---------------------------------------------------------------------------------------------
                                              0.408617   data required time
                                             -0.594251   data arrival time
---------------------------------------------------------------------------------------------
                                              0.185633   slack (MET)


Startpoint: _090_ (rising edge-triggered flip-flop clocked by clk)
Endpoint: _090_ (rising edge-triggered flip-flop clocked by clk)
Path Group: clk
Path Type: min

Fanout         Cap        Slew       Delay        Time   Description
---------------------------------------------------------------------------------------------
                                  0.000000    0.000000   clock clk (rise edge)
                                  0.000000    0.000000   clock source latency
     2    0.044096    0.000000    0.000000    0.000000 ^ clk (in)
                                                         clk (net)
                      0.010806    0.005403    0.005403 ^ clkbuf_0_clk/A (sky130_fd_sc_hd__clkbuf_16)
     2    0.022174    0.032553    0.080405    0.085808 ^ clkbuf_0_clk/X (sky130_fd_sc_hd__clkbuf_16)
                                                         clknet_0_clk (net)
                      0.032553    0.000193    0.086001 ^ clkbuf_1_0__f_clk/A (sky130_fd_sc_hd__clkbuf_16)
     8    0.025838    0.035110    0.088851    0.174852 ^ clkbuf_1_0__f_clk/X (sky130_fd_sc_hd__clkbuf_16)
                                                         clknet_1_0__leaf_clk (net)
                      0.035125    0.000656    0.175508 ^ _090_/CLK (sky130_fd_sc_hd__dfxtp_2)
     7    0.022975    0.046326    0.224369    0.399876 v _090_/Q (sky130_fd_sc_hd__dfxtp_2)
                                                         net2 (net)
                      0.046326    0.000216    0.400092 v hold1/A (sky130_fd_sc_hd__dlygate4sd3_1)
     2    0.009488    0.060642    0.396381    0.796473 v hold1/X (sky130_fd_sc_hd__dlygate4sd3_1)
                                                         net34 (net)
                      0.060642    0.000023    0.796496 v _047_/A (sky130_fd_sc_hd__nor2_1)
     1    0.002294    0.048628    0.070488    0.866984 ^ _047_/Y (sky130_fd_sc_hd__nor2_1)
                                                         _000_ (net)
                      0.048628    0.000023    0.867007 ^ _090_/D (sky130_fd_sc_hd__dfxtp_2)
                                              0.867007   data arrival time

                                  0.000000    0.000000   clock clk (rise edge)
                                  0.000000    0.000000   clock source latency
     2    0.044096    0.000000    0.000000    0.000000 ^ clk (in)
                                                         clk (net)
                      0.010806    0.005403    0.005403 ^ clkbuf_0_clk/A (sky130_fd_sc_hd__clkbuf_16)
     2    0.022174    0.032553    0.080405    0.085808 ^ clkbuf_0_clk/X (sky130_fd_sc_hd__clkbuf_16)
                                                         clknet_0_clk (net)
                      0.032553    0.000193    0.086001 ^ clkbuf_1_0__f_clk/A (sky130_fd_sc_hd__clkbuf_16)
     8    0.025838    0.035110    0.088851    0.174852 ^ clkbuf_1_0__f_clk/X (sky130_fd_sc_hd__clkbuf_16)
                                                         clknet_1_0__leaf_clk (net)
                      0.035125    0.000656    0.175508 ^ _090_/CLK (sky130_fd_sc_hd__dfxtp_2)
                                  0.250000    0.425508   clock uncertainty
                                  0.000000    0.425508   clock reconvergence pessimism
                                 -0.018448    0.407059   library hold time
                                              0.407059   data required time
---------------------------------------------------------------------------------------------
                                              0.407059   data required time
                                             -0.867007   data arrival time
---------------------------------------------------------------------------------------------
                                              0.459948   slack (MET)


Startpoint: _090_ (rising edge-triggered flip-flop clocked by clk)
Endpoint: _091_ (rising edge-triggered flip-flop clocked by clk)
Path Group: clk
Path Type: min

Fanout         Cap        Slew       Delay        Time   Description
---------------------------------------------------------------------------------------------
                                  0.000000    0.000000   clock clk (rise edge)
                                  0.000000    0.000000   clock source latency
     2    0.044096    0.000000    0.000000    0.000000 ^ clk (in)
                                                         clk (net)
                      0.010806    0.005403    0.005403 ^ clkbuf_0_clk/A (sky130_fd_sc_hd__clkbuf_16)
     2    0.022174    0.032553    0.080405    0.085808 ^ clkbuf_0_clk/X (sky130_fd_sc_hd__clkbuf_16)
                                                         clknet_0_clk (net)
                      0.032553    0.000193    0.086001 ^ clkbuf_1_0__f_clk/A (sky130_fd_sc_hd__clkbuf_16)
     8    0.025838    0.035110    0.088851    0.174852 ^ clkbuf_1_0__f_clk/X (sky130_fd_sc_hd__clkbuf_16)
                                                         clknet_1_0__leaf_clk (net)
                      0.035125    0.000656    0.175508 ^ _090_/CLK (sky130_fd_sc_hd__dfxtp_2)
     7    0.024066    0.095667    0.244486    0.419994 ^ _090_/Q (sky130_fd_sc_hd__dfxtp_2)
                                                         net2 (net)
                      0.095670    0.000612    0.420606 ^ _048_/A1 (sky130_fd_sc_hd__o21ai_1)
     1    0.003785    0.038205    0.051312    0.471918 v _048_/Y (sky130_fd_sc_hd__o21ai_1)
                                                         _018_ (net)
                      0.038205    0.000052    0.471970 v _049_/B1 (sky130_fd_sc_hd__a21oi_1)
     1    0.002511    0.044104    0.050134    0.522104 ^ _049_/Y (sky130_fd_sc_hd__a21oi_1)
                                                         _001_ (net)
                      0.044104    0.000016    0.522120 ^ hold5/A (sky130_fd_sc_hd__dlygate4sd3_1)
     1    0.002169    0.033690    0.369562    0.891682 ^ hold5/X (sky130_fd_sc_hd__dlygate4sd3_1)
                                                         net38 (net)
                      0.033690    0.000020    0.891702 ^ _091_/D (sky130_fd_sc_hd__dfxtp_1)
                                              0.891702   data arrival time

                                  0.000000    0.000000   clock clk (rise edge)
                                  0.000000    0.000000   clock source latency
     2    0.044096    0.000000    0.000000    0.000000 ^ clk (in)
                                                         clk (net)
                      0.010806    0.005403    0.005403 ^ clkbuf_0_clk/A (sky130_fd_sc_hd__clkbuf_16)
     2    0.022174    0.032553    0.080405    0.085808 ^ clkbuf_0_clk/X (sky130_fd_sc_hd__clkbuf_16)
                                                         clknet_0_clk (net)
                      0.032553    0.000193    0.086001 ^ clkbuf_1_0__f_clk/A (sky130_fd_sc_hd__clkbuf_16)
     8    0.025838    0.035110    0.088851    0.174852 ^ clkbuf_1_0__f_clk/X (sky130_fd_sc_hd__clkbuf_16)
                                                         clknet_1_0__leaf_clk (net)
                      0.035130    0.000733    0.175585 ^ _091_/CLK (sky130_fd_sc_hd__dfxtp_1)
                                  0.250000    0.425585   clock uncertainty
                                  0.000000    0.425585   clock reconvergence pessimism
                                 -0.017392    0.408193   library hold time
                                              0.408193   data required time
---------------------------------------------------------------------------------------------
                                              0.408193   data required time
                                             -0.891702   data arrival time
---------------------------------------------------------------------------------------------
                                              0.483508   slack (MET)



